Component: ARM Compiler 5.06 update 5 (build 528) Tool: armlink [4d35e2]

==============================================================================

Section Cross References

    startup_stm32f407xx.o(STACK) refers (Special) to heapauxi.o(.text) for __use_two_region_memory
    startup_stm32f407xx.o(HEAP) refers (Special) to heapauxi.o(.text) for __use_two_region_memory
    startup_stm32f407xx.o(RESET) refers (Special) to heapauxi.o(.text) for __use_two_region_memory
    startup_stm32f407xx.o(RESET) refers to startup_stm32f407xx.o(STACK) for __initial_sp
    startup_stm32f407xx.o(RESET) refers to startup_stm32f407xx.o(.text) for Reset_Handler
    startup_stm32f407xx.o(RESET) refers to stm32f4xx_it.o(i.NMI_Handler) for NMI_Handler
    startup_stm32f407xx.o(RESET) refers to stm32f4xx_it.o(i.HardFault_Handler) for HardFault_Handler
    startup_stm32f407xx.o(RESET) refers to stm32f4xx_it.o(i.MemManage_Handler) for MemManage_Handler
    startup_stm32f407xx.o(RESET) refers to stm32f4xx_it.o(i.BusFault_Handler) for BusFault_Handler
    startup_stm32f407xx.o(RESET) refers to stm32f4xx_it.o(i.UsageFault_Handler) for UsageFault_Handler
    startup_stm32f407xx.o(RESET) refers to port.o(.emb_text) for SVC_Handler
    startup_stm32f407xx.o(RESET) refers to stm32f4xx_it.o(i.DebugMon_Handler) for DebugMon_Handler
    startup_stm32f407xx.o(RESET) refers to port.o(i.SysTick_Handler) for SysTick_Handler
    startup_stm32f407xx.o(RESET) refers to stm32f4xx_it.o(i.DMA1_Stream1_IRQHandler) for DMA1_Stream1_IRQHandler
    startup_stm32f407xx.o(RESET) refers to stm32f4xx_it.o(i.CAN1_TX_IRQHandler) for CAN1_TX_IRQHandler
    startup_stm32f407xx.o(RESET) refers to stm32f4xx_it.o(i.CAN1_RX0_IRQHandler) for CAN1_RX0_IRQHandler
    startup_stm32f407xx.o(RESET) refers to stm32f4xx_it.o(i.CAN1_RX1_IRQHandler) for CAN1_RX1_IRQHandler
    startup_stm32f407xx.o(RESET) refers to stm32f4xx_it.o(i.USART1_IRQHandler) for USART1_IRQHandler
    startup_stm32f407xx.o(RESET) refers to remote_control.o(i.USART3_IRQHandler) for USART3_IRQHandler
    startup_stm32f407xx.o(RESET) refers to stm32f4xx_it.o(i.TIM5_IRQHandler) for TIM5_IRQHandler
    startup_stm32f407xx.o(RESET) refers to stm32f4xx_it.o(i.TIM6_DAC_IRQHandler) for TIM6_DAC_IRQHandler
    startup_stm32f407xx.o(RESET) refers to stm32f4xx_it.o(i.DMA2_Stream2_IRQHandler) for DMA2_Stream2_IRQHandler
    startup_stm32f407xx.o(RESET) refers to stm32f4xx_it.o(i.DMA2_Stream3_IRQHandler) for DMA2_Stream3_IRQHandler
    startup_stm32f407xx.o(RESET) refers to stm32f4xx_it.o(i.CAN2_TX_IRQHandler) for CAN2_TX_IRQHandler
    startup_stm32f407xx.o(RESET) refers to stm32f4xx_it.o(i.CAN2_RX0_IRQHandler) for CAN2_RX0_IRQHandler
    startup_stm32f407xx.o(RESET) refers to stm32f4xx_it.o(i.CAN2_RX1_IRQHandler) for CAN2_RX1_IRQHandler
    startup_stm32f407xx.o(RESET) refers to stm32f4xx_it.o(i.USART6_IRQHandler) for USART6_IRQHandler
    startup_stm32f407xx.o(.text) refers (Special) to heapauxi.o(.text) for __use_two_region_memory
    startup_stm32f407xx.o(.text) refers to system_stm32f4xx.o(i.SystemInit) for SystemInit
    startup_stm32f407xx.o(.text) refers to __main.o(!!!main) for __main
    startup_stm32f407xx.o(.text) refers to startup_stm32f407xx.o(HEAP) for Heap_Mem
    startup_stm32f407xx.o(.text) refers to startup_stm32f407xx.o(STACK) for Stack_Mem
    main.o(i.HAL_TIM_PeriodElapsedCallback) refers to stm32f4xx_hal.o(i.HAL_IncTick) for HAL_IncTick
    main.o(i.SystemClock_Config) refers to rt_memclr_w.o(.text) for __aeabi_memclr4
    main.o(i.SystemClock_Config) refers to stm32f4xx_hal_rcc.o(i.HAL_RCC_OscConfig) for HAL_RCC_OscConfig
    main.o(i.SystemClock_Config) refers to main.o(i.Error_Handler) for Error_Handler
    main.o(i.SystemClock_Config) refers to stm32f4xx_hal_rcc.o(i.HAL_RCC_ClockConfig) for HAL_RCC_ClockConfig
    main.o(i.main) refers to stm32f4xx_hal.o(i.HAL_Init) for HAL_Init
    main.o(i.main) refers to main.o(i.SystemClock_Config) for SystemClock_Config
    main.o(i.main) refers to gpio.o(i.MX_GPIO_Init) for MX_GPIO_Init
    main.o(i.main) refers to dma.o(i.MX_DMA_Init) for MX_DMA_Init
    main.o(i.main) refers to can.o(i.MX_CAN1_Init) for MX_CAN1_Init
    main.o(i.main) refers to spi.o(i.MX_SPI1_Init) for MX_SPI1_Init
    main.o(i.main) refers to tim.o(i.MX_TIM4_Init) for MX_TIM4_Init
    main.o(i.main) refers to usart.o(i.MX_USART3_UART_Init) for MX_USART3_UART_Init
    main.o(i.main) refers to can.o(i.MX_CAN2_Init) for MX_CAN2_Init
    main.o(i.main) refers to usart.o(i.MX_USART1_UART_Init) for MX_USART1_UART_Init
    main.o(i.main) refers to usart.o(i.MX_USART6_UART_Init) for MX_USART6_UART_Init
    main.o(i.main) refers to tim.o(i.MX_TIM5_Init) for MX_TIM5_Init
    main.o(i.main) refers to remote_control.o(i.remote_control_init) for remote_control_init
    main.o(i.main) refers to bsp_buzzer.o(i.Buzzer_Init) for Buzzer_Init
    main.o(i.main) refers to can_receive.o(i.canfilter_init_start) for canfilter_init_start
[...]
    HAL_InitTick                             0x08001ecd   Thumb Code   122  stm32f4xx_hal_timebase_tim.o(i.HAL_InitTick)
    HAL_MspInit                              0x08001f59   Thumb Code    78  stm32f4xx_hal_msp.o(i.HAL_MspInit)
    HAL_NVIC_EnableIRQ                       0x08001fad   Thumb Code    28  stm32f4xx_hal_cortex.o(i.HAL_NVIC_EnableIRQ)
    HAL_NVIC_SetPriority                     0x08001fc9   Thumb Code    98  stm32f4xx_hal_cortex.o(i.HAL_NVIC_SetPriority)
    HAL_NVIC_SetPriorityGrouping             0x08002031   Thumb Code    30  stm32f4xx_hal_cortex.o(i.HAL_NVIC_SetPriorityGrouping)
    HAL_RCC_ClockConfig                      0x08002055   Thumb Code   352  stm32f4xx_hal_rcc.o(i.HAL_RCC_ClockConfig)
    HAL_RCC_GetClockConfig                   0x080021c9   Thumb Code    52  stm32f4xx_hal_rcc.o(i.HAL_RCC_GetClockConfig)
    HAL_RCC_GetHCLKFreq                      0x08002205   Thumb Code     6  stm32f4xx_hal_rcc.o(i.HAL_RCC_GetHCLKFreq)
    HAL_RCC_GetPCLK1Freq                     0x08002211   Thumb Code    22  stm32f4xx_hal_rcc.o(i.HAL_RCC_GetPCLK1Freq)
    HAL_RCC_GetPCLK2Freq                     0x08002231   Thumb Code    22  stm32f4xx_hal_rcc.o(i.HAL_RCC_GetPCLK2Freq)
    HAL_RCC_GetSysClockFreq                  0x08002251   Thumb Code    94  stm32f4xx_hal_rcc.o(i.HAL_RCC_GetSysClockFreq)
    HAL_RCC_OscConfig                        0x080022c1   Thumb Code  1078  stm32f4xx_hal_rcc.o(i.HAL_RCC_OscConfig)
    HAL_SPI_Init                             0x080026f7   Thumb Code   130  stm32f4xx_hal_spi.o(i.HAL_SPI_Init)
    HAL_SPI_MspInit                          0x08002779   Thumb Code   304  spi.o(i.HAL_SPI_MspInit)
    HAL_SPI_TransmitReceive                  0x080028c5   Thumb Code   504  stm32f4xx_hal_spi.o(i.HAL_SPI_TransmitReceive)
    HAL_TIMEx_BreakCallback                  0x08002abd   Thumb Code     2  stm32f4xx_hal_tim_ex.o(i.HAL_TIMEx_BreakCallback)
    HAL_TIMEx_CommutCallback                 0x08002abf   Thumb Code     2  stm32f4xx_hal_tim_ex.o(i.HAL_TIMEx_CommutCallback)
    HAL_TIMEx_MasterConfigSynchronization    0x08002ac1   Thumb Code    78  stm32f4xx_hal_tim_ex.o(i.HAL_TIMEx_MasterConfigSynchronization)
    HAL_TIM_Base_Init                        0x08002b0f   Thumb Code    56  stm32f4xx_hal_tim.o(i.HAL_TIM_Base_Init)
    HAL_TIM_Base_MspInit                     0x08002b49   Thumb Code   102  tim.o(i.HAL_TIM_Base_MspInit)
    HAL_TIM_Base_Start                       0x08002bbd   Thumb Code    36  stm32f4xx_hal_tim.o(i.HAL_TIM_Base_Start)
    HAL_TIM_Base_Start_IT                    0x08002be1   Thumb Code    34  stm32f4xx_hal_tim.o(i.HAL_TIM_Base_Start_IT)
    HAL_TIM_ConfigClockSource                0x08002c03   Thumb Code   228  stm32f4xx_hal_tim.o(i.HAL_TIM_ConfigClockSource)
    HAL_TIM_IC_CaptureCallback               0x08002ce7   Thumb Code     2  stm32f4xx_hal_tim.o(i.HAL_TIM_IC_CaptureCallback)
    HAL_TIM_IRQHandler                       0x08002ce9   Thumb Code   372  stm32f4xx_hal_tim.o(i.HAL_TIM_IRQHandler)
    HAL_TIM_MspPostInit                      0x08002e5d   Thumb Code    86  tim.o(i.HAL_TIM_MspPostInit)
    HAL_TIM_OC_DelayElapsedCallback          0x08002ec1   Thumb Code     2  stm32f4xx_hal_tim.o(i.HAL_TIM_OC_DelayElapsedCallback)
    HAL_TIM_PWM_ConfigChannel                0x08002ec3   Thumb Code   220  stm32f4xx_hal_tim.o(i.HAL_TIM_PWM_ConfigChannel)
    HAL_TIM_PWM_Init                         0x08002f9f   Thumb Code    56  stm32f4xx_hal_tim.o(i.HAL_TIM_PWM_Init)
    HAL_TIM_PWM_MspInit                      0x08002fd7   Thumb Code     2  stm32f4xx_hal_tim.o(i.HAL_TIM_PWM_MspInit)
    HAL_TIM_PWM_PulseFinishedCallback        0x08002fd9   Thumb Code     2  stm32f4xx_hal_tim.o(i.HAL_TIM_PWM_PulseFinishedCallback)
    HAL_TIM_PWM_Start                        0x08002fdb   Thumb Code    66  stm32f4xx_hal_tim.o(i.HAL_TIM_PWM_Start)
    HAL_TIM_PeriodElapsedCallback            0x0800301d   Thumb Code    18  main.o(i.HAL_TIM_PeriodElapsedCallback)
    HAL_TIM_TriggerCallback                  0x08003035   Thumb Code     2  stm32f4xx_hal_tim.o(i.HAL_TIM_TriggerCallback)
    HAL_UART_ErrorCallback                   0x08003037   Thumb Code     2  stm32f4xx_hal_uart.o(i.HAL_UART_ErrorCallback)
    HAL_UART_IRQHandler                      0x08003039   Thumb Code   306  stm32f4xx_hal_uart.o(i.HAL_UART_IRQHandler)
    HAL_UART_Init                            0x08003171   Thumb Code   100  stm32f4xx_hal_uart.o(i.HAL_UART_Init)
    HAL_UART_MspInit                         0x080031d5   Thumb Code   508  usart.o(i.HAL_UART_MspInit)
    HAL_UART_RxCpltCallback                  0x080033f9   Thumb Code     2  stm32f4xx_hal_uart.o(i.HAL_UART_RxCpltCallback)
    HAL_UART_Transmit                        0x080033fb   Thumb Code   220  stm32f4xx_hal_uart.o(i.HAL_UART_Transmit)
    HAL_UART_TxCpltCallback                  0x080034d7   Thumb Code     2  stm32f4xx_hal_uart.o(i.HAL_UART_TxCpltCallback)
    HardFault_Handler                        0x080034d9   Thumb Code     4  stm32f4xx_it.o(i.HardFault_Handler)
    INS_task                                 0x080034dd   Thumb Code   226  ins_task.o(i.INS_task)
    MX_CAN1_Init                             0x080035e1   Thumb Code    54  can.o(i.MX_CAN1_Init)
    MX_CAN2_Init                             0x08003621   Thumb Code    54  can.o(i.MX_CAN2_Init)
    MX_DMA_Init                              0x08003661   Thumb Code   114  dma.o(i.MX_DMA_Init)
    MX_FREERTOS_Init                         0x080036d9   Thumb Code   150  freertos.o(i.MX_FREERTOS_Init)
    MX_GPIO_Init                             0x08003791   Thumb Code   264  gpio.o(i.MX_GPIO_Init)
    MX_SPI1_Init                             0x080038a5   Thumb Code    62  spi.o(i.MX_SPI1_Init)
    MX_TIM4_Init                             0x080038ed   Thumb Code   154  tim.o(i.MX_TIM4_Init)
    MX_TIM5_Init                             0x08003991   Thumb Code   104  tim.o(i.MX_TIM5_Init)
    MX_USART1_UART_Init                      0x08003a01   Thumb Code    46  usart.o(i.MX_USART1_UART_Init)
    MX_USART3_UART_Init                      0x08003a39   Thumb Code    44  usart.o(i.MX_USART3_UART_Init)
    MX_USART6_UART_Init                      0x08003a71   Thumb Code    46  usart.o(i.MX_USART6_UART_Init)
    MahonyAHRSupdateIMU                      0x08003aa9   Thumb Code   730  mahonyahrs.o(i.MahonyAHRSupdateIMU)
    MemManage_Handler                        0x08003da5   Thumb Code     4  stm32f4xx_it.o(i.MemManage_Handler)
    NMI_Handler                              0x08003da9   Thumb Code     4  stm32f4xx_it.o(i.NMI_Handler)
    PID_Calc_Ecd                             0x08003dad   Thumb Code   716  pid.o(i.PID_Calc_Ecd)
    PID_calc                                 0x0800407d   Thumb Code  1176  pid.o(i.PID_calc)
    PID_init                                 0x08004515   Thumb Code    94  pid.o(i.PID_init)
    RC_data_is_error                         0x08004659   Thumb Code   146  remote_control.o(i.RC_data_is_error)
    RC_init                                  0x080046f1   Thumb Code   142  bsp_rc.o(i.RC_init)
    RC_restart                               0x0800478d   Thumb Code    72  bsp_rc.o(i.RC_restart)
    SysTick_Handler                          0x08004b2d   Thumb Code    38  port.o(i.SysTick_Handler)
    SystemClock_Config                       0x08004b59   Thumb Code   170  main.o(i.SystemClock_Config)
    SystemInit                               0x08004c0d   Thumb Code    82  system_stm32f4xx.o(i.SystemInit)
    TIM5_IRQHandler                          0x08004c71   Thumb Code    10  stm32f4xx_it.o(i.TIM5_IRQHandler)
    TIM6_DAC_IRQHandler                      0x08004c81   Thumb Code    10  stm32f4xx_it.o(i.TIM6_DAC_IRQHandler)
    TIM_Base_SetConfig                       0x08004c91   Thumb Code   182  stm32f4xx_hal_tim.o(i.TIM_Base_SetConfig)
    TIM_CCxChannelCmd                        0x08004d5d   Thumb Code    30  stm32f4xx_hal_tim.o(i.TIM_CCxChannelCmd)
    TIM_ETR_SetConfig                        0x08004d7b   Thumb Code    22  stm32f4xx_hal_tim.o(i.TIM_ETR_SetConfig)
    TIM_OC2_SetConfig                        0x08004e11   Thumb Code   112  stm32f4xx_hal_tim.o(i.TIM_OC2_SetConfig)
    USART1_IRQHandler                        0x080054a5   Thumb Code    10  stm32f4xx_it.o(i.USART1_IRQHandler)
    USART3_IRQHandler                        0x080054b5   Thumb Code   276  remote_control.o(i.USART3_IRQHandler)
    USART6_IRQHandler                        0x080055e5   Thumb Code    10  stm32f4xx_it.o(i.USART6_IRQHandler)
    UsageFault_Handler                       0x080055f5   Thumb Code     4  stm32f4xx_it.o(i.UsageFault_Handler)
    VofaInit                                 0x080055f9   Thumb Code    12  vofa_task.o(i.VofaInit)
    Vofa_Send                                0x08005609   Thumb Code    72  vofa_task.o(i.Vofa_Send)
    __ARM_fpclassify                         0x08005659   Thumb Code    48  fpclassify.o(i.__ARM_fpclassify)
    __ARM_fpclassifyf                        0x08005689   Thumb Code    38  fpclassifyf.o(i.__ARM_fpclassifyf)
    __hardfp_asinf                           0x080056b1   Thumb Code   258  asinf.o(i.__hardfp_asinf)
    __hardfp_atan                            0x080057e1   Thumb Code   622  atan.o(i.__hardfp_atan)
    __hardfp_atan2                           0x08005ab9   Thumb Code   432  atan2.o(i.__hardfp_atan2)
    __hardfp_atan2f                          0x08005ca9   Thumb Code   502  atan2f.o(i.__hardfp_atan2f)
    __hardfp_cos                             0x08005ef9   Thumb Code   180  cos.o(i.__hardfp_cos)
    __hardfp_fabs                            0x08005fc1   Thumb Code    20  fabs.o(i.__hardfp_fabs)
    __hardfp_pow                             0x08005fd9   Thumb Code  3072  pow.o(i.__hardfp_pow)
    __hardfp_sin                             0x08006c29   Thumb Code   180  sin.o(i.__hardfp_sin)
    __hardfp_sqrt                            0x08006cf1   Thumb Code   122  sqrt_full.o(i.__hardfp_sqrt)
    __ieee754_rem_pio2                       0x08006d71   Thumb Code   938  rred.o(i.__ieee754_rem_pio2)
    __kernel_cos                             0x080071a9   Thumb Code   322  cos_i.o(i.__kernel_cos)
    __kernel_poly                            0x08007319   Thumb Code   248  poly.o(i.__kernel_poly)
    __kernel_sin                             0x08007411   Thumb Code   280  sin_i.o(i.__kernel_sin)
    __mathlib_dbl_divzero                    0x08007541   Thumb Code    28  dunder.o(i.__mathlib_dbl_divzero)
    __mathlib_dbl_infnan                     0x08007571   Thumb Code    20  dunder.o(i.__mathlib_dbl_infnan)
    __mathlib_dbl_infnan2                    0x08007585   Thumb Code    20  dunder.o(i.__mathlib_dbl_infnan2)
    __mathlib_dbl_invalid                    0x08007599   Thumb Code    24  dunder.o(i.__mathlib_dbl_invalid)
    __mathlib_dbl_overflow                   0x080075b9   Thumb Code    24  dunder.o(i.__mathlib_dbl_overflow)
    __mathlib_dbl_underflow                  0x080075d9   Thumb Code    24  dunder.o(i.__mathlib_dbl_underflow)
    __mathlib_flt_infnan                     0x080075f9   Thumb Code     6  funder.o(i.__mathlib_flt_infnan)
    __mathlib_flt_infnan2                    0x080075ff   Thumb Code     6  funder.o(i.__mathlib_flt_infnan2)
    __mathlib_flt_invalid                    0x08007605   Thumb Code    10  funder.o(i.__mathlib_flt_invalid)
    __mathlib_flt_underflow                  0x08007615   Thumb Code    10  funder.o(i.__mathlib_flt_underflow)
    angle_judge                              0x08007625   Thumb Code    96  chassis_task.o(i.angle_judge)
    atan                                     0x0800768d   Thumb Code    16  atan.o(i.atan)
    bmi088_accel_init                        0x0800769d   Thumb Code   290  bmi088driver.o(i.bmi088_accel_init)
    bmi088_gyro_init                         0x080077c5   Thumb Code   238  bmi088driver.o(i.bmi088_gyro_init)
    buzzer_off                               0x080078b9   Thumb Code    10  bsp_buzzer.o(i.buzzer_off)
    buzzer_on                                0x080078c9   Thumb Code    14  bsp_buzzer.o(i.buzzer_on)
    canfilter_init_start                     0x080078dd   Thumb Code    84  can_receive.o(i.canfilter_init_start)
    chassis_behaviour_control_set            0x08007981   Thumb Code   134  chassis_behaviour.o(i.chassis_behaviour_control_set)
    chassis_behaviour_mode_set               0x08007a0d   Thumb Code    20  chassis_behaviour.o(i.chassis_behaviour_mode_set)
    chassis_rc_to_control_vector             0x08007d31   Thumb Code   482  chassis_task.o(i.chassis_rc_to_control_vector)
    chassis_task                             0x08008651   Thumb Code   270  chassis_task.o(i.chassis_task)
    detect_hook                              0x08008791   Thumb Code   288  detect_task.o(i.detect_hook)
    detect_task                              0x08008a39   Thumb Code   618  detect_task.o(i.detect_task)
    fabs                                     0x08008cdd   Thumb Code    24  fabs.o(i.fabs)
    first_order_filter_cali                  0x08008cf5   Thumb Code    84  user_lib.o(i.first_order_filter_cali)
    first_order_filter_init                  0x08008d49   Thumb Code    32  user_lib.o(i.first_order_filter_init)
    get_INS_data_point                       0x08008d6d   Thumb Code     4  ins_task.o(i.get_INS_data_point)
    get_angle                                0x08008d75   Thumb Code   220  ins_task.o(i.get_angle)
    get_chassis_PID_Debug                    0x08008e51   Thumb Code     4  chassis_task.o(i.get_chassis_PID_Debug)
    get_chassis_course_motor_measure_point   0x08008e59   Thumb Code    18  can_receive.o(i.get_chassis_course_motor_measure_point)
    get_chassis_drive_motor_measure_point    0x08008e71   Thumb Code    18  can_receive.o(i.get_chassis_drive_motor_measure_point)
    get_remote_control_point                 0x08008e89   Thumb Code     4  remote_control.o(i.get_remote_control_point)
    imu_offset_accquier                      0x08008e91   Thumb Code   170  ins_task.o(i.imu_offset_accquier)
    imu_offset_remove                        0x08008f45   Thumb Code    50  ins_task.o(i.imu_offset_remove)
    invSqrt                                  0x08008f79   Thumb Code    56  mahonyahrs.o(i.invSqrt)
    main                                     0x08008fb5   Thumb Code    72  main.o(i.main)
    osDelay                                  0x08009009   Thumb Code    16  cmsis_os.o(i.osDelay)
    osKernelStart                            0x08009019   Thumb Code    10  cmsis_os.o(i.osKernelStart)
    osThreadCreate                           0x08009023   Thumb Code    92  cmsis_os.o(i.osThreadCreate)
    pvPortMalloc                             0x08009865   Thumb Code   218  heap_4.o(i.pvPortMalloc)
    pxPortInitialiseStack                    0x08009949   Thumb Code    38  port.o(i.pxPortInitialiseStack)
    remote_control_init                      0x08009975   Thumb Code    16  remote_control.o(i.remote_control_init)
    slove_RC_lost                            0x08009a63   Thumb Code    10  remote_control.o(i.slove_RC_lost)
    slove_data_error                         0x08009a6d   Thumb Code    10  remote_control.o(i.slove_data_error)
    sqrt                                     0x08009a77   Thumb Code   110  sqrt_full.o(i.sqrt)
    sqrtf                                    0x08009ae5   Thumb Code    62  sqrtf_full.o(i.sqrtf)
    test_task                                0x08009b25   Thumb Code    54  test_task.o(i.test_task)
    toe_is_error                             0x08009b69   Thumb Code    20  detect_task.o(i.toe_is_error)
    uxListRemove                             0x08009b81   Thumb Code    38  list.o(i.uxListRemove)
    vApplicationGetIdleTaskMemory            0x08009ba9   Thumb Code    14  freertos.o(i.vApplicationGetIdleTaskMemory)
    vApplicationGetTimerTaskMemory           0x08009bc1   Thumb Code    16  freertos.o(i.vApplicationGetTimerTaskMemory)
    vListInitialise                          0x08009bd9   Thumb Code    22  list.o(i.vListInitialise)
    vListInitialiseItem                      0x08009bef   Thumb Code     6  list.o(i.vListInitialiseItem)
    vListInsert                              0x08009bf5   Thumb Code    54  list.o(i.vListInsert)
    vListInsertEnd                           0x08009c2b   Thumb Code    24  list.o(i.vListInsertEnd)
    vPortEnterCritical                       0x08009c45   Thumb Code    54  port.o(i.vPortEnterCritical)
    vPortExitCritical                        0x08009c85   Thumb Code    38  port.o(i.vPortExitCritical)
    vPortFree                                0x08009cb1   Thumb Code    88  heap_4.o(i.vPortFree)
    vPortSetupTimerInterrupt                 0x08009d0d   Thumb Code    32  port.o(i.vPortSetupTimerInterrupt)
    vPortValidateInterruptPriority           0x08009d31   Thumb Code    74  port.o(i.vPortValidateInterruptPriority)
    vQueueAddToRegistry                      0x08009d85   Thumb Code    34  queue.o(i.vQueueAddToRegistry)
    vQueueWaitForMessageRestricted           0x08009dad   Thumb Code    74  queue.o(i.vQueueWaitForMessageRestricted)
    vTaskDelay                               0x08009df9   Thumb Code    70  tasks.o(i.vTaskDelay)
    vTaskDelete                              0x08009e49   Thumb Code   160  tasks.o(i.vTaskDelete)
    vTaskInternalSetTimeOutState             0x08009ef9   Thumb Code    12  tasks.o(i.vTaskInternalSetTimeOutState)
    vTaskMissedYield                         0x08009f09   Thumb Code     8  tasks.o(i.vTaskMissedYield)
    vTaskPlaceOnEventList                    0x08009f15   Thumb Code    48  tasks.o(i.vTaskPlaceOnEventList)
    vTaskPlaceOnEventListRestricted          0x08009f49   Thumb Code    54  tasks.o(i.vTaskPlaceOnEventListRestricted)
    vTaskStartScheduler                      0x08009f85   Thumb Code   128  tasks.o(i.vTaskStartScheduler)
    vTaskSuspendAll                          0x0800a015   Thumb Code    10  tasks.o(i.vTaskSuspendAll)
    vTaskSwitchContext                       0x0800a025   Thumb Code    86  tasks.o(i.vTaskSwitchContext)
    vofa_justfloat                           0x0800a085   Thumb Code    84  vofa_task.o(i.vofa_justfloat)
    vofa_task                                0x0800a0d9   Thumb Code    96  vofa_task.o(i.vofa_task)
    xEventGroupCreate                        0x0800a13d   Thumb Code    28  event_groups.o(i.xEventGroupCreate)
    xPortStartScheduler                      0x0800a159   Thumb Code   232  port.o(i.xPortStartScheduler)
    xQueueGenericCreateStatic                0x0800a25d   Thumb Code   112  queue.o(i.xQueueGenericCreateStatic)
    xQueueGenericReset                       0x0800a2cd   Thumb Code   138  queue.o(i.xQueueGenericReset)
    xQueueGenericSend                        0x0800a35d   Thumb Code   362  queue.o(i.xQueueGenericSend)
    xQueueGenericSendFromISR                 0x0800a4cd   Thumb Code   188  queue.o(i.xQueueGenericSendFromISR)
    xQueueReceive                            0x0800a589   Thumb Code   322  queue.o(i.xQueueReceive)
    xTaskCheckForTimeOut                     0x0800a6d1   Thumb Code   122  tasks.o(i.xTaskCheckForTimeOut)
    xTaskCreate                              0x0800a751   Thumb Code   108  tasks.o(i.xTaskCreate)
    xTaskCreateStatic                        0x0800a7bd   Thumb Code    96  tasks.o(i.xTaskCreateStatic)
    xTaskGetSchedulerState                   0x0800a81d   Thumb Code    24  tasks.o(i.xTaskGetSchedulerState)
    xTaskGetTickCount                        0x0800a839   Thumb Code     6  tasks.o(i.xTaskGetTickCount)
    xTaskIncrementTick                       0x0800a845   Thumb Code   200  tasks.o(i.xTaskIncrementTick)
    xTaskPriorityDisinherit                  0x0800a915   Thumb Code   146  tasks.o(i.xTaskPriorityDisinherit)
    xTaskRemoveFromEventList                 0x0800a9b1   Thumb Code   108  tasks.o(i.xTaskRemoveFromEventList)
    xTaskResumeAll                           0x0800aa29   Thumb Code   190  tasks.o(i.xTaskResumeAll)
    xTimerCreateTimerTask                    0x0800aaf5   Thumb Code    86  timers.o(i.xTimerCreateTimerTask)
    xTimerGenericCommand                     0x0800ab5d   Thumb Code   112  timers.o(i.xTimerGenericCommand)
    __aeabi_dneg                             0x0800abd1   Thumb Code     0  basic.o(x$fpl$basic)
    _dneg                                    0x0800abd1   Thumb Code     6  basic.o(x$fpl$basic)
    __aeabi_fneg                             0x0800abd7   Thumb Code     0  basic.o(x$fpl$basic)
    _fneg                                    0x0800abd7   Thumb Code     6  basic.o(x$fpl$basic)
    _dabs                                    0x0800abdd   Thumb Code     6  basic.o(x$fpl$basic)
    _fabs                                    0x0800abe3   Thumb Code     6  basic.o(x$fpl$basic)
    __aeabi_d2f                              0x0800abe9   Thumb Code     0  d2f_clz.o(x$fpl$d2f)
    _d2f                                     0x0800abe9   Thumb Code   700  d2f_clz.o(x$fpl$d2f)
    __aeabi_dadd                             0x0800aead   Thumb Code     0  daddsub_clz.o(x$fpl$dadd)
    _dadd                                    0x0800aead   Thumb Code   580  daddsub_clz.o(x$fpl$dadd)
    __fpl_dcheck_NaN1                        0x0800b0f9   Thumb Code    28  dcheck1.o(x$fpl$dcheck1)
    __fpl_dcmp_Inf                           0x0800b115   Thumb Code    24  dcmpi.o(x$fpl$dcmpinf)
    __aeabi_ddiv                             0x0800b12d   Thumb Code     0  ddiv_clz.o(x$fpl$ddiv)
    _ddiv                                    0x0800b12d   Thumb Code   748  ddiv_clz.o(x$fpl$ddiv)
    __aeabi_d2iz                             0x0800b4a9   Thumb Code     0  dfix.o(x$fpl$dfix)
    _dfix                                    0x0800b4a9   Thumb Code   192  dfix.o(x$fpl$dfix)
    __aeabi_i2d                              0x0800b571   Thumb Code     0  dflt_clz.o(x$fpl$dflt)
    _dflt                                    0x0800b571   Thumb Code    46  dflt_clz.o(x$fpl$dflt)
    __dflt_normalise                         0x0800b59f   Thumb Code    26  dflt_clz.o(x$fpl$dfltn)
    __aeabi_ui2d                             0x0800b5b9   Thumb Code     0  dflt_clz.o(x$fpl$dfltu)
    _dfltu                                   0x0800b5b9   Thumb Code    38  dflt_clz.o(x$fpl$dfltu)
    __aeabi_cdcmple                          0x0800b5e1   Thumb Code     0  dleqf.o(x$fpl$dleqf)
    _dcmple                                  0x0800b5e1   Thumb Code   120  dleqf.o(x$fpl$dleqf)
    __fpl_dcmple_InfNaN                      0x0800b639   Thumb Code     0  dleqf.o(x$fpl$dleqf)
    __aeabi_dmul                             0x0800b659   Thumb Code     0  dmul_clz.o(x$fpl$dmul)
    _dmul                                    0x0800b659   Thumb Code   440  dmul_clz.o(x$fpl$dmul)
    __fpl_dnaninf                            0x0800b819   Thumb Code   258  dnaninf.o(x$fpl$dnaninf)
    __fpl_drenorm2                           0x0800b91b   Thumb Code   106  drenorm_clz.o(x$fpl$drenorm)
    __fpl_drenorm1                           0x0800b985   Thumb Code     6  drenorm_clz.o(x$fpl$drenorm)
    __fpl_dretinf                            0x0800b98b   Thumb Code    12  dretinf.o(x$fpl$dretinf)
    __aeabi_cdrcmple                         0x0800b997   Thumb Code     0  drleqf.o(x$fpl$drleqf)
    _drcmple                                 0x0800b997   Thumb Code    98  drleqf.o(x$fpl$drleqf)
    __aeabi_drsub                            0x0800b9f9   Thumb Code     0  daddsub_clz.o(x$fpl$drsb)
    _drsb                                    0x0800b9f9   Thumb Code    74  daddsub_clz.o(x$fpl$drsb)
    _dsqrt                                   0x0800ba49   Thumb Code   520  dsqrt_umaalclz.o(x$fpl$dsqrt)
    __aeabi_dsub                             0x0800bc51   Thumb Code     0  daddsub_clz.o(x$fpl$dsub)
    _dsub                                    0x0800bc51   Thumb Code   664  daddsub_clz.o(x$fpl$dsub)
    __dunder                                 0x0800beed   Thumb Code   314  dunder_clz.o(x$fpl$dunder)
    __dunder_d                               0x0800c027   Thumb Code    64  dunder_clz.o(x$fpl$dunder)
    __fpl_exception                          0x0800c069   Thumb Code   454  except.o(x$fpl$exception)
    __aeabi_f2d                              0x0800c255   Thumb Code     0  f2d.o(x$fpl$f2d)
    _f2d                                     0x0800c255   Thumb Code   122  f2d.o(x$fpl$f2d)
    __fpl_fnaninf                            0x0800c2cf   Thumb Code   242  fnaninf.o(x$fpl$fnaninf)
    _fp_init                                 0x0800c3c1   Thumb Code    10  fpinit.o(x$fpl$fpinit)
    __fplib_config_fpu_vfp                   0x0800c3c9   Thumb Code     0  fpinit.o(x$fpl$fpinit)
    __fplib_config_pureend_doubles           0x0800c3c9   Thumb Code     0  fpinit.o(x$fpl$fpinit)
    __fpl_fretinf                            0x0800c3cb   Thumb Code    10  fretinf.o(x$fpl$fretinf)
    __funder                                 0x0800c3d5   Thumb Code   254  funder_clz.o(x$fpl$funder)
    __funder_d                               0x0800c4d3   Thumb Code    62  funder_clz.o(x$fpl$funder)
    __fpl_return_NaN                         0x0800c511   Thumb Code   178  retnan.o(x$fpl$retnan)
    __ARM_scalbn                             0x0800c5c5   Thumb Code   270  scalbn_clz.o(x$fpl$scalbn)
    _fp_trapveneer                           0x0800c6d9   Thumb Code    36  trapv.o(x$fpl$trapveneer)
    __fpl_cmpreturn                          0x0800c6fd   Thumb Code    90  trapv.o(x$fpl$trapveneer)
    __I$use$fp                               0x0800c756   Number         0  usenofp.o(x$fpl$usenofp)
    AHBPrescTable                            0x0800c7e4   Data          16  system_stm32f4xx.o(.constdata)
    APBPrescTable                            0x0800c7f4   Data           8  system_stm32f4xx.o(.constdata)
    __mathlib_zero                           0x0800c978   Data           8  qnan.o(.constdata)
    Region$$Table$$Base                      0x0800cab0   Number         0  anon$$obj.o(Region$$Table)
    Region$$Table$$Limit                     0x0800cad0   Number         0  anon$$obj.o(Region$$Table)
    my_shootEventGroupHandle                 0x20000000   Data           4  freertos.o(.data)
    TEST_TASKHandle                          0x20000004   Data           4  freertos.o(.data)
    CHASSIS_TASKHandle                       0x20000008   Data           4  freertos.o(.data)
    INS_TASKHandle                           0x2000000c   Data           4  freertos.o(.data)
    DETECT_TASKHandle                        0x20000010   Data           4  freertos.o(.data)
    VOFA_TASKHandle                          0x20000014   Data           4  freertos.o(.data)
    SystemCoreClock                          0x2000001c   Data           4  system_stm32f4xx.o(.data)
    Bee_flag                                 0x20000028   Data           1  test_task.o(.data)
    psc                                      0x2000002a   Data           2  test_task.o(.data)
    pwm                                      0x2000002c   Data           2  test_task.o(.data)
    rx_data1                                 0x2000002e   Data           7  can_receive.o(.data)
    rx_data2                                 0x20000035   Data           7  can_receive.o(.data)
    shoot_debug                              0x2000004c   Data           4  vofa_task.o(.data)
    chassis_debug                            0x20000050   Data           4  vofa_task.o(.data)
    chassis_behaviour_mode                   0x20000054   Data           1  chassis_behaviour.o(.data)
    yaw_diff                                 0x20000068   Data           4  chassis_task.o(.data)
    BMI088_ACCEL_SEN                         0x2000014c   Data           4  bmi088driver.o(.data)
    BMI088_GYRO_SEN                          0x20000150   Data           4  bmi088driver.o(.data)
    twoKp                                    0x20000178   Data           4  mahonyahrs.o(.data)
    twoKi                                    0x2000017c   Data           4  mahonyahrs.o(.data)
    integralFBx                              0x20000180   Data           4  mahonyahrs.o(.data)
    integralFBy                              0x20000184   Data           4  mahonyahrs.o(.data)
    integralFBz                              0x20000188   Data           4  mahonyahrs.o(.data)
    uwTickFreq                               0x2000018c   Data           1  stm32f4xx_hal.o(.data)
    uwTickPrio                               0x20000190   Data           4  stm32f4xx_hal.o(.data)
    uwTick                                   0x20000194   Data           4  stm32f4xx_hal.o(.data)
    pxCurrentTCB                             0x20000198   Data           4  tasks.o(.data)
    hcan1                                    0x200008b4   Data          40  can.o(.bss)
    hcan2                                    0x200008dc   Data          40  can.o(.bss)
    hspi1                                    0x20000904   Data          88  spi.o(.bss)
    hdma_spi1_rx                             0x2000095c   Data          96  spi.o(.bss)
    hdma_spi1_tx                             0x200009bc   Data          96  spi.o(.bss)
    htim4                                    0x20000a1c   Data          64  tim.o(.bss)
    htim5                                    0x20000a5c   Data          64  tim.o(.bss)
    huart1                                   0x20000a9c   Data          64  usart.o(.bss)
    huart3                                   0x20000adc   Data          64  usart.o(.bss)
    huart6                                   0x20000b1c   Data          64  usart.o(.bss)
    hdma_usart3_rx                           0x20000b5c   Data          96  usart.o(.bss)
    htim6                                    0x20000bbc   Data          64  stm32f4xx_hal_timebase_tim.o(.bss)
    error_list                               0x20000bfc   Data         180  detect_task.o(.bss)
    bmi088_real_data                         0x20000cb0   Data          48  ins_task.o(.bss)
    INS_quat                                 0x20000d40   Data          16  ins_task.o(.bss)
    INS_angle                                0x20000d50   Data          12  ins_task.o(.bss)
    gyro_offset                              0x20000d5c   Data          12  ins_task.o(.bss)
    rc_ctrl                                  0x20000d68   Data          22  remote_control.o(.bss)
    drive_motor                              0x20000dc6   Data          40  can_receive.o(.bss)
    course_motor                             0x20000dee   Data          40  can_receive.o(.bss)
    Vofa_Data                                0x20000e18   Data          24  vofa_task.o(.bss)
    chassis_move                             0x20000e30   Data        1488  chassis_task.o(.bss)
    xQueueRegistry                           0x20001430   Data          64  queue.o(.bss)
    __libspace_start                         0x20005270   Data          96  libspace.o(.bss)
    __temporary_stack_top$libspace           0x200052d0   Data           0  libspace.o(.bss)



==============================================================================

Memory Map of the image

  Image Entry point : 0x08000189

  Load Region LR_IROM1 (Base: 0x08000000, Size: 0x0000ccdc, Max: 0x00100000, ABSOLUTE, COMPRESSED[0x0000cb64])

    Execution Region ER_IROM1 (Exec base: 0x08000000, Load base: 0x08000000, Size: 0x0000cad0, Max: 0x00100000, ABSOLUTE)

    Exec Addr    Load Addr    Size         Type   Attr      Idx    E Section Name        Object

    0x08000000   0x08000000   0x00000188   Data   RO            3    RESET               startup_stm32f407xx.o
    0x08000188   0x08000188   0x00000008   Code   RO         6768  * !!!main             c_w.l(__main.o)
    0x08000190   0x08000190   0x00000034   Code   RO         7203    !!!scatter          c_w.l(__scatter.o)
    0x080001c4   0x080001c4   0x0000005a   Code   RO         7201    !!dczerorl2         c_w.l(__dczerorl2.o)
    0x0800021e   0x0800021e   0x00000002   PAD
    0x08000220   0x08000220   0x0000001c   Code   RO         7205    !!handler_zi        c_w.l(__scatter_zi.o)
    0x0800023c   0x0800023c   0x00000002   Code   RO         7074    .ARM.Collect$$libinit$$00000000  c_w.l(libinit.o)
    0x0800023e   0x0800023e   0x00000004   Code   RO         7083    .ARM.Collect$$libinit$$00000001  c_w.l(libinit2.o)
    0x08000242   0x08000242   0x00000000   Code   RO         7086    .ARM.Collect$$libinit$$00000004  c_w.l(libinit2.o)
    0x08000242   0x08000242   0x00000000   Code   RO         7089    .ARM.Collect$$libinit$$0000000A  c_w.l(libinit2.o)
    0x08000242   0x08000242   0x00000000   Code   RO         7091    .ARM.Collect$$libinit$$0000000C  c_w.l(libinit2.o)
    0x08000242   0x08000242   0x00000000   Code   RO         7093    .ARM.Collect$$libinit$$0000000E  c_w.l(libinit2.o)
    0x08000242   0x08000242   0x00000000   Code   RO         7096    .ARM.Collect$$libinit$$00000011  c_w.l(libinit2.o)
    0x08000242   0x08000242   0x00000000   Code   RO         7098    .ARM.Collect$$libinit$$00000013  c_w.l(libinit2.o)
    0x08000242   0x08000242   0x00000000   Code   RO         7100    .ARM.Collect$$libinit$$00000015  c_w.l(libinit2.o)
    0x08000242   0x08000242   0x00000000   Code   RO         7102    .ARM.Collect$$libinit$$00000017  c_w.l(libinit2.o)
    0x08000242   0x08000242   0x00000000   Code   RO         7104    .ARM.Collect$$libinit$$00000019  c_w.l(libinit2.o)
    0x08000242   0x08000242   0x00000000   Code   RO         7106    .ARM.Collect$$libinit$$0000001B  c_w.l(libinit2.o)
    0x08000242   0x08000242   0x00000000   Code   RO         7108    .ARM.Collect$$libinit$$0000001D  c_w.l(libinit2.o)
    0x08000242   0x08000242   0x00000000   Code   RO         7110    .ARM.Collect$$libinit$$0000001F  c_w.l(libinit2.o)
    0x08000242   0x08000242   0x00000000   Code   RO         7112    .ARM.Collect$$libinit$$00000021  c_w.l(libinit2.o)
    0x08000242   0x08000242   0x00000000   Code   RO         7114    .ARM.Collect$$libinit$$00000023  c_w.l(libinit2.o)
    0x08000242   0x08000242   0x00000000   Code   RO         7116    .ARM.Collect$$libinit$$00000025  c_w.l(libinit2.o)
    0x08000242   0x08000242   0x00000000   Code   RO         7120    .ARM.Collect$$libinit$$0000002C  c_w.l(libinit2.o)
    0x08000242   0x08000242   0x00000000   Code   RO         7122    .ARM.Collect$$libinit$$0000002E  c_w.l(libinit2.o)
    0x08000242   0x08000242   0x00000000   Code   RO         7124    .ARM.Collect$$libinit$$00000030  c_w.l(libinit2.o)
    0x08000242   0x08000242   0x00000000   Code   RO         7126    .ARM.Collect$$libinit$$00000032  c_w.l(libinit2.o)
    0x08000242   0x08000242   0x00000002   Code   RO         7127    .ARM.Collect$$libinit$$00000033  c_w.l(libinit2.o)
    0x08000244   0x08000244   0x00000002   Code   RO         7158    .ARM.Collect$$libshutdown$$00000000  c_w.l(libshutdown.o)
    0x08000246   0x08000246   0x00000000   Code   RO         7184    .ARM.Collect$$libshutdown$$00000002  c_w.l(libshutdown2.o)
    0x08000246   0x08000246   0x00000000   Code   RO         7186    .ARM.Collect$$libshutdown$$00000004  c_w.l(libshutdown2.o)
    0x08000246   0x08000246   0x00000000   Code   RO         7189    .ARM.Collect$$libshutdown$$00000007  c_w.l(libshutdown2.o)
    0x08000246   0x08000246   0x00000000   Code   RO         7192    .ARM.Collect$$libshutdown$$0000000A  c_w.l(libshutdown2.o)
    0x08000246   0x08000246   0x00000000   Code   RO         7194    .ARM.Collect$$libshutdown$$0000000C  c_w.l(libshutdown2.o)
    0x08000246   0x08000246   0x00000000   Code   RO         7197    .ARM.Collect$$libshutdown$$0000000F  c_w.l(libshutdown2.o)
    0x08000246   0x08000246   0x00000002   Code   RO         7198    .ARM.Collect$$libshutdown$$00000010  c_w.l(libshutdown2.o)
    0x08000248   0x08000248   0x00000000   Code   RO         6924    .ARM.Collect$$rtentry$$00000000  c_w.l(__rtentry.o)
    0x08000248   0x08000248   0x00000000   Code   RO         7027    .ARM.Collect$$rtentry$$00000002  c_w.l(__rtentry2.o)
    0x08000248   0x08000248   0x00000006   Code   RO         7039    .ARM.Collect$$rtentry$$00000004  c_w.l(__rtentry4.o)
    0x0800024e   0x0800024e   0x00000000   Code   RO         7029    .ARM.Collect$$rtentry$$00000009  c_w.l(__rtentry2.o)
    0x0800024e   0x0800024e   0x00000004   Code   RO         7030    .ARM.Collect$$rtentry$$0000000A  c_w.l(__rtentry2.o)
    0x08000252   0x08000252   0x00000000   Code   RO         7032    .ARM.Collect$$rtentry$$0000000C  c_w.l(__rtentry2.o)
    0x08000252   0x08000252   0x00000008   Code   RO         7033    .ARM.Collect$$rtentry$$0000000D  c_w.l(__rtentry2.o)
    0x0800025a   0x0800025a   0x00000002   Code   RO         7075    .ARM.Collect$$rtexit$$00000000  c_w.l(rtexit.o)
    0x0800025c   0x0800025c   0x00000000   Code   RO         7131    .ARM.Collect$$rtexit$$00000002  c_w.l(rtexit2.o)
    0x0800025c   0x0800025c   0x00000004   Code   RO         7132    .ARM.Collect$$rtexit$$00000003  c_w.l(rtexit2.o)
    0x08000260   0x08000260   0x00000006   Code   RO         7133    .ARM.Collect$$rtexit$$00000004  c_w.l(rtexit2.o)
    0x08000266   0x08000266   0x00000002   PAD
    0x08000268   0x08000268   0x000000be   Code   RO         6518    .emb_text           port.o
    0x08000326   0x08000326   0x00000002   PAD
    0x08000328   0x08000328   0x00000040   Code   RO            4    .text               startup_stm32f407xx.o
    0x08000368   0x08000368   0x000000ee   Code   RO         6756    .text               c_w.l(lludivv7m.o)
    0x08000456   0x08000456   0x0000008a   Code   RO         6758    .text               c_w.l(rt_memcpy_v6.o)
    0x080004e0   0x080004e0   0x00000064   Code   RO         6760    .text               c_w.l(rt_memcpy_w.o)
    0x08000544   0x08000544   0x0000004e   Code   RO         6764    .text               c_w.l(rt_memclr_w.o)
    0x08000592   0x08000592   0x00000006   Code   RO         6766    .text               c_w.l(heapauxi.o)
    0x08000598   0x08000598   0x00000016   Code   RO         6929    .text               c_w.l(_rserrno.o)
    0x080005ae   0x080005ae   0x00000002   PAD
    0x080005b0   0x080005b0   0x00000008   Code   RO         7046    .text               c_w.l(rt_errno_addr_intlibspace.o)
    0x080005b8   0x080005b8   0x00000030   Code   RO         7048    .text               c_w.l(_fptrap.o)
    0x080005e8   0x080005e8   0x00000008   Code   RO         7058    .text               c_w.l(libspace.o)
    0x080005f0   0x080005f0   0x0000004a   Code   RO         7061    .text               c_w.l(sys_stackheap_outer.o)
    0x0800063a   0x0800063a   0x00000012   Code   RO         7063    .text               c_w.l(exit.o)
    0x0800064c   0x0800064c   0x0000000e   Code   RO         7065    .text               c_w.l(defsig_fpe_outer.o)
    0x0800065a   0x0800065a   0x0000000a   Code   RO         7079    .text               c_w.l(defsig_exit.o)
    0x08000664   0x08000664   0x000000ac   Code   RO         7081    .text               c_w.l(defsig_fpe_inner.o)
    0x08000710   0x08000710   0x0000000c   Code   RO         7128    .text               c_w.l(sys_exit.o)
    0x0800071c   0x0800071c   0x00000032   Code   RO         7139    .text               c_w.l(defsig_general.o)
    0x0800074e   0x0800074e   0x0000000e   Code   RO         7145    .text               c_w.l(sys_wrch.o)
    0x0800075c   0x0800075c   0x00000002   Code   RO         7147    .text               c_w.l(use_no_semi.o)
    0x0800075e   0x0800075e   0x00000000   Code   RO         7149    .text               c_w.l(indicate_semi.o)
    0x0800075e   0x0800075e   0x00000002   PAD
    0x08000760   0x08000760   0x00000028   Code   RO         1101    i.AHRS_init         ins_task.o
    0x08000788   0x08000788   0x00000026   Code   RO         1927    i.Angle_Limit       user_lib.o
    0x080007ae   0x080007ae   0x00000002   PAD
    0x080007b0   0x080007b0   0x00000014   Code   RO         1678    i.BMI088_ACCEL_NS_H  bmi088middleware.o
    0x080007c4   0x080007c4   0x00000014   Code   RO         1679    i.BMI088_ACCEL_NS_L  bmi088middleware.o
    0x080007d8   0x080007d8   0x00000002   Code   RO         1680    i.BMI088_GPIO_init  bmi088middleware.o
    0x080007da   0x080007da   0x00000002   PAD
    0x080007dc   0x080007dc   0x00000014   Code   RO         1681    i.BMI088_GYRO_NS_H  bmi088middleware.o
    0x080007f0   0x080007f0   0x00000014   Code   RO         1682    i.BMI088_GYRO_NS_L  bmi088middleware.o
    0x08000804   0x08000804   0x00000002   Code   RO         1683    i.BMI088_com_init   bmi088middleware.o
    0x08000806   0x08000806   0x0000001a   Code   RO         1684    i.BMI088_delay_ms   bmi088middleware.o
    0x08000820   0x08000820   0x0000004a   Code   RO         1685    i.BMI088_delay_us   bmi088middleware.o
    0x0800086a   0x0800086a   0x0000001c   Code   RO         1609    i.BMI088_init       bmi088driver.o
    0x08000886   0x08000886   0x00000002   PAD
    0x08000888   0x08000888   0x0000017c   Code   RO         1610    i.BMI088_read       bmi088driver.o
    0x08000a04   0x08000a04   0x00000026   Code   RO         1611    i.BMI088_read_muli_reg  bmi088driver.o
    0x08000a2a   0x08000a2a   0x00000018   Code   RO         1612    i.BMI088_read_single_reg  bmi088driver.o
    0x08000a42   0x08000a42   0x00000002   PAD
    0x08000a44   0x08000a44   0x00000020   Code   RO         1686    i.BMI088_read_write_byte  bmi088middleware.o
    0x08000a64   0x08000a64   0x00000014   Code   RO         1613    i.BMI088_write_single_reg  bmi088driver.o
    0x08000a78   0x08000a78   0x00000004   Code   RO          569    i.BusFault_Handler  stm32f4xx_it.o
    0x08000a7c   0x08000a7c   0x00000018   Code   RO          805    i.Buzzer_Init       bsp_buzzer.o
    0x08000a94   0x08000a94   0x00000010   Code   RO          570    i.CAN1_RX0_IRQHandler  stm32f4xx_it.o
    0x08000aa4   0x08000aa4   0x00000010   Code   RO          571    i.CAN1_RX1_IRQHandler  stm32f4xx_it.o
    0x08000ab4   0x08000ab4   0x00000010   Code   RO          572    i.CAN1_TX_IRQHandler  stm32f4xx_it.o
    0x08000ac4   0x08000ac4   0x00000010   Code   RO          573    i.CAN2_RX0_IRQHandler  stm32f4xx_it.o
    0x08000ad4   0x08000ad4   0x00000010   Code   RO          574    i.CAN2_RX1_IRQHandler  stm32f4xx_it.o
    0x08000ae4   0x08000ae4   0x00000010   Code   RO          575    i.CAN2_TX_IRQHandler  stm32f4xx_it.o
    0x08000af4   0x08000af4   0x00000050   Code   RO         1318    i.CAN_cmd_course    can_receive.o
    0x08000b44   0x08000b44   0x00000050   Code   RO         1319    i.CAN_cmd_drive     can_receive.o
    0x08000b94   0x08000b94   0x00000002   Code   RO          576    i.DMA1_Stream1_IRQHandler  stm32f4xx_it.o
    0x08000b96   0x08000b96   0x00000002   PAD
    0x08000b98   0x08000b98   0x00000010   Code   RO          577    i.DMA2_Stream2_IRQHandler  stm32f4xx_it.o
    0x08000ba8   0x08000ba8   0x00000010   Code   RO          578    i.DMA2_Stream3_IRQHandler  stm32f4xx_it.o
    0x08000bb8   0x08000bb8   0x00000034   Code   RO         2886    i.DMA_CalcBaseAndBitshift  stm32f4xx_hal_dma.o
    0x08000bec   0x08000bec   0x0000007e   Code   RO         2887    i.DMA_CheckFifoParam  stm32f4xx_hal_dma.o
    0x08000c6a   0x08000c6a   0x00000002   Code   RO          579    i.DebugMon_Handler  stm32f4xx_it.o
    0x08000c6c   0x08000c6c   0x00000006   Code   RO           13    i.Error_Handler     main.o
    0x08000c72   0x08000c72   0x00000002   PAD
    0x08000c74   0x08000c74   0x000000a4   Code   RO         1499    i.Find_min_Angle    chassis_task.o
    0x08000d18   0x08000d18   0x00000024   Code   RO         2149    i.HAL_CAN_ActivateNotification  stm32f4xx_hal_can.o
    0x08000d3c   0x08000d3c   0x00000104   Code   RO         2150    i.HAL_CAN_AddTxMessage  stm32f4xx_hal_can.o
    0x08000e40   0x08000e40   0x00000128   Code   RO         2151    i.HAL_CAN_ConfigFilter  stm32f4xx_hal_can.o
    0x08000f68   0x08000f68   0x00000002   Code   RO         2154    i.HAL_CAN_ErrorCallback  stm32f4xx_hal_can.o
    0x08000f6a   0x08000f6a   0x0000016c   Code   RO         2157    i.HAL_CAN_GetRxMessage  stm32f4xx_hal_can.o
    0x080010d6   0x080010d6   0x00000234   Code   RO         2161    i.HAL_CAN_IRQHandler  stm32f4xx_hal_can.o
    0x0800130a   0x0800130a   0x00000168   Code   RO         2162    i.HAL_CAN_Init      stm32f4xx_hal_can.o
    0x08001472   0x08001472   0x00000002   PAD
    0x08001474   0x08001474   0x000001a0   Code   RO          347    i.HAL_CAN_MspInit   can.o
    0x08001614   0x08001614   0x00000002   Code   RO         2169    i.HAL_CAN_RxFifo0FullCallback  stm32f4xx_hal_can.o
    0x08001616   0x08001616   0x00000002   PAD
    0x08001618   0x08001618   0x000002c4   Code   RO         1320    i.HAL_CAN_RxFifo0MsgPendingCallback  can_receive.o
    0x080018dc   0x080018dc   0x00000002   Code   RO         2171    i.HAL_CAN_RxFifo1FullCallback  stm32f4xx_hal_can.o
    0x080018de   0x080018de   0x00000002   Code   RO         2172    i.HAL_CAN_RxFifo1MsgPendingCallback  stm32f4xx_hal_can.o
    0x080018e0   0x080018e0   0x00000002   Code   RO         2173    i.HAL_CAN_SleepCallback  stm32f4xx_hal_can.o
    0x080018e2   0x080018e2   0x00000064   Code   RO         2174    i.HAL_CAN_Start     stm32f4xx_hal_can.o
    0x08001946   0x08001946   0x00000002   Code   RO         2176    i.HAL_CAN_TxMailbox0AbortCallback  stm32f4xx_hal_can.o
    0x08001948   0x08001948   0x00000002   Code   RO         2177    i.HAL_CAN_TxMailbox0CompleteCallback  stm32f4xx_hal_can.o
    0x0800194a   0x0800194a   0x00000002   Code   RO         2178    i.HAL_CAN_TxMailbox1AbortCallback  stm32f4xx_hal_can.o
    0x0800194c   0x0800194c   0x00000002   Code   RO         2179    i.HAL_CAN_TxMailbox1CompleteCallback  stm32f4xx_hal_can.o
    0x0800194e   0x0800194e   0x00000002   Code   RO         2180    i.HAL_CAN_TxMailbox2AbortCallback  stm32f4xx_hal_can.o
    0x08001950   0x08001950   0x00000002   Code   RO         2181    i.HAL_CAN_TxMailbox2CompleteCallback  stm32f4xx_hal_can.o
    0x08001952   0x08001952   0x00000002   Code   RO         2183    i.HAL_CAN_WakeUpFromRxMsgCallback  stm32f4xx_hal_can.o
    0x08001954   0x08001954   0x00000024   Code   RO         2890    i.HAL_DMA_Abort_IT  stm32f4xx_hal_dma.o
    0x08001978   0x08001978   0x000001ec   Code   RO         2894    i.HAL_DMA_IRQHandler  stm32f4xx_hal_dma.o
    0x08001b64   0x08001b64   0x000000ec   Code   RO         2895    i.HAL_DMA_Init      stm32f4xx_hal_dma.o
    0x08001c50   0x08001c50   0x0000021c   Code   RO         2782    i.HAL_GPIO_Init     stm32f4xx_hal_gpio.o
    0x08001e6c   0x08001e6c   0x0000000e   Code   RO         2786    i.HAL_GPIO_WritePin  stm32f4xx_hal_gpio.o
    0x08001e7a   0x08001e7a   0x00000002   PAD
    0x08001e7c   0x08001e7c   0x0000000c   Code   RO         3309    i.HAL_GetTick       stm32f4xx_hal.o
    0x08001e88   0x08001e88   0x00000010   Code   RO         3315    i.HAL_IncTick       stm32f4xx_hal.o
    0x08001e98   0x08001e98   0x00000034   Code   RO         3316    i.HAL_Init          stm32f4xx_hal.o
    0x08001ecc   0x08001ecc   0x0000008c   Code   RO          729    i.HAL_InitTick      stm32f4xx_hal_timebase_tim.o
    0x08001f58   0x08001f58   0x00000054   Code   RO          705    i.HAL_MspInit       stm32f4xx_hal_msp.o
    0x08001fac   0x08001fac   0x0000001c   Code   RO         3171    i.HAL_NVIC_EnableIRQ  stm32f4xx_hal_cortex.o
    0x08001fc8   0x08001fc8   0x00000068   Code   RO         3177    i.HAL_NVIC_SetPriority  stm32f4xx_hal_cortex.o
    0x08002030   0x08002030   0x00000024   Code   RO         3178    i.HAL_NVIC_SetPriorityGrouping  stm32f4xx_hal_cortex.o
    0x08002054   0x08002054   0x00000174   Code   RO         2383    i.HAL_RCC_ClockConfig  stm32f4xx_hal_rcc.o
    0x080021c8   0x080021c8   0x0000003c   Code   RO         2387    i.HAL_RCC_GetClockConfig  stm32f4xx_hal_rcc.o
    0x08002204   0x08002204   0x0000000c   Code   RO         2388    i.HAL_RCC_GetHCLKFreq  stm32f4xx_hal_rcc.o
    0x08002210   0x08002210   0x00000020   Code   RO         2390    i.HAL_RCC_GetPCLK1Freq  stm32f4xx_hal_rcc.o
    0x08002230   0x08002230   0x00000020   Code   RO         2391    i.HAL_RCC_GetPCLK2Freq  stm32f4xx_hal_rcc.o
    0x08002250   0x08002250   0x00000070   Code   RO         2392    i.HAL_RCC_GetSysClockFreq  stm32f4xx_hal_rcc.o
    0x080022c0   0x080022c0   0x00000436   Code   RO         2395    i.HAL_RCC_OscConfig  stm32f4xx_hal_rcc.o
    0x080026f6   0x080026f6   0x00000082   Code   RO         3562    i.HAL_SPI_Init      stm32f4xx_hal_spi.o
    0x08002778   0x08002778   0x0000014c   Code   RO          420    i.HAL_SPI_MspInit   spi.o
    0x080028c4   0x080028c4   0x000001f8   Code   RO         3571    i.HAL_SPI_TransmitReceive  stm32f4xx_hal_spi.o
    0x08002abc   0x08002abc   0x00000002   Code   RO         4561    i.HAL_TIMEx_BreakCallback  stm32f4xx_hal_tim_ex.o
    0x08002abe   0x08002abe   0x00000002   Code   RO         4562    i.HAL_TIMEx_CommutCallback  stm32f4xx_hal_tim_ex.o
    0x08002ac0   0x08002ac0   0x0000004e   Code   RO         4579    i.HAL_TIMEx_MasterConfigSynchronization  stm32f4xx_hal_tim_ex.o
    0x08002b0e   0x08002b0e   0x00000038   Code   RO         3875    i.HAL_TIM_Base_Init  stm32f4xx_hal_tim.o
    0x08002b46   0x08002b46   0x00000002   PAD
    0x08002b48   0x08002b48   0x00000074   Code   RO          462    i.HAL_TIM_Base_MspInit  tim.o
    0x08002bbc   0x08002bbc   0x00000024   Code   RO         3878    i.HAL_TIM_Base_Start  stm32f4xx_hal_tim.o
    0x08002be0   0x08002be0   0x00000022   Code   RO         3880    i.HAL_TIM_Base_Start_IT  stm32f4xx_hal_tim.o
    0x08002c02   0x08002c02   0x000000e4   Code   RO         3884    i.HAL_TIM_ConfigClockSource  stm32f4xx_hal_tim.o
    0x08002ce6   0x08002ce6   0x00000002   Code   RO         3904    i.HAL_TIM_IC_CaptureCallback  stm32f4xx_hal_tim.o
    0x08002ce8   0x08002ce8   0x00000174   Code   RO         3918    i.HAL_TIM_IRQHandler  stm32f4xx_hal_tim.o
    0x08002e5c   0x08002e5c   0x00000064   Code   RO          463    i.HAL_TIM_MspPostInit  tim.o
    0x08002ec0   0x08002ec0   0x00000002   Code   RO         3921    i.HAL_TIM_OC_DelayElapsedCallback  stm32f4xx_hal_tim.o
    0x08002ec2   0x08002ec2   0x000000dc   Code   RO         3942    i.HAL_TIM_PWM_ConfigChannel  stm32f4xx_hal_tim.o
    0x08002f9e   0x08002f9e   0x00000038   Code   RO         3945    i.HAL_TIM_PWM_Init  stm32f4xx_hal_tim.o
    0x08002fd6   0x08002fd6   0x00000002   Code   RO         3947    i.HAL_TIM_PWM_MspInit  stm32f4xx_hal_tim.o
    0x08002fd8   0x08002fd8   0x00000002   Code   RO         3948    i.HAL_TIM_PWM_PulseFinishedCallback  stm32f4xx_hal_tim.o
    0x08002fda   0x08002fda   0x00000042   Code   RO         3950    i.HAL_TIM_PWM_Start  stm32f4xx_hal_tim.o
    0x0800301c   0x0800301c   0x00000018   Code   RO           14    i.HAL_TIM_PeriodElapsedCallback  main.o
    0x08003034   0x08003034   0x00000002   Code   RO         3961    i.HAL_TIM_TriggerCallback  stm32f4xx_hal_tim.o
    0x08003036   0x08003036   0x00000002   Code   RO         4833    i.HAL_UART_ErrorCallback  stm32f4xx_hal_uart.o
    0x08003038   0x08003038   0x00000138   Code   RO         4836    i.HAL_UART_IRQHandler  stm32f4xx_hal_uart.o
    0x08003170   0x08003170   0x00000064   Code   RO         4837    i.HAL_UART_Init     stm32f4xx_hal_uart.o
    0x080031d4   0x080031d4   0x00000224   Code   RO          516    i.HAL_UART_MspInit  usart.o
    0x080033f8   0x080033f8   0x00000002   Code   RO         4843    i.HAL_UART_RxCpltCallback  stm32f4xx_hal_uart.o
    0x080033fa   0x080033fa   0x000000dc   Code   RO         4845    i.HAL_UART_Transmit  stm32f4xx_hal_uart.o
    0x080034d6   0x080034d6   0x00000002   Code   RO         4848    i.HAL_UART_TxCpltCallback  stm32f4xx_hal_uart.o
    0x080034d8   0x080034d8   0x00000004   Code   RO          580    i.HardFault_Handler  stm32f4xx_it.o
    0x080034dc   0x080034dc   0x00000104   Code   RO         1102    i.INS_task          ins_task.o
    0x080035e0   0x080035e0   0x00000040   Code   RO          348    i.MX_CAN1_Init      can.o
    0x08003620   0x08003620   0x00000040   Code   RO          349    i.MX_CAN2_Init      can.o
    0x08003660   0x08003660   0x00000078   Code   RO          395    i.MX_DMA_Init       dma.o
    0x080036d8   0x080036d8   0x000000b8   Code   RO          267    i.MX_FREERTOS_Init  freertos.o
    0x08003790   0x08003790   0x00000114   Code   RO          239    i.MX_GPIO_Init      gpio.o
    0x080038a4   0x080038a4   0x00000048   Code   RO          421    i.MX_SPI1_Init      spi.o
    0x080038ec   0x080038ec   0x000000a4   Code   RO          464    i.MX_TIM4_Init      tim.o
    0x08003990   0x08003990   0x00000070   Code   RO          465    i.MX_TIM5_Init      tim.o
    0x08003a00   0x08003a00   0x00000038   Code   RO          517    i.MX_USART1_UART_Init  usart.o
    0x08003a38   0x08003a38   0x00000038   Code   RO          518    i.MX_USART3_UART_Init  usart.o
    0x08003a70   0x08003a70   0x00000038   Code   RO          519    i.MX_USART6_UART_Init  usart.o
    0x08003aa8   0x08003aa8   0x000002fc   Code   RO         2030    i.MahonyAHRSupdateIMU  mahonyahrs.o
    0x08003da4   0x08003da4   0x00000004   Code   RO          581    i.MemManage_Handler  stm32f4xx_it.o
    0x08003da8   0x08003da8   0x00000004   Code   RO          582    i.NMI_Handler       stm32f4xx_it.o
    0x08003dac   0x08003dac   0x000002d0   Code   RO         2067    i.PID_Calc_Ecd      pid.o
    0x0800407c   0x0800407c   0x00000498   Code   RO         2068    i.PID_calc          pid.o
    0x08004514   0x08004514   0x00000064   Code   RO         2070    i.PID_init          pid.o
    0x08004578   0x08004578   0x000000d0   Code   RO         1500    i.Pid_caculate      chassis_task.o
    0x08004648   0x08004648   0x00000010   Code   RO         1183    i.RC_abs            remote_control.o
    0x08004658   0x08004658   0x00000098   Code   RO         1184    i.RC_data_is_error  remote_control.o
    0x080046f0   0x080046f0   0x0000009c   Code   RO          975    i.RC_init           bsp_rc.o
    0x0800478c   0x0800478c   0x00000050   Code   RO          976    i.RC_restart        bsp_rc.o
    0x080047dc   0x080047dc   0x00000178   Code   RO         1501    i.Robot_coordinate  chassis_task.o
    0x08004954   0x08004954   0x00000064   Code   RO         3600    i.SPI_EndRxTxTransaction  stm32f4xx_hal_spi.o
    0x080049b8   0x080049b8   0x000000a6   Code   RO         3605    i.SPI_WaitFlagStateUntilTimeout  stm32f4xx_hal_spi.o
    0x08004a5e   0x08004a5e   0x00000002   PAD
    0x08004a60   0x08004a60   0x000000cc   Code   RO         1502    i.Speed_Toggle      chassis_task.o
    0x08004b2c   0x08004b2c   0x0000002c   Code   RO         6519    i.SysTick_Handler   port.o
    0x08004b58   0x08004b58   0x000000b4   Code   RO           15    i.SystemClock_Config  main.o
    0x08004c0c   0x08004c0c   0x00000064   Code   RO          769    i.SystemInit        system_stm32f4xx.o
    0x08004c70   0x08004c70   0x00000010   Code   RO          583    i.TIM5_IRQHandler   stm32f4xx_it.o
    0x08004c80   0x08004c80   0x00000010   Code   RO          584    i.TIM6_DAC_IRQHandler  stm32f4xx_it.o
    0x08004c90   0x08004c90   0x000000cc   Code   RO         3963    i.TIM_Base_SetConfig  stm32f4xx_hal_tim.o
    0x08004d5c   0x08004d5c   0x0000001e   Code   RO         3964    i.TIM_CCxChannelCmd  stm32f4xx_hal_tim.o
    0x08004d7a   0x08004d7a   0x00000016   Code   RO         3974    i.TIM_ETR_SetConfig  stm32f4xx_hal_tim.o
    0x08004d90   0x08004d90   0x00000010   Code   RO         3975    i.TIM_ITRx_SetConfig  stm32f4xx_hal_tim.o
    0x08004da0   0x08004da0   0x00000070   Code   RO         3976    i.TIM_OC1_SetConfig  stm32f4xx_hal_tim.o
    0x08004e10   0x08004e10   0x00000078   Code   RO         3977    i.TIM_OC2_SetConfig  stm32f4xx_hal_tim.o
    0x08004e88   0x08004e88   0x00000078   Code   RO         3978    i.TIM_OC3_SetConfig  stm32f4xx_hal_tim.o
    0x08004f00   0x08004f00   0x00000058   Code   RO         3979    i.TIM_OC4_SetConfig  stm32f4xx_hal_tim.o
    0x08004f58   0x08004f58   0x00000026   Code   RO         3981    i.TIM_TI1_ConfigInputStage  stm32f4xx_hal_tim.o
    0x08004f7e   0x08004f7e   0x00000024   Code   RO         3983    i.TIM_TI2_ConfigInputStage  stm32f4xx_hal_tim.o
    0x08004fa2   0x08004fa2   0x00000010   Code   RO         4850    i.UART_DMAAbortOnError  stm32f4xx_hal_uart.o
    0x08004fb2   0x08004fb2   0x0000001c   Code   RO         4860    i.UART_EndRxTransfer  stm32f4xx_hal_uart.o
    0x08004fce   0x08004fce   0x0000001a   Code   RO         4861    i.UART_EndTransmit_IT  stm32f4xx_hal_uart.o
    0x08004fe8   0x08004fe8   0x0000009c   Code   RO         4863    i.UART_Receive_IT   stm32f4xx_hal_uart.o
    0x08005084   0x08005084   0x00000340   Code   RO         4864    i.UART_SetConfig    stm32f4xx_hal_uart.o
    0x080053c4   0x080053c4   0x00000066   Code   RO         4865    i.UART_Transmit_IT  stm32f4xx_hal_uart.o
    0x0800542a   0x0800542a   0x00000078   Code   RO         4866    i.UART_WaitOnFlagUntilTimeout  stm32f4xx_hal_uart.o
    0x080054a2   0x080054a2   0x00000002   PAD
    0x080054a4   0x080054a4   0x00000010   Code   RO          585    i.USART1_IRQHandler  stm32f4xx_it.o
    0x080054b4   0x080054b4   0x00000130   Code   RO         1185    i.USART3_IRQHandler  remote_control.o
    0x080055e4   0x080055e4   0x00000010   Code   RO          586    i.USART6_IRQHandler  stm32f4xx_it.o
    0x080055f4   0x080055f4   0x00000004   Code   RO          587    i.UsageFault_Handler  stm32f4xx_it.o
    0x080055f8   0x080055f8   0x00000010   Code   RO         1396    i.VofaInit          vofa_task.o
    0x08005608   0x08005608   0x00000050   Code   RO         1397    i.Vofa_Send         vofa_task.o
    0x08005658   0x08005658   0x00000030   Code   RO         6991    i.__ARM_fpclassify  m_wm.l(fpclassify.o)
    0x08005688   0x08005688   0x00000026   Code   RO         6993    i.__ARM_fpclassifyf  m_wm.l(fpclassifyf.o)
    0x080056ae   0x080056ae   0x00000002   PAD
    0x080056b0   0x080056b0   0x0000012c   Code   RO         6808    i.__hardfp_asinf    m_wm.l(asinf.o)
    0x080057dc   0x080057dc   0x00000004   PAD
    0x080057e0   0x080057e0   0x000002d8   Code   RO         6960    i.__hardfp_atan     m_wm.l(atan.o)
    0x08005ab8   0x08005ab8   0x000001f0   Code   RO         6820    i.__hardfp_atan2    m_wm.l(atan2.o)
    0x08005ca8   0x08005ca8   0x00000250   Code   RO         6832    i.__hardfp_atan2f   m_wm.l(atan2f.o)
    0x08005ef8   0x08005ef8   0x000000c8   Code   RO         6844    i.__hardfp_cos      m_wm.l(cos.o)
    0x08005fc0   0x08005fc0   0x00000014   Code   RO         6856    i.__hardfp_fabs     m_wm.l(fabs.o)
    0x08005fd4   0x08005fd4   0x00000004   PAD
    0x08005fd8   0x08005fd8   0x00000c50   Code   RO         6862    i.__hardfp_pow      m_wm.l(pow.o)
    0x08006c28   0x08006c28   0x000000c8   Code   RO         6876    i.__hardfp_sin      m_wm.l(sin.o)
    0x08006cf0   0x08006cf0   0x0000007a   Code   RO         6900    i.__hardfp_sqrt     m_wm.l(sqrt_full.o)
    0x08006d6a   0x08006d6a   0x00000006   PAD
    0x08006d70   0x08006d70   0x00000438   Code   RO         7012    i.__ieee754_rem_pio2  m_wm.l(rred.o)
    0x080071a8   0x080071a8   0x00000170   Code   RO         6974    i.__kernel_cos      m_wm.l(cos_i.o)
    0x08007318   0x08007318   0x000000f8   Code   RO         7009    i.__kernel_poly     m_wm.l(poly.o)
    0x08007410   0x08007410   0x00000130   Code   RO         7020    i.__kernel_sin      m_wm.l(sin_i.o)
    0x08007540   0x08007540   0x00000030   Code   RO         6977    i.__mathlib_dbl_divzero  m_wm.l(dunder.o)
    0x08007570   0x08007570   0x00000014   Code   RO         6978    i.__mathlib_dbl_infnan  m_wm.l(dunder.o)
    0x08007584   0x08007584   0x00000014   Code   RO         6979    i.__mathlib_dbl_infnan2  m_wm.l(dunder.o)
    0x08007598   0x08007598   0x00000020   Code   RO         6980    i.__mathlib_dbl_invalid  m_wm.l(dunder.o)
    0x080075b8   0x080075b8   0x00000020   Code   RO         6981    i.__mathlib_dbl_overflow  m_wm.l(dunder.o)
    0x080075d8   0x080075d8   0x00000020   Code   RO         6983    i.__mathlib_dbl_underflow  m_wm.l(dunder.o)
    0x080075f8   0x080075f8   0x00000006   Code   RO         6996    i.__mathlib_flt_infnan  m_wm.l(funder.o)
    0x080075fe   0x080075fe   0x00000006   Code   RO         6997    i.__mathlib_flt_infnan2  m_wm.l(funder.o)
    0x08007604   0x08007604   0x00000010   Code   RO         6998    i.__mathlib_flt_invalid  m_wm.l(funder.o)
    0x08007614   0x08007614   0x00000010   Code   RO         7001    i.__mathlib_flt_underflow  m_wm.l(funder.o)
    0x08007624   0x08007624   0x00000068   Code   RO         1503    i.angle_judge       chassis_task.o
    0x0800768c   0x0800768c   0x00000010   Code   RO         6962    i.atan              m_wm.l(atan.o)
    0x0800769c   0x0800769c   0x00000128   Code   RO         1614    i.bmi088_accel_init  bmi088driver.o
    0x080077c4   0x080077c4   0x000000f4   Code   RO         1615    i.bmi088_gyro_init  bmi088driver.o
    0x080078b8   0x080078b8   0x00000010   Code   RO          806    i.buzzer_off        bsp_buzzer.o
    0x080078c8   0x080078c8   0x00000014   Code   RO          807    i.buzzer_on         bsp_buzzer.o
    0x080078dc   0x080078dc   0x0000005c   Code   RO         1321    i.canfilter_init_start  can_receive.o
    0x08007938   0x08007938   0x00000048   Code   RO         1442    i.chassis_agv_follow_chassis_yaw_control  chassis_behaviour.o
    0x08007980   0x08007980   0x0000008c   Code   RO         1443    i.chassis_behaviour_control_set  chassis_behaviour.o
    0x08007a0c   0x08007a0c   0x00000018   Code   RO         1444    i.chassis_behaviour_mode_set  chassis_behaviour.o
    0x08007a24   0x08007a24   0x00000012   Code   RO         1504    i.chassis_control_loop  chassis_task.o
    0x08007a36   0x08007a36   0x00000002   PAD
    0x08007a38   0x08007a38   0x000000e0   Code   RO         1505    i.chassis_feedback_update  chassis_task.o
    0x08007b18   0x08007b18   0x00000002   Code   RO         1445    i.chassis_infantry_follow_gimbal_yaw_control  chassis_behaviour.o
    0x08007b1a   0x08007b1a   0x00000002   PAD
    0x08007b1c   0x08007b1c   0x000001d4   Code   RO         1506    i.chassis_init      chassis_task.o
    0x08007cf0   0x08007cf0   0x00000016   Code   RO         1507    i.chassis_mode_change_control_transit  chassis_task.o
    0x08007d06   0x08007d06   0x00000028   Code   RO         1446    i.chassis_no_follow_yaw_control  chassis_behaviour.o
    0x08007d2e   0x08007d2e   0x00000002   PAD
    0x08007d30   0x08007d30   0x00000208   Code   RO         1508    i.chassis_rc_to_control_vector  chassis_task.o
    0x08007f38   0x08007f38   0x00000704   Code   RO         1509    i.chassis_set_contorl  chassis_task.o
    0x0800863c   0x0800863c   0x00000012   Code   RO         1510    i.chassis_set_mode  chassis_task.o
    0x0800864e   0x0800864e   0x00000002   PAD
    0x08008650   0x08008650   0x00000114   Code   RO         1511    i.chassis_task      chassis_task.o
    0x08008764   0x08008764   0x0000002c   Code   RO         1447    i.chassis_zero_force_control  chassis_behaviour.o
    0x08008790   0x08008790   0x00000124   Code   RO         1049    i.detect_hook       detect_task.o
    0x080088b4   0x080088b4   0x00000184   Code   RO         1050    i.detect_init       detect_task.o
    0x08008a38   0x08008a38   0x0000027c   Code   RO         1051    i.detect_task       detect_task.o
    0x08008cb4   0x08008cb4   0x00000028   Code   RO         2071    i.ecd_zero          pid.o
    0x08008cdc   0x08008cdc   0x00000018   Code   RO         6858    i.fabs              m_wm.l(fabs.o)
    0x08008cf4   0x08008cf4   0x00000054   Code   RO         1929    i.first_order_filter_cali  user_lib.o
    0x08008d48   0x08008d48   0x00000024   Code   RO         1930    i.first_order_filter_init  user_lib.o
    0x08008d6c   0x08008d6c   0x00000008   Code   RO         1104    i.get_INS_data_point  ins_task.o
    0x08008d74   0x08008d74   0x000000dc   Code   RO         1105    i.get_angle         ins_task.o
    0x08008e50   0x08008e50   0x00000008   Code   RO         1512    i.get_chassis_PID_Debug  chassis_task.o
    0x08008e58   0x08008e58   0x00000018   Code   RO         1322    i.get_chassis_course_motor_measure_point  can_receive.o
    0x08008e70   0x08008e70   0x00000018   Code   RO         1323    i.get_chassis_drive_motor_measure_point  can_receive.o
    0x08008e88   0x08008e88   0x00000008   Code   RO         1186    i.get_remote_control_point  remote_control.o
    0x08008e90   0x08008e90   0x000000b4   Code   RO         1106    i.imu_offset_accquier  ins_task.o
    0x08008f44   0x08008f44   0x00000032   Code   RO         1107    i.imu_offset_remove  ins_task.o
    0x08008f76   0x08008f76   0x00000002   PAD
    0x08008f78   0x08008f78   0x0000003c   Code   RO         2031    i.invSqrt           mahonyahrs.o
    0x08008fb4   0x08008fb4   0x00000048   Code   RO           16    i.main              main.o
    0x08008ffc   0x08008ffc   0x0000000c   Code   RO         6102    i.makeFreeRtosPriority  cmsis_os.o
    0x08009008   0x08009008   0x00000010   Code   RO         6104    i.osDelay           cmsis_os.o
    0x08009018   0x08009018   0x0000000a   Code   RO         6107    i.osKernelStart     cmsis_os.o
    0x08009022   0x08009022   0x0000005c   Code   RO         6141    i.osThreadCreate    cmsis_os.o
    0x0800907e   0x0800907e   0x00000002   PAD
    0x08009080   0x08009080   0x00000078   Code   RO         5633    i.prvAddCurrentTaskToDelayedList  tasks.o
    0x080090f8   0x080090f8   0x00000088   Code   RO         5634    i.prvAddNewTaskToReadyList  tasks.o
    0x08009180   0x08009180   0x0000005c   Code   RO         5949    i.prvCheckForValidListAndQueue  timers.o
    0x080091dc   0x080091dc   0x00000040   Code   RO         5635    i.prvCheckTasksWaitingTermination  tasks.o
    0x0800921c   0x0800921c   0x00000024   Code   RO         5284    i.prvCopyDataFromQueue  queue.o
    0x08009240   0x08009240   0x0000006e   Code   RO         5285    i.prvCopyDataToQueue  queue.o
    0x080092ae   0x080092ae   0x00000040   Code   RO         5636    i.prvDeleteTCB      tasks.o
    0x080092ee   0x080092ee   0x00000002   PAD
    0x080092f0   0x080092f0   0x00000024   Code   RO         5950    i.prvGetNextExpireTime  timers.o
    0x08009314   0x08009314   0x00000050   Code   RO         6469    i.prvHeapInit       heap_4.o
    0x08009364   0x08009364   0x00000028   Code   RO         5637    i.prvIdleTask       tasks.o
    0x0800938c   0x0800938c   0x00000018   Code   RO         5288    i.prvInitialiseNewQueue  queue.o
    0x080093a4   0x080093a4   0x00000074   Code   RO         5638    i.prvInitialiseNewTask  tasks.o
    0x08009418   0x08009418   0x00000060   Code   RO         5639    i.prvInitialiseTaskLists  tasks.o
    0x08009478   0x08009478   0x0000005c   Code   RO         6470    i.prvInsertBlockIntoFreeList  heap_4.o
    0x080094d4   0x080094d4   0x00000048   Code   RO         5952    i.prvInsertTimerInActiveList  timers.o
    0x0800951c   0x0800951c   0x0000001a   Code   RO         5289    i.prvIsQueueEmpty   queue.o
    0x08009536   0x08009536   0x0000001e   Code   RO         5290    i.prvIsQueueFull    queue.o
    0x08009554   0x08009554   0x0000005c   Code   RO         5953    i.prvProcessExpiredTimer  timers.o
    0x080095b0   0x080095b0   0x000000d8   Code   RO         5954    i.prvProcessReceivedCommands  timers.o
    0x08009688   0x08009688   0x0000006c   Code   RO         5955    i.prvProcessTimerOrBlockTask  timers.o
    0x080096f4   0x080096f4   0x00000024   Code   RO         5640    i.prvResetNextTaskUnblockTime  tasks.o
    0x08009718   0x08009718   0x0000002c   Code   RO         5956    i.prvSampleTimeNow  timers.o
    0x08009744   0x08009744   0x00000074   Code   RO         5957    i.prvSwitchTimerLists  timers.o
    0x080097b8   0x080097b8   0x00000030   Code   RO         6520    i.prvTaskExitError  port.o
    0x080097e8   0x080097e8   0x00000014   Code   RO         5958    i.prvTimerTask      timers.o
    0x080097fc   0x080097fc   0x00000068   Code   RO         5291    i.prvUnlockQueue    queue.o
    0x08009864   0x08009864   0x000000e4   Code   RO         6471    i.pvPortMalloc      heap_4.o
    0x08009948   0x08009948   0x0000002c   Code   RO         6521    i.pxPortInitialiseStack  port.o
    0x08009974   0x08009974   0x00000014   Code   RO         1187    i.remote_control_init  remote_control.o
    0x08009988   0x08009988   0x000000da   Code   RO         1188    i.sbus_to_rc        remote_control.o
    0x08009a62   0x08009a62   0x0000000a   Code   RO         1189    i.slove_RC_lost     remote_control.o
    0x08009a6c   0x08009a6c   0x0000000a   Code   RO         1190    i.slove_data_error  remote_control.o
    0x08009a76   0x08009a76   0x0000006e   Code   RO         6902    i.sqrt              m_wm.l(sqrt_full.o)
    0x08009ae4   0x08009ae4   0x0000003e   Code   RO         6908    i.sqrtf             m_wm.l(sqrtf_full.o)
    0x08009b22   0x08009b22   0x00000002   PAD
    0x08009b24   0x08009b24   0x00000044   Code   RO         1274    i.test_task         test_task.o
    0x08009b68   0x08009b68   0x00000018   Code   RO         1052    i.toe_is_error      detect_task.o
    0x08009b80   0x08009b80   0x00000026   Code   RO         5244    i.uxListRemove      list.o
    0x08009ba6   0x08009ba6   0x00000002   PAD
    0x08009ba8   0x08009ba8   0x00000018   Code   RO          271    i.vApplicationGetIdleTaskMemory  freertos.o
    0x08009bc0   0x08009bc0   0x00000018   Code   RO          272    i.vApplicationGetTimerTaskMemory  freertos.o
    0x08009bd8   0x08009bd8   0x00000016   Code   RO         5245    i.vListInitialise   list.o
    0x08009bee   0x08009bee   0x00000006   Code   RO         5246    i.vListInitialiseItem  list.o
    0x08009bf4   0x08009bf4   0x00000036   Code   RO         5247    i.vListInsert       list.o
    0x08009c2a   0x08009c2a   0x00000018   Code   RO         5248    i.vListInsertEnd    list.o
    0x08009c42   0x08009c42   0x00000002   PAD
    0x08009c44   0x08009c44   0x00000040   Code   RO         6523    i.vPortEnterCritical  port.o
    0x08009c84   0x08009c84   0x0000002c   Code   RO         6524    i.vPortExitCritical  port.o
    0x08009cb0   0x08009cb0   0x0000005c   Code   RO         6472    i.vPortFree         heap_4.o
    0x08009d0c   0x08009d0c   0x00000024   Code   RO         6525    i.vPortSetupTimerInterrupt  port.o
    0x08009d30   0x08009d30   0x00000054   Code   RO         6526    i.vPortValidateInterruptPriority  port.o
    0x08009d84   0x08009d84   0x00000028   Code   RO         5295    i.vQueueAddToRegistry  queue.o
    0x08009dac   0x08009dac   0x0000004a   Code   RO         5298    i.vQueueWaitForMessageRestricted  queue.o
    0x08009df6   0x08009df6   0x00000002   PAD
    0x08009df8   0x08009df8   0x00000050   Code   RO         5648    i.vTaskDelay        tasks.o
    0x08009e48   0x08009e48   0x000000b0   Code   RO         5650    i.vTaskDelete       tasks.o
    0x08009ef8   0x08009ef8   0x00000010   Code   RO         5652    i.vTaskInternalSetTimeOutState  tasks.o
    0x08009f08   0x08009f08   0x0000000c   Code   RO         5653    i.vTaskMissedYield  tasks.o
    0x08009f14   0x08009f14   0x00000034   Code   RO         5655    i.vTaskPlaceOnEventList  tasks.o
    0x08009f48   0x08009f48   0x0000003c   Code   RO         5656    i.vTaskPlaceOnEventListRestricted  tasks.o
    0x08009f84   0x08009f84   0x00000090   Code   RO         5663    i.vTaskStartScheduler  tasks.o
    0x0800a014   0x0800a014   0x00000010   Code   RO         5665    i.vTaskSuspendAll   tasks.o
    0x0800a024   0x0800a024   0x00000060   Code   RO         5666    i.vTaskSwitchContext  tasks.o
    0x0800a084   0x0800a084   0x00000054   Code   RO         1398    i.vofa_justfloat    vofa_task.o
    0x0800a0d8   0x0800a0d8   0x00000064   Code   RO         1399    i.vofa_task         vofa_task.o
    0x0800a13c   0x0800a13c   0x0000001c   Code   RO         5154    i.xEventGroupCreate  event_groups.o
    0x0800a158   0x0800a158   0x00000104   Code   RO         6527    i.xPortStartScheduler  port.o
    0x0800a25c   0x0800a25c   0x00000070   Code   RO         5304    i.xQueueGenericCreateStatic  queue.o
    0x0800a2cc   0x0800a2cc   0x00000090   Code   RO         5305    i.xQueueGenericReset  queue.o
    0x0800a35c   0x0800a35c   0x00000170   Code   RO         5306    i.xQueueGenericSend  queue.o
    0x0800a4cc   0x0800a4cc   0x000000bc   Code   RO         5307    i.xQueueGenericSendFromISR  queue.o
    0x0800a588   0x0800a588   0x00000148   Code   RO         5314    i.xQueueReceive     queue.o
    0x0800a6d0   0x0800a6d0   0x00000080   Code   RO         5667    i.xTaskCheckForTimeOut  tasks.o
    0x0800a750   0x0800a750   0x0000006c   Code   RO         5668    i.xTaskCreate       tasks.o
    0x0800a7bc   0x0800a7bc   0x00000060   Code   RO         5669    i.xTaskCreateStatic  tasks.o
    0x0800a81c   0x0800a81c   0x0000001c   Code   RO         5673    i.xTaskGetSchedulerState  tasks.o
    0x0800a838   0x0800a838   0x0000000c   Code   RO         5674    i.xTaskGetTickCount  tasks.o
    0x0800a844   0x0800a844   0x000000d0   Code   RO         5676    i.xTaskIncrementTick  tasks.o
    0x0800a914   0x0800a914   0x0000009c   Code   RO         5679    i.xTaskPriorityDisinherit  tasks.o
    0x0800a9b0   0x0800a9b0   0x00000078   Code   RO         5681    i.xTaskRemoveFromEventList  tasks.o
    0x0800aa28   0x0800aa28   0x000000cc   Code   RO         5682    i.xTaskResumeAll    tasks.o
    0x0800aaf4   0x0800aaf4   0x00000068   Code   RO         5963    i.xTimerCreateTimerTask  timers.o
    0x0800ab5c   0x0800ab5c   0x00000074   Code   RO         5964    i.xTimerGenericCommand  timers.o
    0x0800abd0   0x0800abd0   0x00000018   Code   RO         6933    x$fpl$basic         g_wm.l(basic.o)
    0x0800abe8   0x0800abe8   0x000002c4   Code   RO         6770    x$fpl$d2f           g_wm.l(d2f_clz.o)
    0x0800aeac   0x0800aeac   0x0000024c   Code   RO         6772    x$fpl$dadd          g_wm.l(daddsub_clz.o)
    0x0800b0f8   0x0800b0f8   0x0000001c   Code   RO         7050    x$fpl$dcheck1       g_wm.l(dcheck1.o)
    0x0800b114   0x0800b114   0x00000018   Code   RO         6935    x$fpl$dcmpinf       g_wm.l(dcmpi.o)
    0x0800b12c   0x0800b12c   0x0000037c   Code   RO         6779    x$fpl$ddiv          g_wm.l(ddiv_clz.o)
    0x0800b4a8   0x0800b4a8   0x000000c8   Code   RO         7052    x$fpl$dfix          g_wm.l(dfix.o)
    0x0800b570   0x0800b570   0x0000002e   Code   RO         6783    x$fpl$dflt          g_wm.l(dflt_clz.o)
    0x0800b59e   0x0800b59e   0x0000001a   Code   RO         6784    x$fpl$dfltn         g_wm.l(dflt_clz.o)
    0x0800b5b8   0x0800b5b8   0x00000026   Code   RO         6782    x$fpl$dfltu         g_wm.l(dflt_clz.o)
    0x0800b5de   0x0800b5de   0x00000002   PAD
    0x0800b5e0   0x0800b5e0   0x00000078   Code   RO         6788    x$fpl$dleqf         g_wm.l(dleqf.o)
    0x0800b658   0x0800b658   0x000001c0   Code   RO         6790    x$fpl$dmul          g_wm.l(dmul_clz.o)
    0x0800b818   0x0800b818   0x00000102   Code   RO         6937    x$fpl$dnaninf       g_wm.l(dnaninf.o)
    0x0800b91a   0x0800b91a   0x00000070   Code   RO         6939    x$fpl$drenorm       g_wm.l(drenorm_clz.o)
    0x0800b98a   0x0800b98a   0x0000000c   Code   RO         6941    x$fpl$dretinf       g_wm.l(dretinf.o)
    0x0800b996   0x0800b996   0x00000062   Code   RO         6792    x$fpl$drleqf        g_wm.l(drleqf.o)
    0x0800b9f8   0x0800b9f8   0x00000050   Code   RO         6773    x$fpl$drsb          g_wm.l(daddsub_clz.o)
    0x0800ba48   0x0800ba48   0x00000208   Code   RO         6943    x$fpl$dsqrt         g_wm.l(dsqrt_umaalclz.o)
    0x0800bc50   0x0800bc50   0x0000029c   Code   RO         6774    x$fpl$dsub          g_wm.l(daddsub_clz.o)
    0x0800beec   0x0800beec   0x0000017a   Code   RO         6945    x$fpl$dunder        g_wm.l(dunder_clz.o)
    0x0800c066   0x0800c066   0x00000002   PAD
    0x0800c068   0x0800c068   0x000001ec   Code   RO         6947    x$fpl$exception     g_wm.l(except.o)
    0x0800c254   0x0800c254   0x0000007a   Code   RO         6794    x$fpl$f2d           g_wm.l(f2d.o)
    0x0800c2ce   0x0800c2ce   0x000000f2   Code   RO         6949    x$fpl$fnaninf       g_wm.l(fnaninf.o)
    0x0800c3c0   0x0800c3c0   0x0000000a   Code   RO         7143    x$fpl$fpinit        g_wm.l(fpinit.o)
    0x0800c3ca   0x0800c3ca   0x0000000a   Code   RO         6951    x$fpl$fretinf       g_wm.l(fretinf.o)
    0x0800c3d4   0x0800c3d4   0x0000013c   Code   RO         6953    x$fpl$funder        g_wm.l(funder_clz.o)
    0x0800c510   0x0800c510   0x000000b2   Code   RO         7056    x$fpl$retnan        g_wm.l(retnan.o)
    0x0800c5c2   0x0800c5c2   0x00000002   PAD
    0x0800c5c4   0x0800c5c4   0x00000114   Code   RO         6955    x$fpl$scalbn        g_wm.l(scalbn_clz.o)
    0x0800c6d8   0x0800c6d8   0x0000007e   Code   RO         6957    x$fpl$trapveneer    g_wm.l(trapv.o)
    0x0800c756   0x0800c756   0x00000000   Code   RO         6959    x$fpl$usenofp       g_wm.l(usenofp.o)
    0x0800c756   0x0800c756   0x00000002   PAD
    0x0800c758   0x0800c758   0x0000008c   Data   RO          275    .constdata          freertos.o
    0x0800c7e4   0x0800c7e4   0x00000018   Data   RO          770    .constdata          system_stm32f4xx.o
    0x0800c7fc   0x0800c7fc   0x00000008   Data   RO         1054    .constdata          detect_task.o
    0x0800c804   0x0800c804   0x0000000c   Data   RO         1109    .constdata          ins_task.o
    0x0800c810   0x0800c810   0x0000000c   Data   RO         1514    .constdata          chassis_task.o
    0x0800c81c   0x0800c81c   0x00000008   Data   RO         2901    .constdata          stm32f4xx_hal_dma.o
    0x0800c824   0x0800c824   0x00000004   PAD
    0x0800c828   0x0800c828   0x00000088   Data   RO         6865    .constdata          m_wm.l(pow.o)
    0x0800c8b0   0x0800c8b0   0x00000098   Data   RO         6963    .constdata          m_wm.l(atan.o)
    0x0800c948   0x0800c948   0x00000030   Data   RO         6975    .constdata          m_wm.l(cos_i.o)
    0x0800c978   0x0800c978   0x00000008   Data   RO         7011    .constdata          m_wm.l(qnan.o)
    0x0800c980   0x0800c980   0x000000c8   Data   RO         7014    .constdata          m_wm.l(rred.o)
    0x0800ca48   0x0800ca48   0x00000028   Data   RO         7021    .constdata          m_wm.l(sin_i.o)
    0x0800ca70   0x0800ca70   0x0000003e   Data   RO          276    .conststring        freertos.o
    0x0800caae   0x0800caae   0x00000002   PAD
    0x0800cab0   0x0800cab0   0x00000020   Data   RO         7199    Region$$Table       anon$$obj.o


    Execution Region RW_IRAM1 (Exec base: 0x20000000, Load base: 0x0800cad0, Size: 0x000092d0, Max: 0x00020000, ABSOLUTE, COMPRESSED[0x00000094])

    Exec Addr    Load Addr    Size         Type   Attr      Idx    E Section Name        Object

    0x20000000   COMPRESSED   0x00000018   Data   RW          277    .data               freertos.o
    0x20000018   COMPRESSED   0x00000004   Data   RW          351    .data               can.o
    0x2000001c   COMPRESSED   0x00000004   Data   RW          771    .data               system_stm32f4xx.o
    0x20000020   COMPRESSED   0x00000005   Data   RW         1055    .data               detect_task.o
    0x20000025   COMPRESSED   0x00000001   PAD
    0x20000026   COMPRESSED   0x00000002   Data   RW         1192    .data               remote_control.o
    0x20000028   COMPRESSED   0x00000006   Data   RW         1275    .data               test_task.o
    0x2000002e   COMPRESSED   0x0000001e   Data   RW         1325    .data               can_receive.o
    0x2000004c   COMPRESSED   0x00000008   Data   RW         1401    .data               vofa_task.o
    0x20000054   COMPRESSED   0x00000001   Data   RW         1448    .data               chassis_behaviour.o
    0x20000055   COMPRESSED   0x00000003   PAD
    0x20000058   COMPRESSED   0x000000f4   Data   RW         1515    .data               chassis_task.o
    0x2000014c   COMPRESSED   0x0000002c   Data   RW         1616    .data               bmi088driver.o
    0x20000178   COMPRESSED   0x00000014   Data   RW         2032    .data               mahonyahrs.o
    0x2000018c   COMPRESSED   0x0000000c   Data   RW         3323    .data               stm32f4xx_hal.o
    0x20000198   COMPRESSED   0x0000003c   Data   RW         5685    .data               tasks.o
    0x200001d4   COMPRESSED   0x00000014   Data   RW         5972    .data               timers.o
    0x200001e8   COMPRESSED   0x00000018   Data   RW         6477    .data               heap_4.o
    0x20000200   COMPRESSED   0x0000000c   Data   RW         6528    .data               port.o
    0x2000020c        -       0x000006a8   Zero   RW          274    .bss                freertos.o
    0x200008b4        -       0x00000050   Zero   RW          350    .bss                can.o
    0x20000904        -       0x00000118   Zero   RW          422    .bss                spi.o
    0x20000a1c        -       0x00000080   Zero   RW          466    .bss                tim.o
    0x20000a9c        -       0x00000120   Zero   RW          520    .bss                usart.o
    0x20000bbc        -       0x00000040   Zero   RW          732    .bss                stm32f4xx_hal_timebase_tim.o
    0x20000bfc        -       0x000000b4   Zero   RW         1053    .bss                detect_task.o
    0x20000cb0        -       0x000000b8   Zero   RW         1108    .bss                ins_task.o
    0x20000d68        -       0x0000005e   Zero   RW         1191    .bss                remote_control.o
    0x20000dc6        -       0x00000050   Zero   RW         1324    .bss                can_receive.o
    0x20000e16   COMPRESSED   0x00000002   PAD
    0x20000e18        -       0x00000018   Zero   RW         1400    .bss                vofa_task.o
    0x20000e30        -       0x00000600   Zero   RW         1513    .bss                chassis_task.o
    0x20001430        -       0x00000040   Zero   RW         5318    .bss                queue.o
    0x20001470        -       0x000000f0   Zero   RW         5684    .bss                tasks.o
    0x20001560        -       0x00000110   Zero   RW         5971    .bss                timers.o
    0x20001670        -       0x00003c00   Zero   RW         6476    .bss                heap_4.o
    0x20005270        -       0x00000060   Zero   RW         7059    .bss                c_w.l(libspace.o)
    0x200052d0        -       0x00002000   Zero   RW            2    HEAP                startup_stm32f407xx.o
    0x200072d0        -       0x00002000   Zero   RW            1    STACK               startup_stm32f407xx.o


==============================================================================

Image component sizes


      Code (inc. data)   RO Data    RW Data    ZI Data      Debug   Object Name

         0          0          0          0          0        392   ahrs_middleware.o
      1030         20          0         44          0       6454   bmi088driver.o
       216         28          0          0          0       4952   bmi088middleware.o
        60         18          0          0          0       2015   bsp_buzzer.o
       236         22          0          0          0       1511   bsp_rc.o
       544         44          0          4         80       2394   can.o
      1008         72          0         30         80       5954   can_receive.o
       322         16          0          1          0       5354   chassis_behaviour.o
      4406        242         12        244       1536      16292   chassis_task.o
       130          0          0          0          0      22047   cmsis_os.o
      1340         50          8          5        180       7628   detect_task.o
       120          6          0          0          0        794   dma.o
        28          0          0          0          0      20424   event_groups.o
       232         52        202         24       1704       3167   freertos.o
       276         12          0          0          0       1047   gpio.o
       492         32          0         24      15360       4919   heap_4.o
       758         54         12          0        184       6604   ins_task.o
       144          0          0          0          0       3578   list.o
       824         38          0         20          0       2290   mahonyahrs.o
       282         16          0          0          0     743308   main.o
      2036         26          0          0          0       5289   pid.o
       814         92          0         12          0      11965   port.o
      1584         24          0          0         64      14976   queue.o
       738         42          0          2         94      11465   remote_control.o
       404         38          0          0        280       1867   spi.o
        64         26        392          0      16384        840   startup_stm32f407xx.o
        80         14          0         12          0       3226   stm32f4xx_hal.o
      2004          6          0          0          0      14935   stm32f4xx_hal_can.o
       168         12          0          0          0      32838   stm32f4xx_hal_cortex.o
       942         18          8          0          0       4943   stm32f4xx_hal_dma.o
       554         22          0          0          0       2520   stm32f4xx_hal_gpio.o
        84          6          0          0          0        830   stm32f4xx_hal_msp.o
      1698        108          0          0          0       7041   stm32f4xx_hal_rcc.o
       900          8          0          0          0       4617   stm32f4xx_hal_spi.o
      1864         46          0          0          0      16969   stm32f4xx_hal_tim.o
        82          0          0          0          0       2513   stm32f4xx_hal_tim_ex.o
       140         18          0          0         64       1439   stm32f4xx_hal_timebase_tim.o
      1918         20          0          0          0      10063   stm32f4xx_hal_uart.o
       216         72          0          0          0       9057   stm32f4xx_it.o
       100         18         24          4          0       1143   system_stm32f4xx.o
      2384        212          0         60        240      25740   tasks.o
        68         14          0          6          0        807   test_task.o
       492         46          0          0        128       3049   tim.o
      1016         96          0         20        272      27507   timers.o
       716         72          0          0        288       3123   usart.o
       158          4          0          0          0       2814   user_lib.o
       280         16          0          8         24       3454   vofa_task.o

    ----------------------------------------------------------------------
     33998       1798        696        524      36964    1086154   Object Totals
         0          0         32          0          0          0   (incl. Generated)
        46          0          6          4          2          0   (incl. Padding)

    ----------------------------------------------------------------------

      Code (inc. data)   RO Data    RW Data    ZI Data      Debug   Library Member Name

        90          0          0          0          0          0   __dczerorl2.o
         8          0          0          0          0         68   __main.o
         0          0          0          0          0          0   __rtentry.o
        12          0          0          0          0          0   __rtentry2.o
         6          0          0          0          0          0   __rtentry4.o
        52          8          0          0          0          0   __scatter.o
        28          0          0          0          0          0   __scatter_zi.o
        48          4          0          0          0         84   _fptrap.o
        22          0          0          0          0        100   _rserrno.o
        10          0          0          0          0         68   defsig_exit.o
       172        110          0          0          0         76   defsig_fpe_inner.o
        14          0          0          0          0         80   defsig_fpe_outer.o
        50          0          0          0          0         88   defsig_general.o
        18          0          0          0          0         80   exit.o
         6          0          0          0          0        152   heapauxi.o
         0          0          0          0          0          0   indicate_semi.o
         2          0          0          0          0          0   libinit.o
         6          0          0          0          0          0   libinit2.o
         2          0          0          0          0          0   libshutdown.o
         2          0          0          0          0          0   libshutdown2.o
         8          4          0          0         96         68   libspace.o
       238          0          0          0          0        100   lludivv7m.o
         8          4          0          0          0         68   rt_errno_addr_intlibspace.o
        78          0          0          0          0         80   rt_memclr_w.o
       138          0          0          0          0         68   rt_memcpy_v6.o
       100          0          0          0          0         80   rt_memcpy_w.o
         2          0          0          0          0          0   rtexit.o
        10          0          0          0          0          0   rtexit2.o
        12          4          0          0          0         68   sys_exit.o
        74          0          0          0          0         80   sys_stackheap_outer.o
        14          0          0          0          0         76   sys_wrch.o
         2          0          0          0          0         68   use_no_semi.o
        24          0          0          0          0        164   basic.o
       708         16          0          0          0        140   d2f_clz.o
      1336         32          0          0          0        532   daddsub_clz.o
        28          0          0          0          0        116   dcheck1.o
        24          0          0          0          0        116   dcmpi.o
       892        152          0          0          0        292   ddiv_clz.o
       200         16          0          0          0        184   dfix.o
       110          0          0          0          0        348   dflt_clz.o
       120          8          0          0          0        140   dleqf.o
       448         16          0          0          0        164   dmul_clz.o
       258          4          0          0          0        156   dnaninf.o
       112          0          0          0          0        160   drenorm_clz.o
        12          0          0          0          0        116   dretinf.o
        98          0          0          0          0        128   drleqf.o
       520         56          0          0          0        180   dsqrt_umaalclz.o
       378          0          0          0          0        168   dunder_clz.o
       492         36          0          0          0        148   except.o
       122          8          0          0          0        132   f2d.o
       242          4          0          0          0        144   fnaninf.o
        10          0          0          0          0        116   fpinit.o
        10          0          0          0          0        116   fretinf.o
       316          0          0          0          0        132   funder_clz.o
       178          0          0          0          0        116   retnan.o
       276          4          0          0          0        124   scalbn_clz.o
       126          0          0          0          0        148   trapv.o
         0          0          0          0          0          0   usenofp.o
       300         42          0          0          0        176   asinf.o
       744        106        152          0          0        352   atan.o
       496         64          0          0          0        192   atan2.o
       592         90          0          0          0        184   atan2f.o
       200         20          0          0          0        164   cos.o
       368         46         48          0          0        200   cos_i.o
       184         44          0          0          0        744   dunder.o
        44          0          0          0          0        248   fabs.o
        48          0          0          0          0        124   fpclassify.o
        38          0          0          0          0        116   fpclassifyf.o
        44         12          0          0          0        464   funder.o
       248          0          0          0          0        152   poly.o
      3152        296        136          0          0        352   pow.o
         0          0          8          0          0          0   qnan.o
      1080        142        200          0          0        188   rred.o
       200         20          0          0          0        164   sin.o
       304         24         40          0          0        208   sin_i.o
       232          0          0          0          0        296   sqrt_full.o
        62          0          0          0          0        136   sqrtf_full.o

    ----------------------------------------------------------------------
     16642       1396        584          0         96      10292   Library Totals
        34          4          0          0          0          0   (incl. Padding)

    ----------------------------------------------------------------------

      Code (inc. data)   RO Data    RW Data    ZI Data      Debug   Library Name

      1232        134          0          0         96       1552   c_w.l
      7040        352          0          0          0       4280   g_wm.l
      8336        906        584          0          0       4460   m_wm.l

    ----------------------------------------------------------------------
     16642       1396        584          0         96      10292   Library Totals

    ----------------------------------------------------------------------

==============================================================================


      Code (inc. data)   RO Data    RW Data    ZI Data      Debug   

     50640       3194       1280        524      37060    1063566   Grand Totals
     50640       3194       1280        148      37060    1063566   ELF Image Totals (compressed)
     50640       3194       1280        148          0          0   ROM Totals

==============================================================================

    Total RO  Size (Code + RO Data)                51920 (  50.70kB)
    Total RW  Size (RW Data + ZI Data)             37584 (  36.70kB)
    Total ROM Size (Code + RO Data + RW Data)      52068 (  50.85kB)

==============================================================================

