Component: ARM Compiler 5.06 update 5 (build 528) Tool: armlink [4d35e2]

==============================================================================

Section Cross References

    startup_stm32f407xx.o(STACK) refers (Special) to heapauxi.o(.text) for __use_two_region_memory
    startup_stm32f407xx.o(HEAP) refers (Special) to heapauxi.o(.text) for __use_two_region_memory
    startup_stm32f407xx.o(RESET) refers (Special) to heapauxi.o(.text) for __use_two_region_memory
    startup_stm32f407xx.o(RESET) refers to startup_stm32f407xx.o(STACK) for __initial_sp
    startup_stm32f407xx.o(RESET) refers to startup_stm32f407xx.o(.text) for Reset_Handler
    startup_stm32f407xx.o(RESET) refers to stm32f4xx_it.o(i.NMI_Handler) for NMI_Handler
    startup_stm32f407xx.o(RESET) refers to stm32f4xx_it.o(i.HardFault_Handler) for HardFault_Handler
    startup_stm32f407xx.o(RESET) refers to stm32f4xx_it.o(i.MemManage_Handler) for MemManage_Handler
    startup_stm32f407xx.o(RESET) refers to stm32f4xx_it.o(i.BusFault_Handler) for BusFault_Handler
    startup_stm32f407xx.o(RESET) refers to stm32f4xx_it.o(i.UsageFault_Handler) for UsageFault_Handler
    startup_stm32f407xx.o(RESET) refers to port.o(.emb_text) for SVC_Handler
    startup_stm32f407xx.o(RESET) refers to stm32f4xx_it.o(i.DebugMon_Handler) for DebugMon_Handler
    startup_stm32f407xx.o(RESET) refers to port.o(i.SysTick_Handler) for SysTick_Handler
    startup_stm32f407xx.o(RESET) refers to stm32f4xx_it.o(i.DMA1_Stream1_IRQHandler) for DMA1_Stream1_IRQHandler
    startup_stm32f407xx.o(RESET) refers to stm32f4xx_it.o(i.CAN1_TX_IRQHandler) for CAN1_TX_IRQHandler
    startup_stm32f407xx.o(RESET) refers to stm32f4xx_it.o(i.CAN1_RX0_IRQHandler) for CAN1_RX0_IRQHandler
    startup_stm32f407xx.o(RESET) refers to stm32f4xx_it.o(i.CAN1_RX1_IRQHandler) for CAN1_RX1_IRQHandler
    startup_stm32f407xx.o(RESET) refers to stm32f4xx_it.o(i.USART1_IRQHandler) for USART1_IRQHandler
    startup_stm32f407xx.o(RESET) refers to remote_control.o(i.USART3_IRQHandler) for USART3_IRQHandler
    startup_stm32f407xx.o(RESET) refers to stm32f4xx_it.o(i.TIM5_IRQHandler) for TIM5_IRQHandler
    startup_stm32f407xx.o(RESET) refers to stm32f4xx_it.o(i.TIM6_DAC_IRQHandler) for TIM6_DAC_IRQHandler
    startup_stm32f407xx.o(RESET) refers to stm32f4xx_it.o(i.DMA2_Stream2_IRQHandler) for DMA2_Stream2_IRQHandler
    startup_stm32f407xx.o(RESET) refers to stm32f4xx_it.o(i.DMA2_Stream3_IRQHandler) for DMA2_Stream3_IRQHandler
    startup_stm32f407xx.o(RESET) refers to stm32f4xx_it.o(i.CAN2_TX_IRQHandler) for CAN2_TX_IRQHandler
    startup_stm32f407xx.o(RESET) refers to stm32f4xx_it.o(i.CAN2_RX0_IRQHandler) for CAN2_RX0_IRQHandler
    startup_stm32f407xx.o(RESET) refers to stm32f4xx_it.o(i.CAN2_RX1_IRQHandler) for CAN2_RX1_IRQHandler
    startup_stm32f407xx.o(RESET) refers to stm32f4xx_it.o(i.USART6_IRQHandler) for USART6_IRQHandler
    startup_stm32f407xx.o(.text) refers (Special) to heapauxi.o(.text) for __use_two_region_memory
    startup_stm32f407xx.o(.text) refers to system_stm32f4xx.o(i.SystemInit) for SystemInit
    startup_stm32f407xx.o(.text) refers to __main.o(!!!main) for __main
    startup_stm32f407xx.o(.text) refers to startup_stm32f407xx.o(HEAP) for Heap_Mem
    startup_stm32f407xx.o(.text) refers to startup_stm32f407xx.o(STACK) for Stack_Mem
    main.o(i.HAL_TIM_PeriodElapsedCallback) refers to stm32f4xx_hal.o(i.HAL_IncTick) for HAL_IncTick
    main.o(i.SystemClock_Config) refers to rt_memclr_w.o(.text) for __aeabi_memclr4
    main.o(i.SystemClock_Config) refers to stm32f4xx_hal_rcc.o(i.HAL_RCC_OscConfig) for HAL_RCC_OscConfig
    main.o(i.SystemClock_Config) refers to main.o(i.Error_Handler) for Error_Handler
    main.o(i.SystemClock_Config) refers to stm32f4xx_hal_rcc.o(i.HAL_RCC_ClockConfig) for HAL_RCC_ClockConfig
    main.o(i.main) refers to stm32f4xx_hal.o(i.HAL_Init) for HAL_Init
    main.o(i.main) refers to main.o(i.SystemClock_Config) for SystemClock_Config
    main.o(i.main) refers to gpio.o(i.MX_GPIO_Init) for MX_GPIO_Init
    main.o(i.main) refers to dma.o(i.MX_DMA_Init) for MX_DMA_Init
    main.o(i.main) refers to can.o(i.MX_CAN1_Init) for MX_CAN1_Init
    main.o(i.main) refers to spi.o(i.MX_SPI1_Init) for MX_SPI1_Init
    main.o(i.main) refers to tim.o(i.MX_TIM4_Init) for MX_TIM4_Init
    main.o(i.main) refers to usart.o(i.MX_USART3_UART_Init) for MX_USART3_UART_Init
    main.o(i.main) refers to can.o(i.MX_CAN2_Init) for MX_CAN2_Init
    main.o(i.main) refers to usart.o(i.MX_USART1_UART_Init) for MX_USART1_UART_Init
    main.o(i.main) refers to usart.o(i.MX_USART6_UART_Init) for MX_USART6_UART_Init
    main.o(i.main) refers to tim.o(i.MX_TIM5_Init) for MX_TIM5_Init
    main.o(i.main) refers to remote_control.o(i.remote_control_init) for remote_control_init
    main.o(i.main) refers to bsp_buzzer.o(i.Buzzer_Init) for Buzzer_Init
    main.o(i.main) refers to can_receive.o(i.canfilter_init_start) for canfilter_init_start
[...]
    HAL_CAN_TxMailbox0AbortCallback          0x08001947   Thumb Code     2  stm32f4xx_hal_can.o(i.HAL_CAN_TxMailbox0AbortCallback)
    HAL_CAN_TxMailbox0CompleteCallback       0x08001949   Thumb Code     2  stm32f4xx_hal_can.o(i.HAL_CAN_TxMailbox0CompleteCallback)
    HAL_CAN_TxMailbox1AbortCallback          0x0800194b   Thumb Code     2  stm32f4xx_hal_can.o(i.HAL_CAN_TxMailbox1AbortCallback)
    HAL_CAN_TxMailbox1CompleteCallback       0x0800194d   Thumb Code     2  stm32f4xx_hal_can.o(i.HAL_CAN_TxMailbox1CompleteCallback)
    HAL_CAN_TxMailbox2AbortCallback          0x0800194f   Thumb Code     2  stm32f4xx_hal_can.o(i.HAL_CAN_TxMailbox2AbortCallback)
    HAL_CAN_TxMailbox2CompleteCallback       0x08001951   Thumb Code     2  stm32f4xx_hal_can.o(i.HAL_CAN_TxMailbox2CompleteCallback)
    HAL_CAN_WakeUpFromRxMsgCallback          0x08001953   Thumb Code     2  stm32f4xx_hal_can.o(i.HAL_CAN_WakeUpFromRxMsgCallback)
    HAL_DMA_Abort_IT                         0x08001955   Thumb Code    36  stm32f4xx_hal_dma.o(i.HAL_DMA_Abort_IT)
    HAL_DMA_IRQHandler                       0x08001979   Thumb Code   488  stm32f4xx_hal_dma.o(i.HAL_DMA_IRQHandler)
    HAL_DMA_Init                             0x08001b65   Thumb Code   230  stm32f4xx_hal_dma.o(i.HAL_DMA_Init)
    HAL_GPIO_Init                            0x08001c51   Thumb Code   518  stm32f4xx_hal_gpio.o(i.HAL_GPIO_Init)
    HAL_GPIO_WritePin                        0x08001e6d   Thumb Code    14  stm32f4xx_hal_gpio.o(i.HAL_GPIO_WritePin)
    HAL_GetTick                              0x08001e7d   Thumb Code     6  stm32f4xx_hal.o(i.HAL_GetTick)
    HAL_IncTick                              0x08001e89   Thumb Code    12  stm32f4xx_hal.o(i.HAL_IncTick)
    HAL_Init                                 0x08001e99   Thumb Code    48  stm32f4xx_hal.o(i.HAL_Init)
    HAL_InitTick                             0x08001ecd   Thumb Code   122  stm32f4xx_hal_timebase_tim.o(i.HAL_InitTick)
    HAL_MspInit                              0x08001f59   Thumb Code    78  stm32f4xx_hal_msp.o(i.HAL_MspInit)
    HAL_NVIC_EnableIRQ                       0x08001fad   Thumb Code    28  stm32f4xx_hal_cortex.o(i.HAL_NVIC_EnableIRQ)
    HAL_NVIC_SetPriority                     0x08001fc9   Thumb Code    98  stm32f4xx_hal_cortex.o(i.HAL_NVIC_SetPriority)
    HAL_NVIC_SetPriorityGrouping             0x08002031   Thumb Code    30  stm32f4xx_hal_cortex.o(i.HAL_NVIC_SetPriorityGrouping)
    HAL_RCC_ClockConfig                      0x08002055   Thumb Code   352  stm32f4xx_hal_rcc.o(i.HAL_RCC_ClockConfig)
    HAL_RCC_GetClockConfig                   0x080021c9   Thumb Code    52  stm32f4xx_hal_rcc.o(i.HAL_RCC_GetClockConfig)
    HAL_RCC_GetHCLKFreq                      0x08002205   Thumb Code     6  stm32f4xx_hal_rcc.o(i.HAL_RCC_GetHCLKFreq)
    HAL_RCC_GetPCLK1Freq                     0x08002211   Thumb Code    22  stm32f4xx_hal_rcc.o(i.HAL_RCC_GetPCLK1Freq)
    HAL_RCC_GetPCLK2Freq                     0x08002231   Thumb Code    22  stm32f4xx_hal_rcc.o(i.HAL_RCC_GetPCLK2Freq)
    HAL_RCC_GetSysClockFreq                  0x08002251   Thumb Code    94  stm32f4xx_hal_rcc.o(i.HAL_RCC_GetSysClockFreq)
    HAL_RCC_OscConfig                        0x080022c1   Thumb Code  1078  stm32f4xx_hal_rcc.o(i.HAL_RCC_OscConfig)
    HAL_SPI_Init                             0x080026f7   Thumb Code   130  stm32f4xx_hal_spi.o(i.HAL_SPI_Init)
    HAL_SPI_MspInit                          0x08002779   Thumb Code   304  spi.o(i.HAL_SPI_MspInit)
    HAL_SPI_TransmitReceive                  0x080028c5   Thumb Code   504  stm32f4xx_hal_spi.o(i.HAL_SPI_TransmitReceive)
    HAL_TIMEx_BreakCallback                  0x08002abd   Thumb Code     2  stm32f4xx_hal_tim_ex.o(i.HAL_TIMEx_BreakCallback)
    HAL_TIMEx_CommutCallback                 0x08002abf   Thumb Code     2  stm32f4xx_hal_tim_ex.o(i.HAL_TIMEx_CommutCallback)
    HAL_TIMEx_MasterConfigSynchronization    0x08002ac1   Thumb Code    78  stm32f4xx_hal_tim_ex.o(i.HAL_TIMEx_MasterConfigSynchronization)
    HAL_TIM_Base_Init                        0x08002b0f   Thumb Code    56  stm32f4xx_hal_tim.o(i.HAL_TIM_Base_Init)
    HAL_TIM_Base_MspInit                     0x08002b49   Thumb Code   102  tim.o(i.HAL_TIM_Base_MspInit)
    HAL_TIM_Base_Start                       0x08002bbd   Thumb Code    36  stm32f4xx_hal_tim.o(i.HAL_TIM_Base_Start)
    HAL_TIM_Base_Start_IT                    0x08002be1   Thumb Code    34  stm32f4xx_hal_tim.o(i.HAL_TIM_Base_Start_IT)
    HAL_TIM_ConfigClockSource                0x08002c03   Thumb Code   228  stm32f4xx_hal_tim.o(i.HAL_TIM_ConfigClockSource)
    HAL_TIM_IC_CaptureCallback               0x08002ce7   Thumb Code     2  stm32f4xx_hal_tim.o(i.HAL_TIM_IC_CaptureCallback)
    HAL_TIM_IRQHandler                       0x08002ce9   Thumb Code   372  stm32f4xx_hal_tim.o(i.HAL_TIM_IRQHandler)
    HAL_TIM_MspPostInit                      0x08002e5d   Thumb Code    86  tim.o(i.HAL_TIM_MspPostInit)
    HAL_TIM_OC_DelayElapsedCallback          0x08002ec1   Thumb Code     2  stm32f4xx_hal_tim.o(i.HAL_TIM_OC_DelayElapsedCallback)
    HAL_TIM_PWM_ConfigChannel                0x08002ec3   Thumb Code   220  stm32f4xx_hal_tim.o(i.HAL_TIM_PWM_ConfigChannel)
    HAL_TIM_PWM_Init                         0x08002f9f   Thumb Code    56  stm32f4xx_hal_tim.o(i.HAL_TIM_PWM_Init)
    HAL_TIM_PWM_MspInit                      0x08002fd7   Thumb Code     2  stm32f4xx_hal_tim.o(i.HAL_TIM_PWM_MspInit)
    HAL_TIM_PWM_PulseFinishedCallback        0x08002fd9   Thumb Code     2  stm32f4xx_hal_tim.o(i.HAL_TIM_PWM_PulseFinishedCallback)
    HAL_TIM_PWM_Start                        0x08002fdb   Thumb Code    66  stm32f4xx_hal_tim.o(i.HAL_TIM_PWM_Start)
    HAL_TIM_PeriodElapsedCallback            0x0800301d   Thumb Code    18  main.o(i.HAL_TIM_PeriodElapsedCallback)
    HAL_TIM_TriggerCallback                  0x08003035   Thumb Code     2  stm32f4xx_hal_tim.o(i.HAL_TIM_TriggerCallback)
    HAL_UART_ErrorCallback                   0x08003037   Thumb Code     2  stm32f4xx_hal_uart.o(i.HAL_UART_ErrorCallback)
    HAL_UART_IRQHandler                      0x08003039   Thumb Code   306  stm32f4xx_hal_uart.o(i.HAL_UART_IRQHandler)
    HAL_UART_Init                            0x08003171   Thumb Code   100  stm32f4xx_hal_uart.o(i.HAL_UART_Init)
    HAL_UART_MspInit                         0x080031d5   Thumb Code   508  usart.o(i.HAL_UART_MspInit)
    HAL_UART_RxCpltCallback                  0x080033f9   Thumb Code     2  stm32f4xx_hal_uart.o(i.HAL_UART_RxCpltCallback)
    HAL_UART_TxCpltCallback                  0x080033fb   Thumb Code     2  stm32f4xx_hal_uart.o(i.HAL_UART_TxCpltCallback)
    HardFault_Handler                        0x080033fd   Thumb Code     4  stm32f4xx_it.o(i.HardFault_Handler)
    INS_task                                 0x08003401   Thumb Code   226  ins_task.o(i.INS_task)
    MX_CAN1_Init                             0x08003505   Thumb Code    54  can.o(i.MX_CAN1_Init)
    MX_CAN2_Init                             0x08003545   Thumb Code    54  can.o(i.MX_CAN2_Init)
    MX_DMA_Init                              0x08003585   Thumb Code   114  dma.o(i.MX_DMA_Init)
    MX_FREERTOS_Init                         0x080035fd   Thumb Code   150  freertos.o(i.MX_FREERTOS_Init)
    MX_GPIO_Init                             0x080036b5   Thumb Code   264  gpio.o(i.MX_GPIO_Init)
    MX_SPI1_Init                             0x080037c9   Thumb Code    62  spi.o(i.MX_SPI1_Init)
    MX_TIM4_Init                             0x08003811   Thumb Code   154  tim.o(i.MX_TIM4_Init)
    MX_TIM5_Init                             0x080038b5   Thumb Code   104  tim.o(i.MX_TIM5_Init)
    MX_USART1_UART_Init                      0x08003925   Thumb Code    46  usart.o(i.MX_USART1_UART_Init)
    MX_USART3_UART_Init                      0x0800395d   Thumb Code    44  usart.o(i.MX_USART3_UART_Init)
    MX_USART6_UART_Init                      0x08003995   Thumb Code    46  usart.o(i.MX_USART6_UART_Init)
    MahonyAHRSupdateIMU                      0x080039cd   Thumb Code   730  mahonyahrs.o(i.MahonyAHRSupdateIMU)
    MemManage_Handler                        0x08003cc9   Thumb Code     4  stm32f4xx_it.o(i.MemManage_Handler)
    NMI_Handler                              0x08003ccd   Thumb Code     4  stm32f4xx_it.o(i.NMI_Handler)
    PID_Calc_Ecd                             0x08003cd1   Thumb Code   716  pid.o(i.PID_Calc_Ecd)
    PID_calc                                 0x08003fa1   Thumb Code  1176  pid.o(i.PID_calc)
    PID_init                                 0x08004439   Thumb Code    94  pid.o(i.PID_init)
    RC_data_is_error                         0x08004585   Thumb Code   146  remote_control.o(i.RC_data_is_error)
    RC_init                                  0x0800461d   Thumb Code   142  bsp_rc.o(i.RC_init)
    RC_restart                               0x080046b9   Thumb Code    72  bsp_rc.o(i.RC_restart)
    SysTick_Handler                          0x08004a59   Thumb Code    38  port.o(i.SysTick_Handler)
    SystemClock_Config                       0x08004a85   Thumb Code   170  main.o(i.SystemClock_Config)
    SystemInit                               0x08004b39   Thumb Code    82  system_stm32f4xx.o(i.SystemInit)
    TIM5_IRQHandler                          0x08004b9d   Thumb Code    10  stm32f4xx_it.o(i.TIM5_IRQHandler)
    TIM6_DAC_IRQHandler                      0x08004bad   Thumb Code    10  stm32f4xx_it.o(i.TIM6_DAC_IRQHandler)
    TIM_Base_SetConfig                       0x08004bbd   Thumb Code   182  stm32f4xx_hal_tim.o(i.TIM_Base_SetConfig)
    TIM_CCxChannelCmd                        0x08004c89   Thumb Code    30  stm32f4xx_hal_tim.o(i.TIM_CCxChannelCmd)
    TIM_ETR_SetConfig                        0x08004ca7   Thumb Code    22  stm32f4xx_hal_tim.o(i.TIM_ETR_SetConfig)
    TIM_OC2_SetConfig                        0x08004d3d   Thumb Code   112  stm32f4xx_hal_tim.o(i.TIM_OC2_SetConfig)
    USART1_IRQHandler                        0x08005359   Thumb Code    10  stm32f4xx_it.o(i.USART1_IRQHandler)
    USART3_IRQHandler                        0x08005369   Thumb Code   276  remote_control.o(i.USART3_IRQHandler)
    USART6_IRQHandler                        0x08005499   Thumb Code    10  stm32f4xx_it.o(i.USART6_IRQHandler)
    UsageFault_Handler                       0x080054a9   Thumb Code     4  stm32f4xx_it.o(i.UsageFault_Handler)
    __ARM_fpclassify                         0x080054ad   Thumb Code    48  fpclassify.o(i.__ARM_fpclassify)
    __ARM_fpclassifyf                        0x080054dd   Thumb Code    38  fpclassifyf.o(i.__ARM_fpclassifyf)
    __hardfp_asinf                           0x08005505   Thumb Code   258  asinf.o(i.__hardfp_asinf)
    __hardfp_atan                            0x08005631   Thumb Code   622  atan.o(i.__hardfp_atan)
    __hardfp_atan2                           0x08005909   Thumb Code   432  atan2.o(i.__hardfp_atan2)
    __hardfp_atan2f                          0x08005af9   Thumb Code   502  atan2f.o(i.__hardfp_atan2f)
    __hardfp_cos                             0x08005d49   Thumb Code   180  cos.o(i.__hardfp_cos)
    __hardfp_fabs                            0x08005e11   Thumb Code    20  fabs.o(i.__hardfp_fabs)
    __hardfp_pow                             0x08005e29   Thumb Code  3072  pow.o(i.__hardfp_pow)
    __hardfp_sin                             0x08006a79   Thumb Code   180  sin.o(i.__hardfp_sin)
    __hardfp_sqrt                            0x08006b41   Thumb Code   122  sqrt_full.o(i.__hardfp_sqrt)
    __ieee754_rem_pio2                       0x08006bc1   Thumb Code   938  rred.o(i.__ieee754_rem_pio2)
    __kernel_cos                             0x08006ff9   Thumb Code   322  cos_i.o(i.__kernel_cos)
    __kernel_poly                            0x08007169   Thumb Code   248  poly.o(i.__kernel_poly)
    __kernel_sin                             0x08007261   Thumb Code   280  sin_i.o(i.__kernel_sin)
    __mathlib_dbl_divzero                    0x08007391   Thumb Code    28  dunder.o(i.__mathlib_dbl_divzero)
    __mathlib_dbl_infnan                     0x080073c1   Thumb Code    20  dunder.o(i.__mathlib_dbl_infnan)
    __mathlib_dbl_infnan2                    0x080073d5   Thumb Code    20  dunder.o(i.__mathlib_dbl_infnan2)
    __mathlib_dbl_invalid                    0x080073e9   Thumb Code    24  dunder.o(i.__mathlib_dbl_invalid)
    __mathlib_dbl_overflow                   0x08007409   Thumb Code    24  dunder.o(i.__mathlib_dbl_overflow)
    __mathlib_dbl_underflow                  0x08007429   Thumb Code    24  dunder.o(i.__mathlib_dbl_underflow)
    __mathlib_flt_infnan                     0x08007449   Thumb Code     6  funder.o(i.__mathlib_flt_infnan)
    __mathlib_flt_infnan2                    0x0800744f   Thumb Code     6  funder.o(i.__mathlib_flt_infnan2)
    __mathlib_flt_invalid                    0x08007455   Thumb Code    10  funder.o(i.__mathlib_flt_invalid)
    __mathlib_flt_underflow                  0x08007465   Thumb Code    10  funder.o(i.__mathlib_flt_underflow)
    angle_judge                              0x08007475   Thumb Code    96  chassis_task.o(i.angle_judge)
    atan                                     0x080074dd   Thumb Code    16  atan.o(i.atan)
    bmi088_accel_init                        0x080074ed   Thumb Code   290  bmi088driver.o(i.bmi088_accel_init)
    bmi088_gyro_init                         0x08007615   Thumb Code   238  bmi088driver.o(i.bmi088_gyro_init)
    buzzer_off                               0x08007709   Thumb Code    10  bsp_buzzer.o(i.buzzer_off)
    buzzer_on                                0x08007719   Thumb Code    14  bsp_buzzer.o(i.buzzer_on)
    canfilter_init_start                     0x0800772d   Thumb Code    84  can_receive.o(i.canfilter_init_start)
    chassis_behaviour_control_set            0x080077d1   Thumb Code   134  chassis_behaviour.o(i.chassis_behaviour_control_set)
    chassis_behaviour_mode_set               0x0800785d   Thumb Code    20  chassis_behaviour.o(i.chassis_behaviour_mode_set)
    chassis_rc_to_control_vector             0x08007b81   Thumb Code   482  chassis_task.o(i.chassis_rc_to_control_vector)
    chassis_task                             0x080084a1   Thumb Code   198  chassis_task.o(i.chassis_task)
    detect_hook                              0x08008599   Thumb Code   288  detect_task.o(i.detect_hook)
    detect_task                              0x08008841   Thumb Code   618  detect_task.o(i.detect_task)
    fabs                                     0x08008ae5   Thumb Code    24  fabs.o(i.fabs)
    first_order_filter_cali                  0x08008afd   Thumb Code    84  user_lib.o(i.first_order_filter_cali)
    first_order_filter_init                  0x08008b51   Thumb Code    32  user_lib.o(i.first_order_filter_init)
    get_INS_data_point                       0x08008b75   Thumb Code     4  ins_task.o(i.get_INS_data_point)
    get_angle                                0x08008b7d   Thumb Code   220  ins_task.o(i.get_angle)
    get_chassis_course_motor_measure_point   0x08008c59   Thumb Code    18  can_receive.o(i.get_chassis_course_motor_measure_point)
    get_chassis_drive_motor_measure_point    0x08008c71   Thumb Code    18  can_receive.o(i.get_chassis_drive_motor_measure_point)
    get_remote_control_point                 0x08008c89   Thumb Code     4  remote_control.o(i.get_remote_control_point)
    imu_offset_accquier                      0x08008c91   Thumb Code   170  ins_task.o(i.imu_offset_accquier)
    imu_offset_remove                        0x08008d45   Thumb Code    50  ins_task.o(i.imu_offset_remove)
    invSqrt                                  0x08008d79   Thumb Code    56  mahonyahrs.o(i.invSqrt)
    main                                     0x08008db5   Thumb Code    72  main.o(i.main)
    osDelay                                  0x08008e09   Thumb Code    16  cmsis_os.o(i.osDelay)
    osKernelStart                            0x08008e19   Thumb Code    10  cmsis_os.o(i.osKernelStart)
    osThreadCreate                           0x08008e23   Thumb Code    92  cmsis_os.o(i.osThreadCreate)
    pvPortMalloc                             0x08009665   Thumb Code   218  heap_4.o(i.pvPortMalloc)
    pxPortInitialiseStack                    0x08009749   Thumb Code    38  port.o(i.pxPortInitialiseStack)
    remote_control_init                      0x08009775   Thumb Code    16  remote_control.o(i.remote_control_init)
    slove_RC_lost                            0x08009863   Thumb Code    10  remote_control.o(i.slove_RC_lost)
    slove_data_error                         0x0800986d   Thumb Code    10  remote_control.o(i.slove_data_error)
    sqrt                                     0x08009877   Thumb Code   110  sqrt_full.o(i.sqrt)
    sqrtf                                    0x080098e5   Thumb Code    62  sqrtf_full.o(i.sqrtf)
    test_task                                0x08009925   Thumb Code    54  test_task.o(i.test_task)
    toe_is_error                             0x08009969   Thumb Code    20  detect_task.o(i.toe_is_error)
    uxListRemove                             0x08009981   Thumb Code    38  list.o(i.uxListRemove)
    vApplicationGetIdleTaskMemory            0x080099a9   Thumb Code    14  freertos.o(i.vApplicationGetIdleTaskMemory)
    vApplicationGetTimerTaskMemory           0x080099c1   Thumb Code    16  freertos.o(i.vApplicationGetTimerTaskMemory)
    vListInitialise                          0x080099d9   Thumb Code    22  list.o(i.vListInitialise)
    vListInitialiseItem                      0x080099ef   Thumb Code     6  list.o(i.vListInitialiseItem)
    vListInsert                              0x080099f5   Thumb Code    54  list.o(i.vListInsert)
    vListInsertEnd                           0x08009a2b   Thumb Code    24  list.o(i.vListInsertEnd)
    vPortEnterCritical                       0x08009a45   Thumb Code    54  port.o(i.vPortEnterCritical)
    vPortExitCritical                        0x08009a85   Thumb Code    38  port.o(i.vPortExitCritical)
    vPortFree                                0x08009ab1   Thumb Code    88  heap_4.o(i.vPortFree)
    vPortSetupTimerInterrupt                 0x08009b0d   Thumb Code    32  port.o(i.vPortSetupTimerInterrupt)
    vPortValidateInterruptPriority           0x08009b31   Thumb Code    74  port.o(i.vPortValidateInterruptPriority)
    vQueueAddToRegistry                      0x08009b85   Thumb Code    34  queue.o(i.vQueueAddToRegistry)
    vQueueWaitForMessageRestricted           0x08009bad   Thumb Code    74  queue.o(i.vQueueWaitForMessageRestricted)
    vTaskDelay                               0x08009bf9   Thumb Code    70  tasks.o(i.vTaskDelay)
    vTaskDelete                              0x08009c49   Thumb Code   160  tasks.o(i.vTaskDelete)
    vTaskInternalSetTimeOutState             0x08009cf9   Thumb Code    12  tasks.o(i.vTaskInternalSetTimeOutState)
    vTaskMissedYield                         0x08009d09   Thumb Code     8  tasks.o(i.vTaskMissedYield)
    vTaskPlaceOnEventList                    0x08009d15   Thumb Code    48  tasks.o(i.vTaskPlaceOnEventList)
    vTaskPlaceOnEventListRestricted          0x08009d49   Thumb Code    54  tasks.o(i.vTaskPlaceOnEventListRestricted)
    vTaskStartScheduler                      0x08009d85   Thumb Code   128  tasks.o(i.vTaskStartScheduler)
    vTaskSuspendAll                          0x08009e15   Thumb Code    10  tasks.o(i.vTaskSuspendAll)
    vTaskSwitchContext                       0x08009e25   Thumb Code    86  tasks.o(i.vTaskSwitchContext)
    vofa_task                                0x08009e85   Thumb Code    10  freertos.o(i.vofa_task)
    xEventGroupCreate                        0x08009e8f   Thumb Code    28  event_groups.o(i.xEventGroupCreate)
    xPortStartScheduler                      0x08009ead   Thumb Code   232  port.o(i.xPortStartScheduler)
    xQueueGenericCreateStatic                0x08009fb1   Thumb Code   112  queue.o(i.xQueueGenericCreateStatic)
    xQueueGenericReset                       0x0800a021   Thumb Code   138  queue.o(i.xQueueGenericReset)
    xQueueGenericSend                        0x0800a0b1   Thumb Code   362  queue.o(i.xQueueGenericSend)
    xQueueGenericSendFromISR                 0x0800a221   Thumb Code   188  queue.o(i.xQueueGenericSendFromISR)
    xQueueReceive                            0x0800a2dd   Thumb Code   322  queue.o(i.xQueueReceive)
    xTaskCheckForTimeOut                     0x0800a425   Thumb Code   122  tasks.o(i.xTaskCheckForTimeOut)
    xTaskCreate                              0x0800a4a5   Thumb Code   108  tasks.o(i.xTaskCreate)
    xTaskCreateStatic                        0x0800a511   Thumb Code    96  tasks.o(i.xTaskCreateStatic)
    xTaskGetSchedulerState                   0x0800a571   Thumb Code    24  tasks.o(i.xTaskGetSchedulerState)
    xTaskGetTickCount                        0x0800a58d   Thumb Code     6  tasks.o(i.xTaskGetTickCount)
    xTaskIncrementTick                       0x0800a599   Thumb Code   200  tasks.o(i.xTaskIncrementTick)
    xTaskPriorityDisinherit                  0x0800a669   Thumb Code   146  tasks.o(i.xTaskPriorityDisinherit)
    xTaskRemoveFromEventList                 0x0800a705   Thumb Code   108  tasks.o(i.xTaskRemoveFromEventList)
    xTaskResumeAll                           0x0800a77d   Thumb Code   190  tasks.o(i.xTaskResumeAll)
    xTimerCreateTimerTask                    0x0800a849   Thumb Code    86  timers.o(i.xTimerCreateTimerTask)
    xTimerGenericCommand                     0x0800a8b1   Thumb Code   112  timers.o(i.xTimerGenericCommand)
    __aeabi_dneg                             0x0800a925   Thumb Code     0  basic.o(x$fpl$basic)
    _dneg                                    0x0800a925   Thumb Code     6  basic.o(x$fpl$basic)
    __aeabi_fneg                             0x0800a92b   Thumb Code     0  basic.o(x$fpl$basic)
    _fneg                                    0x0800a92b   Thumb Code     6  basic.o(x$fpl$basic)
    _dabs                                    0x0800a931   Thumb Code     6  basic.o(x$fpl$basic)
    _fabs                                    0x0800a937   Thumb Code     6  basic.o(x$fpl$basic)
    __aeabi_d2f                              0x0800a93d   Thumb Code     0  d2f_clz.o(x$fpl$d2f)
    _d2f                                     0x0800a93d   Thumb Code   700  d2f_clz.o(x$fpl$d2f)
    __aeabi_dadd                             0x0800ac01   Thumb Code     0  daddsub_clz.o(x$fpl$dadd)
    _dadd                                    0x0800ac01   Thumb Code   580  daddsub_clz.o(x$fpl$dadd)
    __fpl_dcheck_NaN1                        0x0800ae4d   Thumb Code    28  dcheck1.o(x$fpl$dcheck1)
    __fpl_dcmp_Inf                           0x0800ae69   Thumb Code    24  dcmpi.o(x$fpl$dcmpinf)
    __aeabi_ddiv                             0x0800ae81   Thumb Code     0  ddiv_clz.o(x$fpl$ddiv)
    _ddiv                                    0x0800ae81   Thumb Code   748  ddiv_clz.o(x$fpl$ddiv)
    __aeabi_d2iz                             0x0800b1fd   Thumb Code     0  dfix.o(x$fpl$dfix)
    _dfix                                    0x0800b1fd   Thumb Code   192  dfix.o(x$fpl$dfix)
    __aeabi_i2d                              0x0800b2c5   Thumb Code     0  dflt_clz.o(x$fpl$dflt)
    _dflt                                    0x0800b2c5   Thumb Code    46  dflt_clz.o(x$fpl$dflt)
    __dflt_normalise                         0x0800b2f3   Thumb Code    26  dflt_clz.o(x$fpl$dfltn)
    __aeabi_ui2d                             0x0800b30d   Thumb Code     0  dflt_clz.o(x$fpl$dfltu)
    _dfltu                                   0x0800b30d   Thumb Code    38  dflt_clz.o(x$fpl$dfltu)
    __aeabi_cdcmple                          0x0800b335   Thumb Code     0  dleqf.o(x$fpl$dleqf)
    _dcmple                                  0x0800b335   Thumb Code   120  dleqf.o(x$fpl$dleqf)
    __fpl_dcmple_InfNaN                      0x0800b38d   Thumb Code     0  dleqf.o(x$fpl$dleqf)
    __aeabi_dmul                             0x0800b3ad   Thumb Code     0  dmul_clz.o(x$fpl$dmul)
    _dmul                                    0x0800b3ad   Thumb Code   440  dmul_clz.o(x$fpl$dmul)
    __fpl_dnaninf                            0x0800b56d   Thumb Code   258  dnaninf.o(x$fpl$dnaninf)
    __fpl_drenorm2                           0x0800b66f   Thumb Code   106  drenorm_clz.o(x$fpl$drenorm)
    __fpl_drenorm1                           0x0800b6d9   Thumb Code     6  drenorm_clz.o(x$fpl$drenorm)
    __fpl_dretinf                            0x0800b6df   Thumb Code    12  dretinf.o(x$fpl$dretinf)
    __aeabi_cdrcmple                         0x0800b6eb   Thumb Code     0  drleqf.o(x$fpl$drleqf)
    _drcmple                                 0x0800b6eb   Thumb Code    98  drleqf.o(x$fpl$drleqf)
    __aeabi_drsub                            0x0800b74d   Thumb Code     0  daddsub_clz.o(x$fpl$drsb)
    _drsb                                    0x0800b74d   Thumb Code    74  daddsub_clz.o(x$fpl$drsb)
    _dsqrt                                   0x0800b79d   Thumb Code   520  dsqrt_umaalclz.o(x$fpl$dsqrt)
    __aeabi_dsub                             0x0800b9a5   Thumb Code     0  daddsub_clz.o(x$fpl$dsub)
    _dsub                                    0x0800b9a5   Thumb Code   664  daddsub_clz.o(x$fpl$dsub)
    __dunder                                 0x0800bc41   Thumb Code   314  dunder_clz.o(x$fpl$dunder)
    __dunder_d                               0x0800bd7b   Thumb Code    64  dunder_clz.o(x$fpl$dunder)
    __fpl_exception                          0x0800bdbd   Thumb Code   454  except.o(x$fpl$exception)
    __aeabi_f2d                              0x0800bfa9   Thumb Code     0  f2d.o(x$fpl$f2d)
    _f2d                                     0x0800bfa9   Thumb Code   122  f2d.o(x$fpl$f2d)
    __fpl_fnaninf                            0x0800c023   Thumb Code   242  fnaninf.o(x$fpl$fnaninf)
    _fp_init                                 0x0800c115   Thumb Code    10  fpinit.o(x$fpl$fpinit)
    __fplib_config_fpu_vfp                   0x0800c11d   Thumb Code     0  fpinit.o(x$fpl$fpinit)
    __fplib_config_pureend_doubles           0x0800c11d   Thumb Code     0  fpinit.o(x$fpl$fpinit)
    __fpl_fretinf                            0x0800c11f   Thumb Code    10  fretinf.o(x$fpl$fretinf)
    __funder                                 0x0800c129   Thumb Code   254  funder_clz.o(x$fpl$funder)
    __funder_d                               0x0800c227   Thumb Code    62  funder_clz.o(x$fpl$funder)
    __fpl_return_NaN                         0x0800c265   Thumb Code   178  retnan.o(x$fpl$retnan)
    __ARM_scalbn                             0x0800c319   Thumb Code   270  scalbn_clz.o(x$fpl$scalbn)
    _fp_trapveneer                           0x0800c42d   Thumb Code    36  trapv.o(x$fpl$trapveneer)
    __fpl_cmpreturn                          0x0800c451   Thumb Code    90  trapv.o(x$fpl$trapveneer)
    __I$use$fp                               0x0800c4aa   Number         0  usenofp.o(x$fpl$usenofp)
    AHBPrescTable                            0x0800c538   Data          16  system_stm32f4xx.o(.constdata)
    APBPrescTable                            0x0800c548   Data           8  system_stm32f4xx.o(.constdata)
    __mathlib_zero                           0x0800c6c8   Data           8  qnan.o(.constdata)
    Region$$Table$$Base                      0x0800c800   Number         0  anon$$obj.o(Region$$Table)
    Region$$Table$$Limit                     0x0800c820   Number         0  anon$$obj.o(Region$$Table)
    my_shootEventGroupHandle                 0x20000000   Data           4  freertos.o(.data)
    TEST_TASKHandle                          0x20000004   Data           4  freertos.o(.data)
    CHASSIS_TASKHandle                       0x20000008   Data           4  freertos.o(.data)
    INS_TASKHandle                           0x2000000c   Data           4  freertos.o(.data)
    DETECT_TASKHandle                        0x20000010   Data           4  freertos.o(.data)
    VOFA_TASKHandle                          0x20000014   Data           4  freertos.o(.data)
    SystemCoreClock                          0x2000001c   Data           4  system_stm32f4xx.o(.data)
    Bee_flag                                 0x20000028   Data           1  test_task.o(.data)
    psc                                      0x2000002a   Data           2  test_task.o(.data)
    pwm                                      0x2000002c   Data           2  test_task.o(.data)
    rx_data1                                 0x2000002e   Data           7  can_receive.o(.data)
    rx_data2                                 0x20000035   Data           7  can_receive.o(.data)
    chassis_behaviour_mode                   0x2000004c   Data           1  chassis_behaviour.o(.data)
    yaw_diff                                 0x20000060   Data           4  chassis_task.o(.data)
    BMI088_ACCEL_SEN                         0x20000104   Data           4  bmi088driver.o(.data)
    BMI088_GYRO_SEN                          0x20000108   Data           4  bmi088driver.o(.data)
    twoKp                                    0x20000130   Data           4  mahonyahrs.o(.data)
    twoKi                                    0x20000134   Data           4  mahonyahrs.o(.data)
    integralFBx                              0x20000138   Data           4  mahonyahrs.o(.data)
    integralFBy                              0x2000013c   Data           4  mahonyahrs.o(.data)
    integralFBz                              0x20000140   Data           4  mahonyahrs.o(.data)
    uwTickFreq                               0x20000144   Data           1  stm32f4xx_hal.o(.data)
    uwTickPrio                               0x20000148   Data           4  stm32f4xx_hal.o(.data)
    uwTick                                   0x2000014c   Data           4  stm32f4xx_hal.o(.data)
    pxCurrentTCB                             0x20000150   Data           4  tasks.o(.data)
    hcan1                                    0x2000086c   Data          40  can.o(.bss)
    hcan2                                    0x20000894   Data          40  can.o(.bss)
    hspi1                                    0x200008bc   Data          88  spi.o(.bss)
    hdma_spi1_rx                             0x20000914   Data          96  spi.o(.bss)
    hdma_spi1_tx                             0x20000974   Data          96  spi.o(.bss)
    htim4                                    0x200009d4   Data          64  tim.o(.bss)
    htim5                                    0x20000a14   Data          64  tim.o(.bss)
    huart1                                   0x20000a54   Data          64  usart.o(.bss)
    huart3                                   0x20000a94   Data          64  usart.o(.bss)
    huart6                                   0x20000ad4   Data          64  usart.o(.bss)
    hdma_usart3_rx                           0x20000b14   Data          96  usart.o(.bss)
    htim6                                    0x20000b74   Data          64  stm32f4xx_hal_timebase_tim.o(.bss)
    error_list                               0x20000bb4   Data         180  detect_task.o(.bss)
    bmi088_real_data                         0x20000c68   Data          48  ins_task.o(.bss)
    INS_quat                                 0x20000cf8   Data          16  ins_task.o(.bss)
    INS_angle                                0x20000d08   Data          12  ins_task.o(.bss)
    gyro_offset                              0x20000d14   Data          12  ins_task.o(.bss)
    rc_ctrl                                  0x20000d20   Data          22  remote_control.o(.bss)
    drive_motor                              0x20000d7e   Data          40  can_receive.o(.bss)
    course_motor                             0x20000da6   Data          40  can_receive.o(.bss)
    chassis_move                             0x20000dd0   Data        1464  chassis_task.o(.bss)
    xQueueRegistry                           0x200013f8   Data          64  queue.o(.bss)
    __libspace_start                         0x20005238   Data          96  libspace.o(.bss)
    __temporary_stack_top$libspace           0x20005298   Data           0  libspace.o(.bss)



==============================================================================

Memory Map of the image

  Image Entry point : 0x08000189

  Load Region LR_IROM1 (Base: 0x08000000, Size: 0x0000c9e4, Max: 0x00100000, ABSOLUTE, COMPRESSED[0x0000c8a8])

    Execution Region ER_IROM1 (Exec base: 0x08000000, Load base: 0x08000000, Size: 0x0000c820, Max: 0x00100000, ABSOLUTE)

    Exec Addr    Load Addr    Size         Type   Attr      Idx    E Section Name        Object

    0x08000000   0x08000000   0x00000188   Data   RO            3    RESET               startup_stm32f407xx.o
    0x08000188   0x08000188   0x00000008   Code   RO         6708  * !!!main             c_w.l(__main.o)
    0x08000190   0x08000190   0x00000034   Code   RO         7143    !!!scatter          c_w.l(__scatter.o)
    0x080001c4   0x080001c4   0x0000005a   Code   RO         7141    !!dczerorl2         c_w.l(__dczerorl2.o)
    0x0800021e   0x0800021e   0x00000002   PAD
    0x08000220   0x08000220   0x0000001c   Code   RO         7145    !!handler_zi        c_w.l(__scatter_zi.o)
    0x0800023c   0x0800023c   0x00000002   Code   RO         7014    .ARM.Collect$$libinit$$00000000  c_w.l(libinit.o)
    0x0800023e   0x0800023e   0x00000004   Code   RO         7023    .ARM.Collect$$libinit$$00000001  c_w.l(libinit2.o)
    0x08000242   0x08000242   0x00000000   Code   RO         7026    .ARM.Collect$$libinit$$00000004  c_w.l(libinit2.o)
    0x08000242   0x08000242   0x00000000   Code   RO         7029    .ARM.Collect$$libinit$$0000000A  c_w.l(libinit2.o)
    0x08000242   0x08000242   0x00000000   Code   RO         7031    .ARM.Collect$$libinit$$0000000C  c_w.l(libinit2.o)
    0x08000242   0x08000242   0x00000000   Code   RO         7033    .ARM.Collect$$libinit$$0000000E  c_w.l(libinit2.o)
    0x08000242   0x08000242   0x00000000   Code   RO         7036    .ARM.Collect$$libinit$$00000011  c_w.l(libinit2.o)
    0x08000242   0x08000242   0x00000000   Code   RO         7038    .ARM.Collect$$libinit$$00000013  c_w.l(libinit2.o)
    0x08000242   0x08000242   0x00000000   Code   RO         7040    .ARM.Collect$$libinit$$00000015  c_w.l(libinit2.o)
    0x08000242   0x08000242   0x00000000   Code   RO         7042    .ARM.Collect$$libinit$$00000017  c_w.l(libinit2.o)
    0x08000242   0x08000242   0x00000000   Code   RO         7044    .ARM.Collect$$libinit$$00000019  c_w.l(libinit2.o)
    0x08000242   0x08000242   0x00000000   Code   RO         7046    .ARM.Collect$$libinit$$0000001B  c_w.l(libinit2.o)
    0x08000242   0x08000242   0x00000000   Code   RO         7048    .ARM.Collect$$libinit$$0000001D  c_w.l(libinit2.o)
    0x08000242   0x08000242   0x00000000   Code   RO         7050    .ARM.Collect$$libinit$$0000001F  c_w.l(libinit2.o)
    0x08000242   0x08000242   0x00000000   Code   RO         7052    .ARM.Collect$$libinit$$00000021  c_w.l(libinit2.o)
    0x08000242   0x08000242   0x00000000   Code   RO         7054    .ARM.Collect$$libinit$$00000023  c_w.l(libinit2.o)
    0x08000242   0x08000242   0x00000000   Code   RO         7056    .ARM.Collect$$libinit$$00000025  c_w.l(libinit2.o)
    0x08000242   0x08000242   0x00000000   Code   RO         7060    .ARM.Collect$$libinit$$0000002C  c_w.l(libinit2.o)
    0x08000242   0x08000242   0x00000000   Code   RO         7062    .ARM.Collect$$libinit$$0000002E  c_w.l(libinit2.o)
    0x08000242   0x08000242   0x00000000   Code   RO         7064    .ARM.Collect$$libinit$$00000030  c_w.l(libinit2.o)
    0x08000242   0x08000242   0x00000000   Code   RO         7066    .ARM.Collect$$libinit$$00000032  c_w.l(libinit2.o)
    0x08000242   0x08000242   0x00000002   Code   RO         7067    .ARM.Collect$$libinit$$00000033  c_w.l(libinit2.o)
    0x08000244   0x08000244   0x00000002   Code   RO         7098    .ARM.Collect$$libshutdown$$00000000  c_w.l(libshutdown.o)
    0x08000246   0x08000246   0x00000000   Code   RO         7124    .ARM.Collect$$libshutdown$$00000002  c_w.l(libshutdown2.o)
    0x08000246   0x08000246   0x00000000   Code   RO         7126    .ARM.Collect$$libshutdown$$00000004  c_w.l(libshutdown2.o)
    0x08000246   0x08000246   0x00000000   Code   RO         7129    .ARM.Collect$$libshutdown$$00000007  c_w.l(libshutdown2.o)
    0x08000246   0x08000246   0x00000000   Code   RO         7132    .ARM.Collect$$libshutdown$$0000000A  c_w.l(libshutdown2.o)
    0x08000246   0x08000246   0x00000000   Code   RO         7134    .ARM.Collect$$libshutdown$$0000000C  c_w.l(libshutdown2.o)
    0x08000246   0x08000246   0x00000000   Code   RO         7137    .ARM.Collect$$libshutdown$$0000000F  c_w.l(libshutdown2.o)
    0x08000246   0x08000246   0x00000002   Code   RO         7138    .ARM.Collect$$libshutdown$$00000010  c_w.l(libshutdown2.o)
    0x08000248   0x08000248   0x00000000   Code   RO         6864    .ARM.Collect$$rtentry$$00000000  c_w.l(__rtentry.o)
    0x08000248   0x08000248   0x00000000   Code   RO         6967    .ARM.Collect$$rtentry$$00000002  c_w.l(__rtentry2.o)
    0x08000248   0x08000248   0x00000006   Code   RO         6979    .ARM.Collect$$rtentry$$00000004  c_w.l(__rtentry4.o)
    0x0800024e   0x0800024e   0x00000000   Code   RO         6969    .ARM.Collect$$rtentry$$00000009  c_w.l(__rtentry2.o)
    0x0800024e   0x0800024e   0x00000004   Code   RO         6970    .ARM.Collect$$rtentry$$0000000A  c_w.l(__rtentry2.o)
    0x08000252   0x08000252   0x00000000   Code   RO         6972    .ARM.Collect$$rtentry$$0000000C  c_w.l(__rtentry2.o)
    0x08000252   0x08000252   0x00000008   Code   RO         6973    .ARM.Collect$$rtentry$$0000000D  c_w.l(__rtentry2.o)
    0x0800025a   0x0800025a   0x00000002   Code   RO         7015    .ARM.Collect$$rtexit$$00000000  c_w.l(rtexit.o)
    0x0800025c   0x0800025c   0x00000000   Code   RO         7071    .ARM.Collect$$rtexit$$00000002  c_w.l(rtexit2.o)
    0x0800025c   0x0800025c   0x00000004   Code   RO         7072    .ARM.Collect$$rtexit$$00000003  c_w.l(rtexit2.o)
    0x08000260   0x08000260   0x00000006   Code   RO         7073    .ARM.Collect$$rtexit$$00000004  c_w.l(rtexit2.o)
    0x08000266   0x08000266   0x00000002   PAD
    0x08000268   0x08000268   0x000000be   Code   RO         6458    .emb_text           port.o
    0x08000326   0x08000326   0x00000002   PAD
    0x08000328   0x08000328   0x00000040   Code   RO            4    .text               startup_stm32f407xx.o
    0x08000368   0x08000368   0x000000ee   Code   RO         6696    .text               c_w.l(lludivv7m.o)
    0x08000456   0x08000456   0x0000008a   Code   RO         6698    .text               c_w.l(rt_memcpy_v6.o)
    0x080004e0   0x080004e0   0x00000064   Code   RO         6700    .text               c_w.l(rt_memcpy_w.o)
    0x08000544   0x08000544   0x0000004e   Code   RO         6704    .text               c_w.l(rt_memclr_w.o)
    0x08000592   0x08000592   0x00000006   Code   RO         6706    .text               c_w.l(heapauxi.o)
    0x08000598   0x08000598   0x00000016   Code   RO         6869    .text               c_w.l(_rserrno.o)
    0x080005ae   0x080005ae   0x00000002   PAD
    0x080005b0   0x080005b0   0x00000008   Code   RO         6986    .text               c_w.l(rt_errno_addr_intlibspace.o)
    0x080005b8   0x080005b8   0x00000030   Code   RO         6988    .text               c_w.l(_fptrap.o)
    0x080005e8   0x080005e8   0x00000008   Code   RO         6998    .text               c_w.l(libspace.o)
    0x080005f0   0x080005f0   0x0000004a   Code   RO         7001    .text               c_w.l(sys_stackheap_outer.o)
    0x0800063a   0x0800063a   0x00000012   Code   RO         7003    .text               c_w.l(exit.o)
    0x0800064c   0x0800064c   0x0000000e   Code   RO         7005    .text               c_w.l(defsig_fpe_outer.o)
    0x0800065a   0x0800065a   0x0000000a   Code   RO         7019    .text               c_w.l(defsig_exit.o)
    0x08000664   0x08000664   0x000000ac   Code   RO         7021    .text               c_w.l(defsig_fpe_inner.o)
    0x08000710   0x08000710   0x0000000c   Code   RO         7068    .text               c_w.l(sys_exit.o)
    0x0800071c   0x0800071c   0x00000032   Code   RO         7079    .text               c_w.l(defsig_general.o)
    0x0800074e   0x0800074e   0x0000000e   Code   RO         7085    .text               c_w.l(sys_wrch.o)
    0x0800075c   0x0800075c   0x00000002   Code   RO         7087    .text               c_w.l(use_no_semi.o)
    0x0800075e   0x0800075e   0x00000000   Code   RO         7089    .text               c_w.l(indicate_semi.o)
    0x0800075e   0x0800075e   0x00000002   PAD
    0x08000760   0x08000760   0x00000028   Code   RO         1101    i.AHRS_init         ins_task.o
    0x08000788   0x08000788   0x00000026   Code   RO         1867    i.Angle_Limit       user_lib.o
    0x080007ae   0x080007ae   0x00000002   PAD
    0x080007b0   0x080007b0   0x00000014   Code   RO         1618    i.BMI088_ACCEL_NS_H  bmi088middleware.o
    0x080007c4   0x080007c4   0x00000014   Code   RO         1619    i.BMI088_ACCEL_NS_L  bmi088middleware.o
    0x080007d8   0x080007d8   0x00000002   Code   RO         1620    i.BMI088_GPIO_init  bmi088middleware.o
    0x080007da   0x080007da   0x00000002   PAD
    0x080007dc   0x080007dc   0x00000014   Code   RO         1621    i.BMI088_GYRO_NS_H  bmi088middleware.o
    0x080007f0   0x080007f0   0x00000014   Code   RO         1622    i.BMI088_GYRO_NS_L  bmi088middleware.o
    0x08000804   0x08000804   0x00000002   Code   RO         1623    i.BMI088_com_init   bmi088middleware.o
    0x08000806   0x08000806   0x0000001a   Code   RO         1624    i.BMI088_delay_ms   bmi088middleware.o
    0x08000820   0x08000820   0x0000004a   Code   RO         1625    i.BMI088_delay_us   bmi088middleware.o
    0x0800086a   0x0800086a   0x0000001c   Code   RO         1549    i.BMI088_init       bmi088driver.o
    0x08000886   0x08000886   0x00000002   PAD
    0x08000888   0x08000888   0x0000017c   Code   RO         1550    i.BMI088_read       bmi088driver.o
    0x08000a04   0x08000a04   0x00000026   Code   RO         1551    i.BMI088_read_muli_reg  bmi088driver.o
    0x08000a2a   0x08000a2a   0x00000018   Code   RO         1552    i.BMI088_read_single_reg  bmi088driver.o
    0x08000a42   0x08000a42   0x00000002   PAD
    0x08000a44   0x08000a44   0x00000020   Code   RO         1626    i.BMI088_read_write_byte  bmi088middleware.o
    0x08000a64   0x08000a64   0x00000014   Code   RO         1553    i.BMI088_write_single_reg  bmi088driver.o
    0x08000a78   0x08000a78   0x00000004   Code   RO          569    i.BusFault_Handler  stm32f4xx_it.o
    0x08000a7c   0x08000a7c   0x00000018   Code   RO          805    i.Buzzer_Init       bsp_buzzer.o
    0x08000a94   0x08000a94   0x00000010   Code   RO          570    i.CAN1_RX0_IRQHandler  stm32f4xx_it.o
    0x08000aa4   0x08000aa4   0x00000010   Code   RO          571    i.CAN1_RX1_IRQHandler  stm32f4xx_it.o
    0x08000ab4   0x08000ab4   0x00000010   Code   RO          572    i.CAN1_TX_IRQHandler  stm32f4xx_it.o
    0x08000ac4   0x08000ac4   0x00000010   Code   RO          573    i.CAN2_RX0_IRQHandler  stm32f4xx_it.o
    0x08000ad4   0x08000ad4   0x00000010   Code   RO          574    i.CAN2_RX1_IRQHandler  stm32f4xx_it.o
    0x08000ae4   0x08000ae4   0x00000010   Code   RO          575    i.CAN2_TX_IRQHandler  stm32f4xx_it.o
    0x08000af4   0x08000af4   0x00000050   Code   RO         1315    i.CAN_cmd_course    can_receive.o
    0x08000b44   0x08000b44   0x00000050   Code   RO         1316    i.CAN_cmd_drive     can_receive.o
    0x08000b94   0x08000b94   0x00000002   Code   RO          576    i.DMA1_Stream1_IRQHandler  stm32f4xx_it.o
    0x08000b96   0x08000b96   0x00000002   PAD
    0x08000b98   0x08000b98   0x00000010   Code   RO          577    i.DMA2_Stream2_IRQHandler  stm32f4xx_it.o
    0x08000ba8   0x08000ba8   0x00000010   Code   RO          578    i.DMA2_Stream3_IRQHandler  stm32f4xx_it.o
    0x08000bb8   0x08000bb8   0x00000034   Code   RO         2826    i.DMA_CalcBaseAndBitshift  stm32f4xx_hal_dma.o
    0x08000bec   0x08000bec   0x0000007e   Code   RO         2827    i.DMA_CheckFifoParam  stm32f4xx_hal_dma.o
    0x08000c6a   0x08000c6a   0x00000002   Code   RO          579    i.DebugMon_Handler  stm32f4xx_it.o
    0x08000c6c   0x08000c6c   0x00000006   Code   RO           13    i.Error_Handler     main.o
    0x08000c72   0x08000c72   0x00000002   PAD
    0x08000c74   0x08000c74   0x000000a4   Code   RO         1449    i.Find_min_Angle    chassis_task.o
    0x08000d18   0x08000d18   0x00000024   Code   RO         2089    i.HAL_CAN_ActivateNotification  stm32f4xx_hal_can.o
    0x08000d3c   0x08000d3c   0x00000104   Code   RO         2090    i.HAL_CAN_AddTxMessage  stm32f4xx_hal_can.o
    0x08000e40   0x08000e40   0x00000128   Code   RO         2091    i.HAL_CAN_ConfigFilter  stm32f4xx_hal_can.o
    0x08000f68   0x08000f68   0x00000002   Code   RO         2094    i.HAL_CAN_ErrorCallback  stm32f4xx_hal_can.o
    0x08000f6a   0x08000f6a   0x0000016c   Code   RO         2097    i.HAL_CAN_GetRxMessage  stm32f4xx_hal_can.o
    0x080010d6   0x080010d6   0x00000234   Code   RO         2101    i.HAL_CAN_IRQHandler  stm32f4xx_hal_can.o
    0x0800130a   0x0800130a   0x00000168   Code   RO         2102    i.HAL_CAN_Init      stm32f4xx_hal_can.o
    0x08001472   0x08001472   0x00000002   PAD
    0x08001474   0x08001474   0x000001a0   Code   RO          347    i.HAL_CAN_MspInit   can.o
    0x08001614   0x08001614   0x00000002   Code   RO         2109    i.HAL_CAN_RxFifo0FullCallback  stm32f4xx_hal_can.o
    0x08001616   0x08001616   0x00000002   PAD
    0x08001618   0x08001618   0x000002c4   Code   RO         1317    i.HAL_CAN_RxFifo0MsgPendingCallback  can_receive.o
    0x080018dc   0x080018dc   0x00000002   Code   RO         2111    i.HAL_CAN_RxFifo1FullCallback  stm32f4xx_hal_can.o
    0x080018de   0x080018de   0x00000002   Code   RO         2112    i.HAL_CAN_RxFifo1MsgPendingCallback  stm32f4xx_hal_can.o
    0x080018e0   0x080018e0   0x00000002   Code   RO         2113    i.HAL_CAN_SleepCallback  stm32f4xx_hal_can.o
    0x080018e2   0x080018e2   0x00000064   Code   RO         2114    i.HAL_CAN_Start     stm32f4xx_hal_can.o
    0x08001946   0x08001946   0x00000002   Code   RO         2116    i.HAL_CAN_TxMailbox0AbortCallback  stm32f4xx_hal_can.o
    0x08001948   0x08001948   0x00000002   Code   RO         2117    i.HAL_CAN_TxMailbox0CompleteCallback  stm32f4xx_hal_can.o
    0x0800194a   0x0800194a   0x00000002   Code   RO         2118    i.HAL_CAN_TxMailbox1AbortCallback  stm32f4xx_hal_can.o
    0x0800194c   0x0800194c   0x00000002   Code   RO         2119    i.HAL_CAN_TxMailbox1CompleteCallback  stm32f4xx_hal_can.o
    0x0800194e   0x0800194e   0x00000002   Code   RO         2120    i.HAL_CAN_TxMailbox2AbortCallback  stm32f4xx_hal_can.o
    0x08001950   0x08001950   0x00000002   Code   RO         2121    i.HAL_CAN_TxMailbox2CompleteCallback  stm32f4xx_hal_can.o
    0x08001952   0x08001952   0x00000002   Code   RO         2123    i.HAL_CAN_WakeUpFromRxMsgCallback  stm32f4xx_hal_can.o
    0x08001954   0x08001954   0x00000024   Code   RO         2830    i.HAL_DMA_Abort_IT  stm32f4xx_hal_dma.o
    0x08001978   0x08001978   0x000001ec   Code   RO         2834    i.HAL_DMA_IRQHandler  stm32f4xx_hal_dma.o
    0x08001b64   0x08001b64   0x000000ec   Code   RO         2835    i.HAL_DMA_Init      stm32f4xx_hal_dma.o
    0x08001c50   0x08001c50   0x0000021c   Code   RO         2722    i.HAL_GPIO_Init     stm32f4xx_hal_gpio.o
    0x08001e6c   0x08001e6c   0x0000000e   Code   RO         2726    i.HAL_GPIO_WritePin  stm32f4xx_hal_gpio.o
    0x08001e7a   0x08001e7a   0x00000002   PAD
    0x08001e7c   0x08001e7c   0x0000000c   Code   RO         3249    i.HAL_GetTick       stm32f4xx_hal.o
    0x08001e88   0x08001e88   0x00000010   Code   RO         3255    i.HAL_IncTick       stm32f4xx_hal.o
    0x08001e98   0x08001e98   0x00000034   Code   RO         3256    i.HAL_Init          stm32f4xx_hal.o
    0x08001ecc   0x08001ecc   0x0000008c   Code   RO          729    i.HAL_InitTick      stm32f4xx_hal_timebase_tim.o
    0x08001f58   0x08001f58   0x00000054   Code   RO          705    i.HAL_MspInit       stm32f4xx_hal_msp.o
    0x08001fac   0x08001fac   0x0000001c   Code   RO         3111    i.HAL_NVIC_EnableIRQ  stm32f4xx_hal_cortex.o
    0x08001fc8   0x08001fc8   0x00000068   Code   RO         3117    i.HAL_NVIC_SetPriority  stm32f4xx_hal_cortex.o
    0x08002030   0x08002030   0x00000024   Code   RO         3118    i.HAL_NVIC_SetPriorityGrouping  stm32f4xx_hal_cortex.o
    0x08002054   0x08002054   0x00000174   Code   RO         2323    i.HAL_RCC_ClockConfig  stm32f4xx_hal_rcc.o
    0x080021c8   0x080021c8   0x0000003c   Code   RO         2327    i.HAL_RCC_GetClockConfig  stm32f4xx_hal_rcc.o
    0x08002204   0x08002204   0x0000000c   Code   RO         2328    i.HAL_RCC_GetHCLKFreq  stm32f4xx_hal_rcc.o
    0x08002210   0x08002210   0x00000020   Code   RO         2330    i.HAL_RCC_GetPCLK1Freq  stm32f4xx_hal_rcc.o
    0x08002230   0x08002230   0x00000020   Code   RO         2331    i.HAL_RCC_GetPCLK2Freq  stm32f4xx_hal_rcc.o
    0x08002250   0x08002250   0x00000070   Code   RO         2332    i.HAL_RCC_GetSysClockFreq  stm32f4xx_hal_rcc.o
    0x080022c0   0x080022c0   0x00000436   Code   RO         2335    i.HAL_RCC_OscConfig  stm32f4xx_hal_rcc.o
    0x080026f6   0x080026f6   0x00000082   Code   RO         3502    i.HAL_SPI_Init      stm32f4xx_hal_spi.o
    0x08002778   0x08002778   0x0000014c   Code   RO          420    i.HAL_SPI_MspInit   spi.o
    0x080028c4   0x080028c4   0x000001f8   Code   RO         3511    i.HAL_SPI_TransmitReceive  stm32f4xx_hal_spi.o
    0x08002abc   0x08002abc   0x00000002   Code   RO         4501    i.HAL_TIMEx_BreakCallback  stm32f4xx_hal_tim_ex.o
    0x08002abe   0x08002abe   0x00000002   Code   RO         4502    i.HAL_TIMEx_CommutCallback  stm32f4xx_hal_tim_ex.o
    0x08002ac0   0x08002ac0   0x0000004e   Code   RO         4519    i.HAL_TIMEx_MasterConfigSynchronization  stm32f4xx_hal_tim_ex.o
    0x08002b0e   0x08002b0e   0x00000038   Code   RO         3815    i.HAL_TIM_Base_Init  stm32f4xx_hal_tim.o
    0x08002b46   0x08002b46   0x00000002   PAD
    0x08002b48   0x08002b48   0x00000074   Code   RO          462    i.HAL_TIM_Base_MspInit  tim.o
    0x08002bbc   0x08002bbc   0x00000024   Code   RO         3818    i.HAL_TIM_Base_Start  stm32f4xx_hal_tim.o
    0x08002be0   0x08002be0   0x00000022   Code   RO         3820    i.HAL_TIM_Base_Start_IT  stm32f4xx_hal_tim.o
    0x08002c02   0x08002c02   0x000000e4   Code   RO         3824    i.HAL_TIM_ConfigClockSource  stm32f4xx_hal_tim.o
    0x08002ce6   0x08002ce6   0x00000002   Code   RO         3844    i.HAL_TIM_IC_CaptureCallback  stm32f4xx_hal_tim.o
    0x08002ce8   0x08002ce8   0x00000174   Code   RO         3858    i.HAL_TIM_IRQHandler  stm32f4xx_hal_tim.o
    0x08002e5c   0x08002e5c   0x00000064   Code   RO          463    i.HAL_TIM_MspPostInit  tim.o
    0x08002ec0   0x08002ec0   0x00000002   Code   RO         3861    i.HAL_TIM_OC_DelayElapsedCallback  stm32f4xx_hal_tim.o
    0x08002ec2   0x08002ec2   0x000000dc   Code   RO         3882    i.HAL_TIM_PWM_ConfigChannel  stm32f4xx_hal_tim.o
    0x08002f9e   0x08002f9e   0x00000038   Code   RO         3885    i.HAL_TIM_PWM_Init  stm32f4xx_hal_tim.o
    0x08002fd6   0x08002fd6   0x00000002   Code   RO         3887    i.HAL_TIM_PWM_MspInit  stm32f4xx_hal_tim.o
    0x08002fd8   0x08002fd8   0x00000002   Code   RO         3888    i.HAL_TIM_PWM_PulseFinishedCallback  stm32f4xx_hal_tim.o
    0x08002fda   0x08002fda   0x00000042   Code   RO         3890    i.HAL_TIM_PWM_Start  stm32f4xx_hal_tim.o
    0x0800301c   0x0800301c   0x00000018   Code   RO           14    i.HAL_TIM_PeriodElapsedCallback  main.o
    0x08003034   0x08003034   0x00000002   Code   RO         3901    i.HAL_TIM_TriggerCallback  stm32f4xx_hal_tim.o
    0x08003036   0x08003036   0x00000002   Code   RO         4773    i.HAL_UART_ErrorCallback  stm32f4xx_hal_uart.o
    0x08003038   0x08003038   0x00000138   Code   RO         4776    i.HAL_UART_IRQHandler  stm32f4xx_hal_uart.o
    0x08003170   0x08003170   0x00000064   Code   RO         4777    i.HAL_UART_Init     stm32f4xx_hal_uart.o
    0x080031d4   0x080031d4   0x00000224   Code   RO          516    i.HAL_UART_MspInit  usart.o
    0x080033f8   0x080033f8   0x00000002   Code   RO         4783    i.HAL_UART_RxCpltCallback  stm32f4xx_hal_uart.o
    0x080033fa   0x080033fa   0x00000002   Code   RO         4788    i.HAL_UART_TxCpltCallback  stm32f4xx_hal_uart.o
    0x080033fc   0x080033fc   0x00000004   Code   RO          580    i.HardFault_Handler  stm32f4xx_it.o
    0x08003400   0x08003400   0x00000104   Code   RO         1102    i.INS_task          ins_task.o
    0x08003504   0x08003504   0x00000040   Code   RO          348    i.MX_CAN1_Init      can.o
    0x08003544   0x08003544   0x00000040   Code   RO          349    i.MX_CAN2_Init      can.o
    0x08003584   0x08003584   0x00000078   Code   RO          395    i.MX_DMA_Init       dma.o
    0x080035fc   0x080035fc   0x000000b8   Code   RO          267    i.MX_FREERTOS_Init  freertos.o
    0x080036b4   0x080036b4   0x00000114   Code   RO          239    i.MX_GPIO_Init      gpio.o
    0x080037c8   0x080037c8   0x00000048   Code   RO          421    i.MX_SPI1_Init      spi.o
    0x08003810   0x08003810   0x000000a4   Code   RO          464    i.MX_TIM4_Init      tim.o
    0x080038b4   0x080038b4   0x00000070   Code   RO          465    i.MX_TIM5_Init      tim.o
    0x08003924   0x08003924   0x00000038   Code   RO          517    i.MX_USART1_UART_Init  usart.o
    0x0800395c   0x0800395c   0x00000038   Code   RO          518    i.MX_USART3_UART_Init  usart.o
    0x08003994   0x08003994   0x00000038   Code   RO          519    i.MX_USART6_UART_Init  usart.o
    0x080039cc   0x080039cc   0x000002fc   Code   RO         1970    i.MahonyAHRSupdateIMU  mahonyahrs.o
    0x08003cc8   0x08003cc8   0x00000004   Code   RO          581    i.MemManage_Handler  stm32f4xx_it.o
    0x08003ccc   0x08003ccc   0x00000004   Code   RO          582    i.NMI_Handler       stm32f4xx_it.o
    0x08003cd0   0x08003cd0   0x000002d0   Code   RO         2007    i.PID_Calc_Ecd      pid.o
    0x08003fa0   0x08003fa0   0x00000498   Code   RO         2008    i.PID_calc          pid.o
    0x08004438   0x08004438   0x00000064   Code   RO         2010    i.PID_init          pid.o
    0x0800449c   0x0800449c   0x000000d8   Code   RO         1450    i.Pid_caculate      chassis_task.o
    0x08004574   0x08004574   0x00000010   Code   RO         1183    i.RC_abs            remote_control.o
    0x08004584   0x08004584   0x00000098   Code   RO         1184    i.RC_data_is_error  remote_control.o
    0x0800461c   0x0800461c   0x0000009c   Code   RO          975    i.RC_init           bsp_rc.o
    0x080046b8   0x080046b8   0x00000050   Code   RO          976    i.RC_restart        bsp_rc.o
    0x08004708   0x08004708   0x00000178   Code   RO         1451    i.Robot_coordinate  chassis_task.o
    0x08004880   0x08004880   0x00000064   Code   RO         3540    i.SPI_EndRxTxTransaction  stm32f4xx_hal_spi.o
    0x080048e4   0x080048e4   0x000000a6   Code   RO         3545    i.SPI_WaitFlagStateUntilTimeout  stm32f4xx_hal_spi.o
    0x0800498a   0x0800498a   0x00000002   PAD
    0x0800498c   0x0800498c   0x000000cc   Code   RO         1452    i.Speed_Toggle      chassis_task.o
    0x08004a58   0x08004a58   0x0000002c   Code   RO         6459    i.SysTick_Handler   port.o
    0x08004a84   0x08004a84   0x000000b4   Code   RO           15    i.SystemClock_Config  main.o
    0x08004b38   0x08004b38   0x00000064   Code   RO          769    i.SystemInit        system_stm32f4xx.o
    0x08004b9c   0x08004b9c   0x00000010   Code   RO          583    i.TIM5_IRQHandler   stm32f4xx_it.o
    0x08004bac   0x08004bac   0x00000010   Code   RO          584    i.TIM6_DAC_IRQHandler  stm32f4xx_it.o
    0x08004bbc   0x08004bbc   0x000000cc   Code   RO         3903    i.TIM_Base_SetConfig  stm32f4xx_hal_tim.o
    0x08004c88   0x08004c88   0x0000001e   Code   RO         3904    i.TIM_CCxChannelCmd  stm32f4xx_hal_tim.o
    0x08004ca6   0x08004ca6   0x00000016   Code   RO         3914    i.TIM_ETR_SetConfig  stm32f4xx_hal_tim.o
    0x08004cbc   0x08004cbc   0x00000010   Code   RO         3915    i.TIM_ITRx_SetConfig  stm32f4xx_hal_tim.o
    0x08004ccc   0x08004ccc   0x00000070   Code   RO         3916    i.TIM_OC1_SetConfig  stm32f4xx_hal_tim.o
    0x08004d3c   0x08004d3c   0x00000078   Code   RO         3917    i.TIM_OC2_SetConfig  stm32f4xx_hal_tim.o
    0x08004db4   0x08004db4   0x00000078   Code   RO         3918    i.TIM_OC3_SetConfig  stm32f4xx_hal_tim.o
    0x08004e2c   0x08004e2c   0x00000058   Code   RO         3919    i.TIM_OC4_SetConfig  stm32f4xx_hal_tim.o
    0x08004e84   0x08004e84   0x00000026   Code   RO         3921    i.TIM_TI1_ConfigInputStage  stm32f4xx_hal_tim.o
    0x08004eaa   0x08004eaa   0x00000024   Code   RO         3923    i.TIM_TI2_ConfigInputStage  stm32f4xx_hal_tim.o
    0x08004ece   0x08004ece   0x00000010   Code   RO         4790    i.UART_DMAAbortOnError  stm32f4xx_hal_uart.o
    0x08004ede   0x08004ede   0x0000001c   Code   RO         4800    i.UART_EndRxTransfer  stm32f4xx_hal_uart.o
    0x08004efa   0x08004efa   0x0000001a   Code   RO         4801    i.UART_EndTransmit_IT  stm32f4xx_hal_uart.o
    0x08004f14   0x08004f14   0x0000009c   Code   RO         4803    i.UART_Receive_IT   stm32f4xx_hal_uart.o
    0x08004fb0   0x08004fb0   0x00000340   Code   RO         4804    i.UART_SetConfig    stm32f4xx_hal_uart.o
    0x080052f0   0x080052f0   0x00000066   Code   RO         4805    i.UART_Transmit_IT  stm32f4xx_hal_uart.o
    0x08005356   0x08005356   0x00000002   PAD
    0x08005358   0x08005358   0x00000010   Code   RO          585    i.USART1_IRQHandler  stm32f4xx_it.o
    0x08005368   0x08005368   0x00000130   Code   RO         1185    i.USART3_IRQHandler  remote_control.o
    0x08005498   0x08005498   0x00000010   Code   RO          586    i.USART6_IRQHandler  stm32f4xx_it.o
    0x080054a8   0x080054a8   0x00000004   Code   RO          587    i.UsageFault_Handler  stm32f4xx_it.o
    0x080054ac   0x080054ac   0x00000030   Code   RO         6931    i.__ARM_fpclassify  m_wm.l(fpclassify.o)
    0x080054dc   0x080054dc   0x00000026   Code   RO         6933    i.__ARM_fpclassifyf  m_wm.l(fpclassifyf.o)
    0x08005502   0x08005502   0x00000002   PAD
    0x08005504   0x08005504   0x0000012c   Code   RO         6748    i.__hardfp_asinf    m_wm.l(asinf.o)
    0x08005630   0x08005630   0x000002d8   Code   RO         6900    i.__hardfp_atan     m_wm.l(atan.o)
    0x08005908   0x08005908   0x000001f0   Code   RO         6760    i.__hardfp_atan2    m_wm.l(atan2.o)
    0x08005af8   0x08005af8   0x00000250   Code   RO         6772    i.__hardfp_atan2f   m_wm.l(atan2f.o)
    0x08005d48   0x08005d48   0x000000c8   Code   RO         6784    i.__hardfp_cos      m_wm.l(cos.o)
    0x08005e10   0x08005e10   0x00000014   Code   RO         6796    i.__hardfp_fabs     m_wm.l(fabs.o)
    0x08005e24   0x08005e24   0x00000004   PAD
    0x08005e28   0x08005e28   0x00000c50   Code   RO         6802    i.__hardfp_pow      m_wm.l(pow.o)
    0x08006a78   0x08006a78   0x000000c8   Code   RO         6816    i.__hardfp_sin      m_wm.l(sin.o)
    0x08006b40   0x08006b40   0x0000007a   Code   RO         6840    i.__hardfp_sqrt     m_wm.l(sqrt_full.o)
    0x08006bba   0x08006bba   0x00000006   PAD
    0x08006bc0   0x08006bc0   0x00000438   Code   RO         6952    i.__ieee754_rem_pio2  m_wm.l(rred.o)
    0x08006ff8   0x08006ff8   0x00000170   Code   RO         6914    i.__kernel_cos      m_wm.l(cos_i.o)
    0x08007168   0x08007168   0x000000f8   Code   RO         6949    i.__kernel_poly     m_wm.l(poly.o)
    0x08007260   0x08007260   0x00000130   Code   RO         6960    i.__kernel_sin      m_wm.l(sin_i.o)
    0x08007390   0x08007390   0x00000030   Code   RO         6917    i.__mathlib_dbl_divzero  m_wm.l(dunder.o)
    0x080073c0   0x080073c0   0x00000014   Code   RO         6918    i.__mathlib_dbl_infnan  m_wm.l(dunder.o)
    0x080073d4   0x080073d4   0x00000014   Code   RO         6919    i.__mathlib_dbl_infnan2  m_wm.l(dunder.o)
    0x080073e8   0x080073e8   0x00000020   Code   RO         6920    i.__mathlib_dbl_invalid  m_wm.l(dunder.o)
    0x08007408   0x08007408   0x00000020   Code   RO         6921    i.__mathlib_dbl_overflow  m_wm.l(dunder.o)
    0x08007428   0x08007428   0x00000020   Code   RO         6923    i.__mathlib_dbl_underflow  m_wm.l(dunder.o)
    0x08007448   0x08007448   0x00000006   Code   RO         6936    i.__mathlib_flt_infnan  m_wm.l(funder.o)
    0x0800744e   0x0800744e   0x00000006   Code   RO         6937    i.__mathlib_flt_infnan2  m_wm.l(funder.o)
    0x08007454   0x08007454   0x00000010   Code   RO         6938    i.__mathlib_flt_invalid  m_wm.l(funder.o)
    0x08007464   0x08007464   0x00000010   Code   RO         6941    i.__mathlib_flt_underflow  m_wm.l(funder.o)
    0x08007474   0x08007474   0x00000068   Code   RO         1453    i.angle_judge       chassis_task.o
    0x080074dc   0x080074dc   0x00000010   Code   RO         6902    i.atan              m_wm.l(atan.o)
    0x080074ec   0x080074ec   0x00000128   Code   RO         1554    i.bmi088_accel_init  bmi088driver.o
    0x08007614   0x08007614   0x000000f4   Code   RO         1555    i.bmi088_gyro_init  bmi088driver.o
    0x08007708   0x08007708   0x00000010   Code   RO          806    i.buzzer_off        bsp_buzzer.o
    0x08007718   0x08007718   0x00000014   Code   RO          807    i.buzzer_on         bsp_buzzer.o
    0x0800772c   0x0800772c   0x0000005c   Code   RO         1318    i.canfilter_init_start  can_receive.o
    0x08007788   0x08007788   0x00000048   Code   RO         1393    i.chassis_agv_follow_chassis_yaw_control  chassis_behaviour.o
    0x080077d0   0x080077d0   0x0000008c   Code   RO         1394    i.chassis_behaviour_control_set  chassis_behaviour.o
    0x0800785c   0x0800785c   0x00000018   Code   RO         1395    i.chassis_behaviour_mode_set  chassis_behaviour.o
    0x08007874   0x08007874   0x00000012   Code   RO         1454    i.chassis_control_loop  chassis_task.o
    0x08007886   0x08007886   0x00000002   PAD
    0x08007888   0x08007888   0x000000e0   Code   RO         1455    i.chassis_feedback_update  chassis_task.o
    0x08007968   0x08007968   0x00000002   Code   RO         1396    i.chassis_infantry_follow_gimbal_yaw_control  chassis_behaviour.o
    0x0800796a   0x0800796a   0x00000002   PAD
    0x0800796c   0x0800796c   0x000001d4   Code   RO         1456    i.chassis_init      chassis_task.o
    0x08007b40   0x08007b40   0x00000016   Code   RO         1457    i.chassis_mode_change_control_transit  chassis_task.o
    0x08007b56   0x08007b56   0x00000028   Code   RO         1397    i.chassis_no_follow_yaw_control  chassis_behaviour.o
    0x08007b7e   0x08007b7e   0x00000002   PAD
    0x08007b80   0x08007b80   0x00000208   Code   RO         1458    i.chassis_rc_to_control_vector  chassis_task.o
    0x08007d88   0x08007d88   0x00000704   Code   RO         1459    i.chassis_set_contorl  chassis_task.o
    0x0800848c   0x0800848c   0x00000012   Code   RO         1460    i.chassis_set_mode  chassis_task.o
    0x0800849e   0x0800849e   0x00000002   PAD
    0x080084a0   0x080084a0   0x000000cc   Code   RO         1461    i.chassis_task      chassis_task.o
    0x0800856c   0x0800856c   0x0000002c   Code   RO         1398    i.chassis_zero_force_control  chassis_behaviour.o
    0x08008598   0x08008598   0x00000124   Code   RO         1049    i.detect_hook       detect_task.o
    0x080086bc   0x080086bc   0x00000184   Code   RO         1050    i.detect_init       detect_task.o
    0x08008840   0x08008840   0x0000027c   Code   RO         1051    i.detect_task       detect_task.o
    0x08008abc   0x08008abc   0x00000028   Code   RO         2011    i.ecd_zero          pid.o
    0x08008ae4   0x08008ae4   0x00000018   Code   RO         6798    i.fabs              m_wm.l(fabs.o)
    0x08008afc   0x08008afc   0x00000054   Code   RO         1869    i.first_order_filter_cali  user_lib.o
    0x08008b50   0x08008b50   0x00000024   Code   RO         1870    i.first_order_filter_init  user_lib.o
    0x08008b74   0x08008b74   0x00000008   Code   RO         1104    i.get_INS_data_point  ins_task.o
    0x08008b7c   0x08008b7c   0x000000dc   Code   RO         1105    i.get_angle         ins_task.o
    0x08008c58   0x08008c58   0x00000018   Code   RO         1319    i.get_chassis_course_motor_measure_point  can_receive.o
    0x08008c70   0x08008c70   0x00000018   Code   RO         1320    i.get_chassis_drive_motor_measure_point  can_receive.o
    0x08008c88   0x08008c88   0x00000008   Code   RO         1186    i.get_remote_control_point  remote_control.o
    0x08008c90   0x08008c90   0x000000b4   Code   RO         1106    i.imu_offset_accquier  ins_task.o
    0x08008d44   0x08008d44   0x00000032   Code   RO         1107    i.imu_offset_remove  ins_task.o
    0x08008d76   0x08008d76   0x00000002   PAD
    0x08008d78   0x08008d78   0x0000003c   Code   RO         1971    i.invSqrt           mahonyahrs.o
    0x08008db4   0x08008db4   0x00000048   Code   RO           16    i.main              main.o
    0x08008dfc   0x08008dfc   0x0000000c   Code   RO         6042    i.makeFreeRtosPriority  cmsis_os.o
    0x08008e08   0x08008e08   0x00000010   Code   RO         6044    i.osDelay           cmsis_os.o
    0x08008e18   0x08008e18   0x0000000a   Code   RO         6047    i.osKernelStart     cmsis_os.o
    0x08008e22   0x08008e22   0x0000005c   Code   RO         6081    i.osThreadCreate    cmsis_os.o
    0x08008e7e   0x08008e7e   0x00000002   PAD
    0x08008e80   0x08008e80   0x00000078   Code   RO         5573    i.prvAddCurrentTaskToDelayedList  tasks.o
    0x08008ef8   0x08008ef8   0x00000088   Code   RO         5574    i.prvAddNewTaskToReadyList  tasks.o
    0x08008f80   0x08008f80   0x0000005c   Code   RO         5889    i.prvCheckForValidListAndQueue  timers.o
    0x08008fdc   0x08008fdc   0x00000040   Code   RO         5575    i.prvCheckTasksWaitingTermination  tasks.o
    0x0800901c   0x0800901c   0x00000024   Code   RO         5224    i.prvCopyDataFromQueue  queue.o
    0x08009040   0x08009040   0x0000006e   Code   RO         5225    i.prvCopyDataToQueue  queue.o
    0x080090ae   0x080090ae   0x00000040   Code   RO         5576    i.prvDeleteTCB      tasks.o
    0x080090ee   0x080090ee   0x00000002   PAD
    0x080090f0   0x080090f0   0x00000024   Code   RO         5890    i.prvGetNextExpireTime  timers.o
    0x08009114   0x08009114   0x00000050   Code   RO         6409    i.prvHeapInit       heap_4.o
    0x08009164   0x08009164   0x00000028   Code   RO         5577    i.prvIdleTask       tasks.o
    0x0800918c   0x0800918c   0x00000018   Code   RO         5228    i.prvInitialiseNewQueue  queue.o
    0x080091a4   0x080091a4   0x00000074   Code   RO         5578    i.prvInitialiseNewTask  tasks.o
    0x08009218   0x08009218   0x00000060   Code   RO         5579    i.prvInitialiseTaskLists  tasks.o
    0x08009278   0x08009278   0x0000005c   Code   RO         6410    i.prvInsertBlockIntoFreeList  heap_4.o
    0x080092d4   0x080092d4   0x00000048   Code   RO         5892    i.prvInsertTimerInActiveList  timers.o
    0x0800931c   0x0800931c   0x0000001a   Code   RO         5229    i.prvIsQueueEmpty   queue.o
    0x08009336   0x08009336   0x0000001e   Code   RO         5230    i.prvIsQueueFull    queue.o
    0x08009354   0x08009354   0x0000005c   Code   RO         5893    i.prvProcessExpiredTimer  timers.o
    0x080093b0   0x080093b0   0x000000d8   Code   RO         5894    i.prvProcessReceivedCommands  timers.o
    0x08009488   0x08009488   0x0000006c   Code   RO         5895    i.prvProcessTimerOrBlockTask  timers.o
    0x080094f4   0x080094f4   0x00000024   Code   RO         5580    i.prvResetNextTaskUnblockTime  tasks.o
    0x08009518   0x08009518   0x0000002c   Code   RO         5896    i.prvSampleTimeNow  timers.o
    0x08009544   0x08009544   0x00000074   Code   RO         5897    i.prvSwitchTimerLists  timers.o
    0x080095b8   0x080095b8   0x00000030   Code   RO         6460    i.prvTaskExitError  port.o
    0x080095e8   0x080095e8   0x00000014   Code   RO         5898    i.prvTimerTask      timers.o
    0x080095fc   0x080095fc   0x00000068   Code   RO         5231    i.prvUnlockQueue    queue.o
    0x08009664   0x08009664   0x000000e4   Code   RO         6411    i.pvPortMalloc      heap_4.o
    0x08009748   0x08009748   0x0000002c   Code   RO         6461    i.pxPortInitialiseStack  port.o
    0x08009774   0x08009774   0x00000014   Code   RO         1187    i.remote_control_init  remote_control.o
    0x08009788   0x08009788   0x000000da   Code   RO         1188    i.sbus_to_rc        remote_control.o
    0x08009862   0x08009862   0x0000000a   Code   RO         1189    i.slove_RC_lost     remote_control.o
    0x0800986c   0x0800986c   0x0000000a   Code   RO         1190    i.slove_data_error  remote_control.o
    0x08009876   0x08009876   0x0000006e   Code   RO         6842    i.sqrt              m_wm.l(sqrt_full.o)
    0x080098e4   0x080098e4   0x0000003e   Code   RO         6848    i.sqrtf             m_wm.l(sqrtf_full.o)
    0x08009922   0x08009922   0x00000002   PAD
    0x08009924   0x08009924   0x00000044   Code   RO         1271    i.test_task         test_task.o
    0x08009968   0x08009968   0x00000018   Code   RO         1052    i.toe_is_error      detect_task.o
    0x08009980   0x08009980   0x00000026   Code   RO         5184    i.uxListRemove      list.o
    0x080099a6   0x080099a6   0x00000002   PAD
    0x080099a8   0x080099a8   0x00000018   Code   RO          271    i.vApplicationGetIdleTaskMemory  freertos.o
    0x080099c0   0x080099c0   0x00000018   Code   RO          272    i.vApplicationGetTimerTaskMemory  freertos.o
    0x080099d8   0x080099d8   0x00000016   Code   RO         5185    i.vListInitialise   list.o
    0x080099ee   0x080099ee   0x00000006   Code   RO         5186    i.vListInitialiseItem  list.o
    0x080099f4   0x080099f4   0x00000036   Code   RO         5187    i.vListInsert       list.o
    0x08009a2a   0x08009a2a   0x00000018   Code   RO         5188    i.vListInsertEnd    list.o
    0x08009a42   0x08009a42   0x00000002   PAD
    0x08009a44   0x08009a44   0x00000040   Code   RO         6463    i.vPortEnterCritical  port.o
    0x08009a84   0x08009a84   0x0000002c   Code   RO         6464    i.vPortExitCritical  port.o
    0x08009ab0   0x08009ab0   0x0000005c   Code   RO         6412    i.vPortFree         heap_4.o
    0x08009b0c   0x08009b0c   0x00000024   Code   RO         6465    i.vPortSetupTimerInterrupt  port.o
    0x08009b30   0x08009b30   0x00000054   Code   RO         6466    i.vPortValidateInterruptPriority  port.o
    0x08009b84   0x08009b84   0x00000028   Code   RO         5235    i.vQueueAddToRegistry  queue.o
    0x08009bac   0x08009bac   0x0000004a   Code   RO         5238    i.vQueueWaitForMessageRestricted  queue.o
    0x08009bf6   0x08009bf6   0x00000002   PAD
    0x08009bf8   0x08009bf8   0x00000050   Code   RO         5588    i.vTaskDelay        tasks.o
    0x08009c48   0x08009c48   0x000000b0   Code   RO         5590    i.vTaskDelete       tasks.o
    0x08009cf8   0x08009cf8   0x00000010   Code   RO         5592    i.vTaskInternalSetTimeOutState  tasks.o
    0x08009d08   0x08009d08   0x0000000c   Code   RO         5593    i.vTaskMissedYield  tasks.o
    0x08009d14   0x08009d14   0x00000034   Code   RO         5595    i.vTaskPlaceOnEventList  tasks.o
    0x08009d48   0x08009d48   0x0000003c   Code   RO         5596    i.vTaskPlaceOnEventListRestricted  tasks.o
    0x08009d84   0x08009d84   0x00000090   Code   RO         5603    i.vTaskStartScheduler  tasks.o
    0x08009e14   0x08009e14   0x00000010   Code   RO         5605    i.vTaskSuspendAll   tasks.o
    0x08009e24   0x08009e24   0x00000060   Code   RO         5606    i.vTaskSwitchContext  tasks.o
    0x08009e84   0x08009e84   0x0000000a   Code   RO          273    i.vofa_task         freertos.o
    0x08009e8e   0x08009e8e   0x0000001c   Code   RO         5094    i.xEventGroupCreate  event_groups.o
    0x08009eaa   0x08009eaa   0x00000002   PAD
    0x08009eac   0x08009eac   0x00000104   Code   RO         6467    i.xPortStartScheduler  port.o
    0x08009fb0   0x08009fb0   0x00000070   Code   RO         5244    i.xQueueGenericCreateStatic  queue.o
    0x0800a020   0x0800a020   0x00000090   Code   RO         5245    i.xQueueGenericReset  queue.o
    0x0800a0b0   0x0800a0b0   0x00000170   Code   RO         5246    i.xQueueGenericSend  queue.o
    0x0800a220   0x0800a220   0x000000bc   Code   RO         5247    i.xQueueGenericSendFromISR  queue.o
    0x0800a2dc   0x0800a2dc   0x00000148   Code   RO         5254    i.xQueueReceive     queue.o
    0x0800a424   0x0800a424   0x00000080   Code   RO         5607    i.xTaskCheckForTimeOut  tasks.o
    0x0800a4a4   0x0800a4a4   0x0000006c   Code   RO         5608    i.xTaskCreate       tasks.o
    0x0800a510   0x0800a510   0x00000060   Code   RO         5609    i.xTaskCreateStatic  tasks.o
    0x0800a570   0x0800a570   0x0000001c   Code   RO         5613    i.xTaskGetSchedulerState  tasks.o
    0x0800a58c   0x0800a58c   0x0000000c   Code   RO         5614    i.xTaskGetTickCount  tasks.o
    0x0800a598   0x0800a598   0x000000d0   Code   RO         5616    i.xTaskIncrementTick  tasks.o
    0x0800a668   0x0800a668   0x0000009c   Code   RO         5619    i.xTaskPriorityDisinherit  tasks.o
    0x0800a704   0x0800a704   0x00000078   Code   RO         5621    i.xTaskRemoveFromEventList  tasks.o
    0x0800a77c   0x0800a77c   0x000000cc   Code   RO         5622    i.xTaskResumeAll    tasks.o
    0x0800a848   0x0800a848   0x00000068   Code   RO         5903    i.xTimerCreateTimerTask  timers.o
    0x0800a8b0   0x0800a8b0   0x00000074   Code   RO         5904    i.xTimerGenericCommand  timers.o
    0x0800a924   0x0800a924   0x00000018   Code   RO         6873    x$fpl$basic         g_wm.l(basic.o)
    0x0800a93c   0x0800a93c   0x000002c4   Code   RO         6710    x$fpl$d2f           g_wm.l(d2f_clz.o)
    0x0800ac00   0x0800ac00   0x0000024c   Code   RO         6712    x$fpl$dadd          g_wm.l(daddsub_clz.o)
    0x0800ae4c   0x0800ae4c   0x0000001c   Code   RO         6990    x$fpl$dcheck1       g_wm.l(dcheck1.o)
    0x0800ae68   0x0800ae68   0x00000018   Code   RO         6875    x$fpl$dcmpinf       g_wm.l(dcmpi.o)
    0x0800ae80   0x0800ae80   0x0000037c   Code   RO         6719    x$fpl$ddiv          g_wm.l(ddiv_clz.o)
    0x0800b1fc   0x0800b1fc   0x000000c8   Code   RO         6992    x$fpl$dfix          g_wm.l(dfix.o)
    0x0800b2c4   0x0800b2c4   0x0000002e   Code   RO         6723    x$fpl$dflt          g_wm.l(dflt_clz.o)
    0x0800b2f2   0x0800b2f2   0x0000001a   Code   RO         6724    x$fpl$dfltn         g_wm.l(dflt_clz.o)
    0x0800b30c   0x0800b30c   0x00000026   Code   RO         6722    x$fpl$dfltu         g_wm.l(dflt_clz.o)
    0x0800b332   0x0800b332   0x00000002   PAD
    0x0800b334   0x0800b334   0x00000078   Code   RO         6728    x$fpl$dleqf         g_wm.l(dleqf.o)
    0x0800b3ac   0x0800b3ac   0x000001c0   Code   RO         6730    x$fpl$dmul          g_wm.l(dmul_clz.o)
    0x0800b56c   0x0800b56c   0x00000102   Code   RO         6877    x$fpl$dnaninf       g_wm.l(dnaninf.o)
    0x0800b66e   0x0800b66e   0x00000070   Code   RO         6879    x$fpl$drenorm       g_wm.l(drenorm_clz.o)
    0x0800b6de   0x0800b6de   0x0000000c   Code   RO         6881    x$fpl$dretinf       g_wm.l(dretinf.o)
    0x0800b6ea   0x0800b6ea   0x00000062   Code   RO         6732    x$fpl$drleqf        g_wm.l(drleqf.o)
    0x0800b74c   0x0800b74c   0x00000050   Code   RO         6713    x$fpl$drsb          g_wm.l(daddsub_clz.o)
    0x0800b79c   0x0800b79c   0x00000208   Code   RO         6883    x$fpl$dsqrt         g_wm.l(dsqrt_umaalclz.o)
    0x0800b9a4   0x0800b9a4   0x0000029c   Code   RO         6714    x$fpl$dsub          g_wm.l(daddsub_clz.o)
    0x0800bc40   0x0800bc40   0x0000017a   Code   RO         6885    x$fpl$dunder        g_wm.l(dunder_clz.o)
    0x0800bdba   0x0800bdba   0x00000002   PAD
    0x0800bdbc   0x0800bdbc   0x000001ec   Code   RO         6887    x$fpl$exception     g_wm.l(except.o)
    0x0800bfa8   0x0800bfa8   0x0000007a   Code   RO         6734    x$fpl$f2d           g_wm.l(f2d.o)
    0x0800c022   0x0800c022   0x000000f2   Code   RO         6889    x$fpl$fnaninf       g_wm.l(fnaninf.o)
    0x0800c114   0x0800c114   0x0000000a   Code   RO         7083    x$fpl$fpinit        g_wm.l(fpinit.o)
    0x0800c11e   0x0800c11e   0x0000000a   Code   RO         6891    x$fpl$fretinf       g_wm.l(fretinf.o)
    0x0800c128   0x0800c128   0x0000013c   Code   RO         6893    x$fpl$funder        g_wm.l(funder_clz.o)
    0x0800c264   0x0800c264   0x000000b2   Code   RO         6996    x$fpl$retnan        g_wm.l(retnan.o)
    0x0800c316   0x0800c316   0x00000002   PAD
    0x0800c318   0x0800c318   0x00000114   Code   RO         6895    x$fpl$scalbn        g_wm.l(scalbn_clz.o)
    0x0800c42c   0x0800c42c   0x0000007e   Code   RO         6897    x$fpl$trapveneer    g_wm.l(trapv.o)
    0x0800c4aa   0x0800c4aa   0x00000000   Code   RO         6899    x$fpl$usenofp       g_wm.l(usenofp.o)
    0x0800c4aa   0x0800c4aa   0x00000002   PAD
    0x0800c4ac   0x0800c4ac   0x0000008c   Data   RO          275    .constdata          freertos.o
    0x0800c538   0x0800c538   0x00000018   Data   RO          770    .constdata          system_stm32f4xx.o
    0x0800c550   0x0800c550   0x00000008   Data   RO         1054    .constdata          detect_task.o
    0x0800c558   0x0800c558   0x0000000c   Data   RO         1109    .constdata          ins_task.o
    0x0800c564   0x0800c564   0x0000000c   Data   RO         1463    .constdata          chassis_task.o
    0x0800c570   0x0800c570   0x00000008   Data   RO         2841    .constdata          stm32f4xx_hal_dma.o
    0x0800c578   0x0800c578   0x00000088   Data   RO         6805    .constdata          m_wm.l(pow.o)
    0x0800c600   0x0800c600   0x00000098   Data   RO         6903    .constdata          m_wm.l(atan.o)
    0x0800c698   0x0800c698   0x00000030   Data   RO         6915    .constdata          m_wm.l(cos_i.o)
    0x0800c6c8   0x0800c6c8   0x00000008   Data   RO         6951    .constdata          m_wm.l(qnan.o)
    0x0800c6d0   0x0800c6d0   0x000000c8   Data   RO         6954    .constdata          m_wm.l(rred.o)
    0x0800c798   0x0800c798   0x00000028   Data   RO         6961    .constdata          m_wm.l(sin_i.o)
    0x0800c7c0   0x0800c7c0   0x0000003e   Data   RO          276    .conststring        freertos.o
    0x0800c7fe   0x0800c7fe   0x00000002   PAD
    0x0800c800   0x0800c800   0x00000020   Data   RO         7139    Region$$Table       anon$$obj.o


    Execution Region RW_IRAM1 (Exec base: 0x20000000, Load base: 0x0800c820, Size: 0x00009298, Max: 0x00020000, ABSOLUTE, COMPRESSED[0x00000088])

    Exec Addr    Load Addr    Size         Type   Attr      Idx    E Section Name        Object

    0x20000000   COMPRESSED   0x00000018   Data   RW          277    .data               freertos.o
    0x20000018   COMPRESSED   0x00000004   Data   RW          351    .data               can.o
    0x2000001c   COMPRESSED   0x00000004   Data   RW          771    .data               system_stm32f4xx.o
    0x20000020   COMPRESSED   0x00000005   Data   RW         1055    .data               detect_task.o
    0x20000025   COMPRESSED   0x00000001   PAD
    0x20000026   COMPRESSED   0x00000002   Data   RW         1192    .data               remote_control.o
    0x20000028   COMPRESSED   0x00000006   Data   RW         1272    .data               test_task.o
    0x2000002e   COMPRESSED   0x0000001e   Data   RW         1322    .data               can_receive.o
    0x2000004c   COMPRESSED   0x00000001   Data   RW         1399    .data               chassis_behaviour.o
    0x2000004d   COMPRESSED   0x00000003   PAD
    0x20000050   COMPRESSED   0x000000b4   Data   RW         1464    .data               chassis_task.o
    0x20000104   COMPRESSED   0x0000002c   Data   RW         1556    .data               bmi088driver.o
    0x20000130   COMPRESSED   0x00000014   Data   RW         1972    .data               mahonyahrs.o
    0x20000144   COMPRESSED   0x0000000c   Data   RW         3263    .data               stm32f4xx_hal.o
    0x20000150   COMPRESSED   0x0000003c   Data   RW         5625    .data               tasks.o
    0x2000018c   COMPRESSED   0x00000014   Data   RW         5912    .data               timers.o
    0x200001a0   COMPRESSED   0x00000018   Data   RW         6417    .data               heap_4.o
    0x200001b8   COMPRESSED   0x0000000c   Data   RW         6468    .data               port.o
    0x200001c4        -       0x000006a8   Zero   RW          274    .bss                freertos.o
    0x2000086c        -       0x00000050   Zero   RW          350    .bss                can.o
    0x200008bc        -       0x00000118   Zero   RW          422    .bss                spi.o
    0x200009d4        -       0x00000080   Zero   RW          466    .bss                tim.o
    0x20000a54        -       0x00000120   Zero   RW          520    .bss                usart.o
    0x20000b74        -       0x00000040   Zero   RW          732    .bss                stm32f4xx_hal_timebase_tim.o
    0x20000bb4        -       0x000000b4   Zero   RW         1053    .bss                detect_task.o
    0x20000c68        -       0x000000b8   Zero   RW         1108    .bss                ins_task.o
    0x20000d20        -       0x0000005e   Zero   RW         1191    .bss                remote_control.o
    0x20000d7e        -       0x00000050   Zero   RW         1321    .bss                can_receive.o
    0x20000dce   COMPRESSED   0x00000002   PAD
    0x20000dd0        -       0x00000628   Zero   RW         1462    .bss                chassis_task.o
    0x200013f8        -       0x00000040   Zero   RW         5258    .bss                queue.o
    0x20001438        -       0x000000f0   Zero   RW         5624    .bss                tasks.o
    0x20001528        -       0x00000110   Zero   RW         5911    .bss                timers.o
    0x20001638        -       0x00003c00   Zero   RW         6416    .bss                heap_4.o
    0x20005238        -       0x00000060   Zero   RW         6999    .bss                c_w.l(libspace.o)
    0x20005298        -       0x00002000   Zero   RW            2    HEAP                startup_stm32f407xx.o
    0x20007298        -       0x00002000   Zero   RW            1    STACK               startup_stm32f407xx.o


==============================================================================

Image component sizes


      Code (inc. data)   RO Data    RW Data    ZI Data      Debug   Object Name

         0          0          0          0          0        392   ahrs_middleware.o
      1030         20          0         44          0       6454   bmi088driver.o
       216         28          0          0          0       4952   bmi088middleware.o
        60         18          0          0          0       2015   bsp_buzzer.o
       236         22          0          0          0       1511   bsp_rc.o
       544         44          0          4         80       2394   can.o
      1008         72          0         30         80       5954   can_receive.o
       322         16          0          1          0       5354   chassis_behaviour.o
      4334        238         12        180       1576      15708   chassis_task.o
       130          0          0          0          0      22047   cmsis_os.o
      1340         50          8          5        180       7628   detect_task.o
       120          6          0          0          0        794   dma.o
        28          0          0          0          0      20424   event_groups.o
       242         52        202         24       1704       3635   freertos.o
       276         12          0          0          0       1047   gpio.o
       492         32          0         24      15360       4919   heap_4.o
       758         54         12          0        184       6604   ins_task.o
       144          0          0          0          0       3578   list.o
       824         38          0         20          0       2290   mahonyahrs.o
       282         16          0          0          0     743308   main.o
      2036         26          0          0          0       5289   pid.o
       814         92          0         12          0      11965   port.o
      1584         24          0          0         64      14976   queue.o
       738         42          0          2         94      10981   remote_control.o
       404         38          0          0        280       1867   spi.o
        64         26        392          0      16384        840   startup_stm32f407xx.o
        80         14          0         12          0       3226   stm32f4xx_hal.o
      2004          6          0          0          0      14935   stm32f4xx_hal_can.o
       168         12          0          0          0      32838   stm32f4xx_hal_cortex.o
       942         18          8          0          0       4943   stm32f4xx_hal_dma.o
       554         22          0          0          0       2520   stm32f4xx_hal_gpio.o
        84          6          0          0          0        830   stm32f4xx_hal_msp.o
      1698        108          0          0          0       7041   stm32f4xx_hal_rcc.o
       900          8          0          0          0       4617   stm32f4xx_hal_spi.o
      1864         46          0          0          0      16969   stm32f4xx_hal_tim.o
        82          0          0          0          0       2513   stm32f4xx_hal_tim_ex.o
       140         18          0          0         64       1439   stm32f4xx_hal_timebase_tim.o
      1578         20          0          0          0       7967   stm32f4xx_hal_uart.o
       216         72          0          0          0       9057   stm32f4xx_it.o
       100         18         24          4          0       1143   system_stm32f4xx.o
      2384        212          0         60        240      25740   tasks.o
        68         14          0          6          0        807   test_task.o
       492         46          0          0        128       3049   tim.o
      1016         96          0         20        272      27507   timers.o
       716         72          0          0        288       3123   usart.o
       158          4          0          0          0       2814   user_lib.o

    ----------------------------------------------------------------------
     33318       1778        692        452      36980    1080004   Object Totals
         0          0         32          0          0          0   (incl. Generated)
        48          0          2          4          2          0   (incl. Padding)

    ----------------------------------------------------------------------

      Code (inc. data)   RO Data    RW Data    ZI Data      Debug   Library Member Name

        90          0          0          0          0          0   __dczerorl2.o
         8          0          0          0          0         68   __main.o
         0          0          0          0          0          0   __rtentry.o
        12          0          0          0          0          0   __rtentry2.o
         6          0          0          0          0          0   __rtentry4.o
        52          8          0          0          0          0   __scatter.o
        28          0          0          0          0          0   __scatter_zi.o
        48          4          0          0          0         84   _fptrap.o
        22          0          0          0          0        100   _rserrno.o
        10          0          0          0          0         68   defsig_exit.o
       172        110          0          0          0         76   defsig_fpe_inner.o
        14          0          0          0          0         80   defsig_fpe_outer.o
        50          0          0          0          0         88   defsig_general.o
        18          0          0          0          0         80   exit.o
         6          0          0          0          0        152   heapauxi.o
         0          0          0          0          0          0   indicate_semi.o
         2          0          0          0          0          0   libinit.o
         6          0          0          0          0          0   libinit2.o
         2          0          0          0          0          0   libshutdown.o
         2          0          0          0          0          0   libshutdown2.o
         8          4          0          0         96         68   libspace.o
       238          0          0          0          0        100   lludivv7m.o
         8          4          0          0          0         68   rt_errno_addr_intlibspace.o
        78          0          0          0          0         80   rt_memclr_w.o
       138          0          0          0          0         68   rt_memcpy_v6.o
       100          0          0          0          0         80   rt_memcpy_w.o
         2          0          0          0          0          0   rtexit.o
        10          0          0          0          0          0   rtexit2.o
        12          4          0          0          0         68   sys_exit.o
        74          0          0          0          0         80   sys_stackheap_outer.o
        14          0          0          0          0         76   sys_wrch.o
         2          0          0          0          0         68   use_no_semi.o
        24          0          0          0          0        164   basic.o
       708         16          0          0          0        140   d2f_clz.o
      1336         32          0          0          0        532   daddsub_clz.o
        28          0          0          0          0        116   dcheck1.o
        24          0          0          0          0        116   dcmpi.o
       892        152          0          0          0        292   ddiv_clz.o
       200         16          0          0          0        184   dfix.o
       110          0          0          0          0        348   dflt_clz.o
       120          8          0          0          0        140   dleqf.o
       448         16          0          0          0        164   dmul_clz.o
       258          4          0          0          0        156   dnaninf.o
       112          0          0          0          0        160   drenorm_clz.o
        12          0          0          0          0        116   dretinf.o
        98          0          0          0          0        128   drleqf.o
       520         56          0          0          0        180   dsqrt_umaalclz.o
       378          0          0          0          0        168   dunder_clz.o
       492         36          0          0          0        148   except.o
       122          8          0          0          0        132   f2d.o
       242          4          0          0          0        144   fnaninf.o
        10          0          0          0          0        116   fpinit.o
        10          0          0          0          0        116   fretinf.o
       316          0          0          0          0        132   funder_clz.o
       178          0          0          0          0        116   retnan.o
       276          4          0          0          0        124   scalbn_clz.o
       126          0          0          0          0        148   trapv.o
         0          0          0          0          0          0   usenofp.o
       300         42          0          0          0        176   asinf.o
       744        106        152          0          0        352   atan.o
       496         64          0          0          0        192   atan2.o
       592         90          0          0          0        184   atan2f.o
       200         20          0          0          0        164   cos.o
       368         46         48          0          0        200   cos_i.o
       184         44          0          0          0        744   dunder.o
        44          0          0          0          0        248   fabs.o
        48          0          0          0          0        124   fpclassify.o
        38          0          0          0          0        116   fpclassifyf.o
        44         12          0          0          0        464   funder.o
       248          0          0          0          0        152   poly.o
      3152        296        136          0          0        352   pow.o
         0          0          8          0          0          0   qnan.o
      1080        142        200          0          0        188   rred.o
       200         20          0          0          0        164   sin.o
       304         24         40          0          0        208   sin_i.o
       232          0          0          0          0        296   sqrt_full.o
        62          0          0          0          0        136   sqrtf_full.o

    ----------------------------------------------------------------------
     16638       1392        584          0         96      10292   Library Totals
        30          0          0          0          0          0   (incl. Padding)

    ----------------------------------------------------------------------

      Code (inc. data)   RO Data    RW Data    ZI Data      Debug   Library Name

      1232        134          0          0         96       1552   c_w.l
      7040        352          0          0          0       4280   g_wm.l
      8336        906        584          0          0       4460   m_wm.l

    ----------------------------------------------------------------------
     16638       1392        584          0         96      10292   Library Totals

    ----------------------------------------------------------------------

==============================================================================


      Code (inc. data)   RO Data    RW Data    ZI Data      Debug   

     49956       3170       1276        452      37076    1058016   Grand Totals
     49956       3170       1276        136      37076    1058016   ELF Image Totals (compressed)
     49956       3170       1276        136          0          0   ROM Totals

==============================================================================

    Total RO  Size (Code + RO Data)                51232 (  50.03kB)
    Total RW  Size (RW Data + ZI Data)             37528 (  36.65kB)
    Total ROM Size (Code + RO Data + RW Data)      51368 (  50.16kB)

==============================================================================

