<html>
<body>
<pre>
<h1>µVision Build Log</h1>
<h2>Tool Versions:</h2>
IDE-Version: ¦ÌVision V5.38.0.0
Copyright (C) 2022 ARM Ltd and ARM Germany GmbH. All rights reserved.
License Information: 1 a18749178481@outlook.com, 1, LIC=ZB4EI-TX6V2-RAYDM-X1T0V-ZNP0U-1IA4H
 
Tool Versions:
Toolchain:       MDK-ARM Plus  Version: 5.24.1
Toolchain Path:  C:\Keil5 MDK\ARM\ARMCC\Bin
C Compiler:      Armcc.exe V5.06 update 5 (build 528)
Assembler:       Armasm.exe V5.06 update 5 (build 528)
Linker/Locator:  ArmLink.exe V5.06 update 5 (build 528)
Library Manager: ArmAr.exe V5.06 update 5 (build 528)
Hex Converter:   FromElf.exe V5.06 update 5 (build 528)
CPU DLL:         SARMCM3.DLL V5.24.1
Dialog DLL:      DCM.DLL V1.16.0.0
Target DLL:      CMSIS_AGDI.dll V1.28.3.0
Dialog DLL:      TCM.DLL V1.32.0.0
 
<h2>Project:</h2>
C:\Users\a1874\Desktop\Infantry\AGV\CHASSIS\MDK-ARM\CHASSIS.uvprojx
Project File Date:  02/28/2025

<h2>Output:</h2>
*** Using Compiler 'V5.06 update 5 (build 528)', folder: 'C:\Keil5 MDK\ARM\ARMCC\Bin'
Build target 'CHASSIS'
compiling list.c...
compiling tasks.c...
compiling croutine.c...
compiling event_groups.c...
compiling queue.c...
compiling stream_buffer.c...
compiling timers.c...
compiling heap_4.c...
compiling port.c...
compiling cmsis_os.c...
compiling detect_task.c...
compiling gpio.c...
compiling usart.c...
compiling stm32f4xx_it.c...
compiling main.c...
compiling spi.c...
compiling tim.c...
compiling freertos.c...
compiling stm32f4xx_hal_msp.c...
compiling INS_task.c...
compiling chassis_behaviour.c...
compiling can.c...
compiling chassis_power_control.c...
compiling referee.c...
compiling communicate_task.c...
compiling dma.c...
compiling chassis_task.c...
..\application\chassis_task.c(625): warning:  #177-D: function "Chassis_Debug_get_data"  was declared but never referenced
  static void Chassis_Debug_get_data(void)
..\application\chassis_task.c: 1 warning, 0 errors
compiling BMI088Middleware.c...
compiling vofa_task.c...
compiling key_task.c...
..\application\key_task.c(39): warning:  #550-D: variable "Key_Up"  was set but never used
  	uint16_t Key_Temp,Key_Down,Key_Up;
..\application\key_task.c: 1 warning, 0 errors
compiling remote_control.c...
compiling bsp_usart.c...
compiling pid.c...
compiling trig_task.c...
compiling BMI088driver.c...
compiling ui_task.c...
compiling bsp_buzzer.c...
compiling bsp_delay.c...
compiling bsp_rc.c...
compiling crc8_crc16.c...
compiling Can_receive.c...
compiling AHRS_middleware.c...
compiling bsp_spi.c...
compiling ui_default_Mode_2.c...
compiling ui_default_Mode_1.c...
compiling ui_interface.c...
compiling ui_default_Mode_0.c...
compiling ui_default_Shoot_0.c...
linking...
Program Size: Code=49772 RO-data=3008 RW-data=644 ZI-data=24916  
FromELF: creating hex file...
"CHASSIS\CHASSIS.axf" - 0 Error(s), 2 Warning(s).

<h2>Software Packages used:</h2>

Package Vendor: ARM
                http://www.keil.com/pack/ARM.CMSIS.5.0.1.pack
                ARM.CMSIS.5.0.1
                CMSIS (Cortex Microcontroller Software Interface Standard)
   * Component: CORE Version: 5.0.1

Package Vendor: Keil
                https://www.keil.com/pack/Keil.STM32F4xx_DFP.2.17.1.pack
                Keil.STM32F4xx_DFP.2.17.1
                STMicroelectronics STM32F4 Series Device Support, Drivers and Examples

<h2>Collection of Component include folders:</h2>
  ./RTE/_CHASSIS
  C:/Keil5 MDK/ARM/PACK/ARM/CMSIS/5.0.1/CMSIS/Include
  C:/Keil5 MDK/ARM/PACK/Keil/STM32F4xx_DFP/2.17.1/Drivers/CMSIS/Device/ST/STM32F4xx/Include

<h2>Collection of Component Files used:</h2>

   * Component: ARM::CMSIS:CORE:5.0.1
Build Time Elapsed:  00:00:18
</pre>
</body>
</html>
