Component: ARM Compiler 5.06 update 5 (build 528) Tool: armlink [4d35e2]

==============================================================================

Section Cross References

    startup_stm32f407xx.o(STACK) refers (Special) to heapauxi.o(.text) for __use_two_region_memory
    startup_stm32f407xx.o(HEAP) refers (Special) to heapauxi.o(.text) for __use_two_region_memory
    startup_stm32f407xx.o(RESET) refers (Special) to heapauxi.o(.text) for __use_two_region_memory
    startup_stm32f407xx.o(RESET) refers to startup_stm32f407xx.o(STACK) for __initial_sp
    startup_stm32f407xx.o(RESET) refers to startup_stm32f407xx.o(.text) for Reset_Handler
    startup_stm32f407xx.o(RESET) refers to stm32f4xx_it.o(i.NMI_Handler) for NMI_Handler
    startup_stm32f407xx.o(RESET) refers to stm32f4xx_it.o(i.HardFault_Handler) for HardFault_Handler
    startup_stm32f407xx.o(RESET) refers to stm32f4xx_it.o(i.MemManage_Handler) for MemManage_Handler
    startup_stm32f407xx.o(RESET) refers to stm32f4xx_it.o(i.BusFault_Handler) for BusFault_Handler
    startup_stm32f407xx.o(RESET) refers to stm32f4xx_it.o(i.UsageFault_Handler) for UsageFault_Handler
    startup_stm32f407xx.o(RESET) refers to port.o(.emb_text) for SVC_Handler
    startup_stm32f407xx.o(RESET) refers to stm32f4xx_it.o(i.DebugMon_Handler) for DebugMon_Handler
    startup_stm32f407xx.o(RESET) refers to port.o(i.SysTick_Handler) for SysTick_Handler
    startup_stm32f407xx.o(RESET) refers to stm32f4xx_it.o(i.DMA1_Stream1_IRQHandler) for DMA1_Stream1_IRQHandler
    startup_stm32f407xx.o(RESET) refers to stm32f4xx_it.o(i.CAN1_TX_IRQHandler) for CAN1_TX_IRQHandler
    startup_stm32f407xx.o(RESET) refers to stm32f4xx_it.o(i.CAN1_RX0_IRQHandler) for CAN1_RX0_IRQHandler
    startup_stm32f407xx.o(RESET) refers to stm32f4xx_it.o(i.CAN1_RX1_IRQHandler) for CAN1_RX1_IRQHandler
    startup_stm32f407xx.o(RESET) refers to stm32f4xx_it.o(i.USART1_IRQHandler) for USART1_IRQHandler
    startup_stm32f407xx.o(RESET) refers to remote_control.o(i.USART3_IRQHandler) for USART3_IRQHandler
    startup_stm32f407xx.o(RESET) refers to stm32f4xx_it.o(i.TIM6_DAC_IRQHandler) for TIM6_DAC_IRQHandler
    startup_stm32f407xx.o(RESET) refers to stm32f4xx_it.o(i.DMA2_Stream1_IRQHandler) for DMA2_Stream1_IRQHandler
    startup_stm32f407xx.o(RESET) refers to stm32f4xx_it.o(i.DMA2_Stream2_IRQHandler) for DMA2_Stream2_IRQHandler
    startup_stm32f407xx.o(RESET) refers to stm32f4xx_it.o(i.DMA2_Stream3_IRQHandler) for DMA2_Stream3_IRQHandler
    startup_stm32f407xx.o(RESET) refers to stm32f4xx_it.o(i.CAN2_RX0_IRQHandler) for CAN2_RX0_IRQHandler
    startup_stm32f407xx.o(RESET) refers to stm32f4xx_it.o(i.CAN2_RX1_IRQHandler) for CAN2_RX1_IRQHandler
    startup_stm32f407xx.o(RESET) refers to stm32f4xx_it.o(i.DMA2_Stream6_IRQHandler) for DMA2_Stream6_IRQHandler
    startup_stm32f407xx.o(RESET) refers to referee.o(i.USART6_IRQHandler) for USART6_IRQHandler
    startup_stm32f407xx.o(.text) refers (Special) to heapauxi.o(.text) for __use_two_region_memory
    startup_stm32f407xx.o(.text) refers to system_stm32f4xx.o(i.SystemInit) for SystemInit
    startup_stm32f407xx.o(.text) refers to __main.o(!!!main) for __main
    startup_stm32f407xx.o(.text) refers to startup_stm32f407xx.o(HEAP) for Heap_Mem
    startup_stm32f407xx.o(.text) refers to startup_stm32f407xx.o(STACK) for Stack_Mem
    main.o(i.HAL_TIM_PeriodElapsedCallback) refers to stm32f4xx_hal.o(i.HAL_IncTick) for HAL_IncTick
    main.o(i.SystemClock_Config) refers to rt_memclr_w.o(.text) for __aeabi_memclr4
    main.o(i.SystemClock_Config) refers to stm32f4xx_hal_rcc.o(i.HAL_RCC_OscConfig) for HAL_RCC_OscConfig
    main.o(i.SystemClock_Config) refers to stm32f4xx_hal_rcc.o(i.HAL_RCC_ClockConfig) for HAL_RCC_ClockConfig
    main.o(i.main) refers to stm32f4xx_hal.o(i.HAL_Init) for HAL_Init
    main.o(i.main) refers to main.o(i.SystemClock_Config) for SystemClock_Config
    main.o(i.main) refers to gpio.o(i.MX_GPIO_Init) for MX_GPIO_Init
    main.o(i.main) refers to dma.o(i.MX_DMA_Init) for MX_DMA_Init
    main.o(i.main) refers to can.o(i.MX_CAN1_Init) for MX_CAN1_Init
    main.o(i.main) refers to can.o(i.MX_CAN2_Init) for MX_CAN2_Init
    main.o(i.main) refers to spi.o(i.MX_SPI1_Init) for MX_SPI1_Init
    main.o(i.main) refers to usart.o(i.MX_USART1_UART_Init) for MX_USART1_UART_Init
    main.o(i.main) refers to usart.o(i.MX_USART3_UART_Init) for MX_USART3_UART_Init
    main.o(i.main) refers to usart.o(i.MX_USART6_UART_Init) for MX_USART6_UART_Init
    main.o(i.main) refers to tim.o(i.MX_TIM4_Init) for MX_TIM4_Init
    main.o(i.main) refers to tim.o(i.MX_TIM5_Init) for MX_TIM5_Init
    main.o(i.main) refers to remote_control.o(i.remote_control_init) for remote_control_init
    main.o(i.main) refers to bsp_buzzer.o(i.Buzzer_Init) for Buzzer_Init
    main.o(i.main) refers to can_receive.o(i.canfilter_init_start) for canfilter_init_start
    main.o(i.main) refers to referee.o(i.Referee_Sys_Init) for Referee_Sys_Init
[...]
    Math_Abs                                 0x080039fd   Thumb Code    16  user_lib.o(i.Math_Abs)
    MemManage_Handler                        0x08003a0d   Thumb Code     2  stm32f4xx_it.o(i.MemManage_Handler)
    NMI_Handler                              0x08003a0f   Thumb Code     2  stm32f4xx_it.o(i.NMI_Handler)
    PID_Calc_Ecd                             0x08003a11   Thumb Code   238  pid.o(i.PID_Calc_Ecd)
    PID_calc                                 0x08003b05   Thumb Code   404  pid.o(i.PID_calc)
    PID_init                                 0x08003cb1   Thumb Code    92  pid.o(i.PID_init)
    RC_init                                  0x08003d11   Thumb Code    84  bsp_rc.o(i.RC_init)
    Referee_Sys_Init                         0x08003e69   Thumb Code    24  referee.o(i.Referee_Sys_Init)
    ShootTimer_Callback                      0x08003f95   Thumb Code    16  freertos.o(i.ShootTimer_Callback)
    SysTick_Handler                          0x08003fa9   Thumb Code    38  port.o(i.SysTick_Handler)
    SystemClock_Config                       0x08003fd5   Thumb Code   140  main.o(i.SystemClock_Config)
    SystemInit                               0x08004069   Thumb Code    66  system_stm32f4xx.o(i.SystemInit)
    TIM6_DAC_IRQHandler                      0x080040bd   Thumb Code     6  stm32f4xx_it.o(i.TIM6_DAC_IRQHandler)
    TIM_Base_SetConfig                       0x080040c9   Thumb Code   156  stm32f4xx_hal_tim.o(i.TIM_Base_SetConfig)
    TIM_CCxChannelCmd                        0x08004191   Thumb Code    26  stm32f4xx_hal_tim.o(i.TIM_CCxChannelCmd)
    TIM_ETR_SetConfig                        0x080041ab   Thumb Code    20  stm32f4xx_hal_tim.o(i.TIM_ETR_SetConfig)
    TIM_OC2_SetConfig                        0x08004231   Thumb Code    98  stm32f4xx_hal_tim.o(i.TIM_OC2_SetConfig)
    USART1_IRQHandler                        0x0800463d   Thumb Code     6  stm32f4xx_it.o(i.USART1_IRQHandler)
    USART3_IRQHandler                        0x08004649   Thumb Code   162  remote_control.o(i.USART3_IRQHandler)
    USART6_IRQHandler                        0x08004705   Thumb Code   126  referee.o(i.USART6_IRQHandler)
    UsageFault_Handler                       0x08004795   Thumb Code     2  stm32f4xx_it.o(i.UsageFault_Handler)
    Verify_CRC8_Check_Sum                    0x08004797   Thumb Code    38  crc8_crc16.o(i.Verify_CRC8_Check_Sum)
    VofaInit                                 0x080047bd   Thumb Code    18  vofa_task.o(i.VofaInit)
    Vofa_Send                                0x080047d5   Thumb Code    16  vofa_task.o(i.Vofa_Send)
    __ARM_fpclassify                         0x080047ed   Thumb Code    48  fpclassify.o(i.__ARM_fpclassify)
    __ARM_fpclassifyf                        0x0800481d   Thumb Code    38  fpclassifyf.o(i.__ARM_fpclassifyf)
    __hardfp_asinf                           0x08004865   Thumb Code   258  asinf.o(i.__hardfp_asinf)
    __hardfp_atan                            0x08004991   Thumb Code   622  atan.o(i.__hardfp_atan)
    __hardfp_atan2                           0x08004c69   Thumb Code   432  atan2.o(i.__hardfp_atan2)
    __hardfp_atan2f                          0x08004e59   Thumb Code   502  atan2f.o(i.__hardfp_atan2f)
    __hardfp_cos                             0x080050a9   Thumb Code   180  cos.o(i.__hardfp_cos)
    __hardfp_pow                             0x08005171   Thumb Code  3072  pow.o(i.__hardfp_pow)
    __hardfp_sin                             0x08005dc1   Thumb Code   180  sin.o(i.__hardfp_sin)
    __hardfp_sqrt                            0x08005e89   Thumb Code   122  sqrt_full.o(i.__hardfp_sqrt)
    __ieee754_rem_pio2                       0x08005f09   Thumb Code   938  rred.o(i.__ieee754_rem_pio2)
    __kernel_cos                             0x08006341   Thumb Code   322  cos_i.o(i.__kernel_cos)
    __kernel_poly                            0x080064b1   Thumb Code   248  poly.o(i.__kernel_poly)
    __kernel_sin                             0x080065a9   Thumb Code   280  sin_i.o(i.__kernel_sin)
    __mathlib_dbl_divzero                    0x080066d9   Thumb Code    28  dunder.o(i.__mathlib_dbl_divzero)
    __mathlib_dbl_infnan                     0x08006709   Thumb Code    20  dunder.o(i.__mathlib_dbl_infnan)
    __mathlib_dbl_infnan2                    0x0800671d   Thumb Code    20  dunder.o(i.__mathlib_dbl_infnan2)
    __mathlib_dbl_invalid                    0x08006731   Thumb Code    24  dunder.o(i.__mathlib_dbl_invalid)
    __mathlib_dbl_overflow                   0x08006751   Thumb Code    24  dunder.o(i.__mathlib_dbl_overflow)
    __mathlib_dbl_underflow                  0x08006771   Thumb Code    24  dunder.o(i.__mathlib_dbl_underflow)
    __mathlib_flt_infnan                     0x08006791   Thumb Code     6  funder.o(i.__mathlib_flt_infnan)
    __mathlib_flt_infnan2                    0x08006797   Thumb Code     6  funder.o(i.__mathlib_flt_infnan2)
    __mathlib_flt_invalid                    0x0800679d   Thumb Code    10  funder.o(i.__mathlib_flt_invalid)
    __mathlib_flt_underflow                  0x080067ad   Thumb Code    10  funder.o(i.__mathlib_flt_underflow)
    atan                                     0x080067bd   Thumb Code    16  atan.o(i.atan)
    bmi088_accel_init                        0x080067cd   Thumb Code   266  bmi088driver.o(i.bmi088_accel_init)
    bmi088_gyro_init                         0x080068dd   Thumb Code   214  bmi088driver.o(i.bmi088_gyro_init)
    buzzer_off                               0x080069b9   Thumb Code    10  bsp_buzzer.o(i.buzzer_off)
    buzzer_on                                0x080069c9   Thumb Code    12  bsp_buzzer.o(i.buzzer_on)
    canfilter_init_start                     0x080069d9   Thumb Code    80  can_receive.o(i.canfilter_init_start)
    chassis_behaviour_control_set            0x08006a31   Thumb Code    94  chassis_behaviour.o(i.chassis_behaviour_control_set)
    chassis_behaviour_mode_set               0x08006a9d   Thumb Code   108  chassis_behaviour.o(i.chassis_behaviour_mode_set)
    chassis_power_feedback                   0x08006e69   Thumb Code    60  chassis_power_control.o(i.chassis_power_feedback)
    chassis_power_init                       0x08006ead   Thumb Code    10  chassis_power_control.o(i.chassis_power_init)
    chassis_rc_to_control_vector             0x08006ebd   Thumb Code   312  chassis_task.o(i.chassis_rc_to_control_vector)
    chassis_task                             0x080074a9   Thumb Code   198  chassis_task.o(i.chassis_task)
    communicate_task                         0x08007d61   Thumb Code    14  communicate_task.o(i.communicate_task)
    detect_hook                              0x08007d75   Thumb Code    74  detect_task.o(i.detect_hook)
    detect_task                              0x08007e3d   Thumb Code   228  detect_task.o(i.detect_task)
    dispose_gimbal_mode                      0x08007f2d   Thumb Code    16  communicate_task.o(i.dispose_gimbal_mode)
    fabs                                     0x08007f3d   Thumb Code    24  fabs.o(i.fabs)
    first_order_filter_cali                  0x08007f55   Thumb Code    78  user_lib.o(i.first_order_filter_cali)
    first_order_filter_init                  0x08007fa3   Thumb Code    18  user_lib.o(i.first_order_filter_init)
    fp32_constrain                           0x08007fb5   Thumb Code    32  user_lib.o(i.fp32_constrain)
    get_INS_data_point                       0x08007fd5   Thumb Code     4  ins_task.o(i.get_INS_data_point)
    get_angle                                0x08007fdd   Thumb Code   176  ins_task.o(i.get_angle)
    get_chassis_Debug                        0x0800808d   Thumb Code     4  chassis_task.o(i.get_chassis_Debug)
    get_chassis_course_motor_measure_point   0x08008095   Thumb Code    16  can_receive.o(i.get_chassis_course_motor_measure_point)
    get_chassis_drive_motor_measure_point    0x080080a9   Thumb Code    16  can_receive.o(i.get_chassis_drive_motor_measure_point)
    get_chassis_power                        0x080080bd   Thumb Code     4  chassis_power_control.o(i.get_chassis_power)
    get_chassis_power_and_buffer             0x080080c5   Thumb Code    26  referee.o(i.get_chassis_power_and_buffer)
    get_gimbal_data                          0x080080e5   Thumb Code   112  communicate_task.o(i.get_gimbal_data)
    get_gimbal_data_point                    0x0800815d   Thumb Code     4  communicate_task.o(i.get_gimbal_data_point)
    get_gimbal_rc_data_point                 0x08008165   Thumb Code     4  communicate_task.o(i.get_gimbal_rc_data_point)
    get_gimbal_trigger_motor_measure_point   0x0800816d   Thumb Code     4  can_receive.o(i.get_gimbal_trigger_motor_measure_point)
    get_referee_data_point                   0x08008175   Thumb Code     4  referee.o(i.get_referee_data_point)
    get_remote_control_point                 0x0800817d   Thumb Code     4  remote_control.o(i.get_remote_control_point)
    imu_offset_accquier                      0x08008185   Thumb Code   168  ins_task.o(i.imu_offset_accquier)
    imu_offset_remove                        0x08008235   Thumb Code    50  ins_task.o(i.imu_offset_remove)
    invSqrt                                  0x08008269   Thumb Code    40  mahonyahrs.o(i.invSqrt)
    loop_fp32_constrain                      0x08008295   Thumb Code    72  user_lib.o(i.loop_fp32_constrain)
    main                                     0x080082dd   Thumb Code    74  main.o(i.main)
    osDelay                                  0x08008333   Thumb Code    14  cmsis_os.o(i.osDelay)
    osKernelStart                            0x08008341   Thumb Code    10  cmsis_os.o(i.osKernelStart)
    osThreadCreate                           0x0800834b   Thumb Code    84  cmsis_os.o(i.osThreadCreate)
    osTimerCreate                            0x080083a1   Thumb Code    60  cmsis_os.o(i.osTimerCreate)
    pvPortMalloc                             0x08008ba5   Thumb Code   216  heap_4.o(i.pvPortMalloc)
    pxPortInitialiseStack                    0x08008c81   Thumb Code    40  port.o(i.pxPortInitialiseStack)
    rc_is_error                              0x08008cad   Thumb Code     6  communicate_task.o(i.rc_is_error)
    referee_init                             0x08008cb9   Thumb Code   208  bsp_usart.o(i.referee_init)
    remote_control_init                      0x08008da1   Thumb Code    12  remote_control.o(i.remote_control_init)
    shoot_trig_motor_mode_set                0x08008e65   Thumb Code    52  trig_task.o(i.shoot_trig_motor_mode_set)
    sqrt                                     0x08008e99   Thumb Code   110  sqrt_full.o(i.sqrt)
    sqrtf                                    0x08008f07   Thumb Code    62  sqrtf_full.o(i.sqrtf)
    test_task                                0x08008f45   Thumb Code    48  test_task.o(i.test_task)
    toe_is_error                             0x08008f79   Thumb Code    18  detect_task.o(i.toe_is_error)
    trig_detect                              0x08009015   Thumb Code     6  trig_task.o(i.trig_detect)
    trig_task                                0x0800903d   Thumb Code   226  trig_task.o(i.trig_task)
    uxListRemove                             0x08009131   Thumb Code    38  list.o(i.uxListRemove)
    vApplicationGetIdleTaskMemory            0x08009159   Thumb Code    16  freertos.o(i.vApplicationGetIdleTaskMemory)
    vApplicationGetTimerTaskMemory           0x0800916d   Thumb Code    18  freertos.o(i.vApplicationGetTimerTaskMemory)
    vListInitialise                          0x08009185   Thumb Code    22  list.o(i.vListInitialise)
    vListInitialiseItem                      0x0800919b   Thumb Code     6  list.o(i.vListInitialiseItem)
    vListInsert                              0x080091a1   Thumb Code    48  list.o(i.vListInsert)
    vListInsertEnd                           0x080091d1   Thumb Code    24  list.o(i.vListInsertEnd)
    vPortEnterCritical                       0x080091e9   Thumb Code    54  port.o(i.vPortEnterCritical)
    vPortExitCritical                        0x08009229   Thumb Code    34  port.o(i.vPortExitCritical)
    vPortFree                                0x08009251   Thumb Code    94  heap_4.o(i.vPortFree)
    vPortSetupTimerInterrupt                 0x080092b5   Thumb Code    32  port.o(i.vPortSetupTimerInterrupt)
    vPortValidateInterruptPriority           0x080092d9   Thumb Code    74  port.o(i.vPortValidateInterruptPriority)
    vQueueAddToRegistry                      0x0800932d   Thumb Code    34  queue.o(i.vQueueAddToRegistry)
    vQueueWaitForMessageRestricted           0x08009355   Thumb Code    68  queue.o(i.vQueueWaitForMessageRestricted)
    vTaskDelay                               0x08009399   Thumb Code    66  tasks.o(i.vTaskDelay)
    vTaskDelete                              0x080093e5   Thumb Code   158  tasks.o(i.vTaskDelete)
    vTaskInternalSetTimeOutState             0x08009491   Thumb Code    12  tasks.o(i.vTaskInternalSetTimeOutState)
    vTaskMissedYield                         0x080094a1   Thumb Code     8  tasks.o(i.vTaskMissedYield)
    vTaskPlaceOnEventList                    0x080094ad   Thumb Code    44  tasks.o(i.vTaskPlaceOnEventList)
    vTaskPlaceOnEventListRestricted          0x080094dd   Thumb Code    52  tasks.o(i.vTaskPlaceOnEventListRestricted)
    vTaskStartScheduler                      0x08009515   Thumb Code   118  tasks.o(i.vTaskStartScheduler)
    vTaskSuspendAll                          0x0800959d   Thumb Code    10  tasks.o(i.vTaskSuspendAll)
    vTaskSwitchContext                       0x080095ad   Thumb Code    82  tasks.o(i.vTaskSwitchContext)
    vofa_justfloat                           0x08009609   Thumb Code    64  vofa_task.o(i.vofa_justfloat)
    vofa_task                                0x08009649   Thumb Code    56  vofa_task.o(i.vofa_task)
    xPortStartScheduler                      0x08009689   Thumb Code   222  port.o(i.xPortStartScheduler)
    xQueueGenericCreateStatic                0x0800977d   Thumb Code   102  queue.o(i.xQueueGenericCreateStatic)
    xQueueGenericReset                       0x080097e5   Thumb Code   132  queue.o(i.xQueueGenericReset)
    xQueueGenericSend                        0x0800986d   Thumb Code   346  queue.o(i.xQueueGenericSend)
    xQueueGenericSendFromISR                 0x080099cd   Thumb Code   190  queue.o(i.xQueueGenericSendFromISR)
    xQueueReceive                            0x08009a8d   Thumb Code   308  queue.o(i.xQueueReceive)
    xTaskCheckForTimeOut                     0x08009bc5   Thumb Code   112  tasks.o(i.xTaskCheckForTimeOut)
    xTaskCreate                              0x08009c39   Thumb Code    90  tasks.o(i.xTaskCreate)
    xTaskCreateStatic                        0x08009c93   Thumb Code    86  tasks.o(i.xTaskCreateStatic)
    xTaskGetSchedulerState                   0x08009ce9   Thumb Code    22  tasks.o(i.xTaskGetSchedulerState)
    xTaskGetTickCount                        0x08009d05   Thumb Code     6  tasks.o(i.xTaskGetTickCount)
    xTaskIncrementTick                       0x08009d11   Thumb Code   194  tasks.o(i.xTaskIncrementTick)
    xTaskPriorityDisinherit                  0x08009ddd   Thumb Code   144  tasks.o(i.xTaskPriorityDisinherit)
    xTaskRemoveFromEventList                 0x08009e75   Thumb Code   108  tasks.o(i.xTaskRemoveFromEventList)
    xTaskResumeAll                           0x08009ee9   Thumb Code   182  tasks.o(i.xTaskResumeAll)
    xTimerCreate                             0x08009fad   Thumb Code    52  timers.o(i.xTimerCreate)
    xTimerCreateStatic                       0x08009fe1   Thumb Code    46  timers.o(i.xTimerCreateStatic)
    xTimerCreateTimerTask                    0x0800a011   Thumb Code    78  timers.o(i.xTimerCreateTimerTask)
    xTimerGenericCommand                     0x0800a071   Thumb Code    92  timers.o(i.xTimerGenericCommand)
    __aeabi_dneg                             0x0800a0d1   Thumb Code     0  basic.o(x$fpl$basic)
    _dneg                                    0x0800a0d1   Thumb Code     6  basic.o(x$fpl$basic)
    __aeabi_fneg                             0x0800a0d7   Thumb Code     0  basic.o(x$fpl$basic)
    _fneg                                    0x0800a0d7   Thumb Code     6  basic.o(x$fpl$basic)
    _dabs                                    0x0800a0dd   Thumb Code     6  basic.o(x$fpl$basic)
    _fabs                                    0x0800a0e3   Thumb Code     6  basic.o(x$fpl$basic)
    __aeabi_d2f                              0x0800a0e9   Thumb Code     0  d2f_clz.o(x$fpl$d2f)
    _d2f                                     0x0800a0e9   Thumb Code   700  d2f_clz.o(x$fpl$d2f)
    __aeabi_dadd                             0x0800a3ad   Thumb Code     0  daddsub_clz.o(x$fpl$dadd)
    _dadd                                    0x0800a3ad   Thumb Code   580  daddsub_clz.o(x$fpl$dadd)
    __fpl_dcheck_NaN1                        0x0800a5f9   Thumb Code    28  dcheck1.o(x$fpl$dcheck1)
    __fpl_dcmp_Inf                           0x0800a615   Thumb Code    24  dcmpi.o(x$fpl$dcmpinf)
    __aeabi_ddiv                             0x0800a62d   Thumb Code     0  ddiv_clz.o(x$fpl$ddiv)
    _ddiv                                    0x0800a62d   Thumb Code   748  ddiv_clz.o(x$fpl$ddiv)
    __aeabi_d2iz                             0x0800a9a9   Thumb Code     0  dfix.o(x$fpl$dfix)
    _dfix                                    0x0800a9a9   Thumb Code   192  dfix.o(x$fpl$dfix)
    __aeabi_i2d                              0x0800aa71   Thumb Code     0  dflt_clz.o(x$fpl$dflt)
    _dflt                                    0x0800aa71   Thumb Code    46  dflt_clz.o(x$fpl$dflt)
    __dflt_normalise                         0x0800aa9f   Thumb Code    26  dflt_clz.o(x$fpl$dfltn)
    __aeabi_ui2d                             0x0800aab9   Thumb Code     0  dflt_clz.o(x$fpl$dfltu)
    _dfltu                                   0x0800aab9   Thumb Code    38  dflt_clz.o(x$fpl$dfltu)
    __aeabi_cdcmple                          0x0800aae1   Thumb Code     0  dleqf.o(x$fpl$dleqf)
    _dcmple                                  0x0800aae1   Thumb Code   120  dleqf.o(x$fpl$dleqf)
    __fpl_dcmple_InfNaN                      0x0800ab39   Thumb Code     0  dleqf.o(x$fpl$dleqf)
    __aeabi_dmul                             0x0800ab59   Thumb Code     0  dmul_clz.o(x$fpl$dmul)
    _dmul                                    0x0800ab59   Thumb Code   440  dmul_clz.o(x$fpl$dmul)
    __fpl_dnaninf                            0x0800ad19   Thumb Code   258  dnaninf.o(x$fpl$dnaninf)
    __fpl_drenorm2                           0x0800ae1b   Thumb Code   106  drenorm_clz.o(x$fpl$drenorm)
    __fpl_drenorm1                           0x0800ae85   Thumb Code     6  drenorm_clz.o(x$fpl$drenorm)
    __fpl_dretinf                            0x0800ae8b   Thumb Code    12  dretinf.o(x$fpl$dretinf)
    __aeabi_cdrcmple                         0x0800ae97   Thumb Code     0  drleqf.o(x$fpl$drleqf)
    _drcmple                                 0x0800ae97   Thumb Code    98  drleqf.o(x$fpl$drleqf)
    __aeabi_drsub                            0x0800aef9   Thumb Code     0  daddsub_clz.o(x$fpl$drsb)
    _drsb                                    0x0800aef9   Thumb Code    74  daddsub_clz.o(x$fpl$drsb)
    _dsqrt                                   0x0800af49   Thumb Code   520  dsqrt_umaalclz.o(x$fpl$dsqrt)
    __aeabi_dsub                             0x0800b151   Thumb Code     0  daddsub_clz.o(x$fpl$dsub)
    _dsub                                    0x0800b151   Thumb Code   664  daddsub_clz.o(x$fpl$dsub)
    __dunder                                 0x0800b3ed   Thumb Code   314  dunder_clz.o(x$fpl$dunder)
    __dunder_d                               0x0800b527   Thumb Code    64  dunder_clz.o(x$fpl$dunder)
    __fpl_exception                          0x0800b569   Thumb Code   454  except.o(x$fpl$exception)
    __aeabi_f2d                              0x0800b755   Thumb Code     0  f2d.o(x$fpl$f2d)
    _f2d                                     0x0800b755   Thumb Code   122  f2d.o(x$fpl$f2d)
    __fpl_fnaninf                            0x0800b7cf   Thumb Code   242  fnaninf.o(x$fpl$fnaninf)
    _fp_init                                 0x0800b8c1   Thumb Code    10  fpinit.o(x$fpl$fpinit)
    __fplib_config_fpu_vfp                   0x0800b8c9   Thumb Code     0  fpinit.o(x$fpl$fpinit)
    __fplib_config_pureend_doubles           0x0800b8c9   Thumb Code     0  fpinit.o(x$fpl$fpinit)
    __fpl_fretinf                            0x0800b8cb   Thumb Code    10  fretinf.o(x$fpl$fretinf)
    __funder                                 0x0800b8d5   Thumb Code   254  funder_clz.o(x$fpl$funder)
    __funder_d                               0x0800b9d3   Thumb Code    62  funder_clz.o(x$fpl$funder)
    __fpl_return_NaN                         0x0800ba11   Thumb Code   178  retnan.o(x$fpl$retnan)
    __ARM_scalbn                             0x0800bac5   Thumb Code   270  scalbn_clz.o(x$fpl$scalbn)
    _fp_trapveneer                           0x0800bbd9   Thumb Code    36  trapv.o(x$fpl$trapveneer)
    __fpl_cmpreturn                          0x0800bbfd   Thumb Code    90  trapv.o(x$fpl$trapveneer)
    __I$use$fp                               0x0800bc56   Number         0  usenofp.o(x$fpl$usenofp)
    AHBPrescTable                            0x0800bd2c   Data          16  system_stm32f4xx.o(.constdata)
    APBPrescTable                            0x0800bd3c   Data           8  system_stm32f4xx.o(.constdata)
    CRC8_TAB                                 0x0800bdc4   Data         256  crc8_crc16.o(.constdata)
    wCRC_Table                               0x0800bec4   Data         512  crc8_crc16.o(.constdata)
    __mathlib_zero                           0x0800c218   Data           8  qnan.o(.constdata)
    Region$$Table$$Base                      0x0800c36c   Number         0  anon$$obj.o(Region$$Table)
    Region$$Table$$Limit                     0x0800c38c   Number         0  anon$$obj.o(Region$$Table)
    TEST_TASKHandle                          0x20000000   Data           4  freertos.o(.data)
    CHASSIS_TASKHandle                       0x20000004   Data           4  freertos.o(.data)
    INS_TASKHandle                           0x20000008   Data           4  freertos.o(.data)
    DETECT_TASKHandle                        0x2000000c   Data           4  freertos.o(.data)
    VOFA_TASKHandle                          0x20000010   Data           4  freertos.o(.data)
    COMMUNICATE_TASHandle                    0x20000014   Data           4  freertos.o(.data)
    TRIG_TASKHandle                          0x20000018   Data           4  freertos.o(.data)
    ShootTimerHandle                         0x2000001c   Data           4  freertos.o(.data)
    uwTickFreq                               0x20000024   Data           1  stm32f4xx_hal.o(.data)
    uwTickPrio                               0x20000028   Data           4  stm32f4xx_hal.o(.data)
    uwTick                                   0x2000002c   Data           4  stm32f4xx_hal.o(.data)
    SystemCoreClock                          0x20000030   Data           4  system_stm32f4xx.o(.data)
    pxCurrentTCB                             0x20000034   Data           4  tasks.o(.data)
    chassis_behaviour_mode                   0x200000b0   Data           1  chassis_behaviour.o(.data)
    yaw_diff                                 0x200000b4   Data           4  chassis_task.o(.data)
    drct                                     0x200000dc   Data          16  chassis_task.o(.data)
    Bee_flag                                 0x200001e0   Data           1  test_task.o(.data)
    psc                                      0x200001e2   Data           2  test_task.o(.data)
    pwm                                      0x200001e4   Data           2  test_task.o(.data)
    chassis_debug                            0x200001f0   Data           4  vofa_task.o(.data)
    chassis_power_debug                      0x200001f4   Data           4  vofa_task.o(.data)
    rx_data1                                 0x2000020a   Data           8  can_receive.o(.data)
    rx_data2                                 0x20000212   Data           8  can_receive.o(.data)
    BMI088_ACCEL_SEN                         0x2000021c   Data           4  bmi088driver.o(.data)
    BMI088_GYRO_SEN                          0x20000220   Data           4  bmi088driver.o(.data)
    twoKp                                    0x20000248   Data           4  mahonyahrs.o(.data)
    twoKi                                    0x2000024c   Data           4  mahonyahrs.o(.data)
    integralFBx                              0x20000250   Data           4  mahonyahrs.o(.data)
    integralFBy                              0x20000254   Data           4  mahonyahrs.o(.data)
    integralFBz                              0x20000258   Data           4  mahonyahrs.o(.data)
    hcan1                                    0x20000904   Data          40  can.o(.bss)
    hcan2                                    0x2000092c   Data          40  can.o(.bss)
    hspi1                                    0x20000954   Data          88  spi.o(.bss)
    hdma_spi1_rx                             0x200009ac   Data          96  spi.o(.bss)
    hdma_spi1_tx                             0x20000a0c   Data          96  spi.o(.bss)
    htim4                                    0x20000a6c   Data          72  tim.o(.bss)
    htim5                                    0x20000ab4   Data          72  tim.o(.bss)
    huart1                                   0x20000afc   Data          68  usart.o(.bss)
    huart3                                   0x20000b40   Data          68  usart.o(.bss)
    huart6                                   0x20000b84   Data          68  usart.o(.bss)
    hdma_usart3_rx                           0x20000bc8   Data          96  usart.o(.bss)
    hdma_usart6_rx                           0x20000c28   Data          96  usart.o(.bss)
    hdma_usart6_tx                           0x20000c88   Data          96  usart.o(.bss)
    htim6                                    0x20000ce8   Data          72  stm32f4xx_hal_timebase_tim.o(.bss)
    xQueueRegistry                           0x20000d30   Data          64  queue.o(.bss)
    Chassis_power_control                    0x20004b48   Data         148  chassis_power_control.o(.bss)
    chassis_move                             0x20004c00   Data        2048  chassis_task.o(.bss)
    gimbal_data                              0x20005400   Data          28  communicate_task.o(.bss)
    error_list                               0x2000541c   Data         432  detect_task.o(.bss)
    INS_quat                                 0x200055d0   Data          16  ins_task.o(.bss)
    bmi088_real_data                         0x200055e0   Data          48  ins_task.o(.bss)
    gyro_offset                              0x20005688   Data          12  ins_task.o(.bss)
    Referee_System                           0x20005694   Data        1275  referee.o(.bss)
    trig_control                             0x20005b90   Data         400  trig_task.o(.bss)
    Vofa_Data                                0x20005d20   Data          24  vofa_task.o(.bss)
    rc_ctrl                                  0x20005d38   Data          22  remote_control.o(.bss)
    drive_motor                              0x20005d96   Data          40  can_receive.o(.bss)
    course_motor                             0x20005dbe   Data          40  can_receive.o(.bss)
    trigger_motor                            0x20005de6   Data          10  can_receive.o(.bss)
    yaw_motor                                0x20005df0   Data          10  can_receive.o(.bss)
    __libspace_start                         0x20005dfc   Data          96  libspace.o(.bss)
    __temporary_stack_top$libspace           0x20005e5c   Data           0  libspace.o(.bss)



==============================================================================

Memory Map of the image

  Image Entry point : 0x08000189

  Load Region LR_IROM1 (Base: 0x08000000, Size: 0x0000c5e8, Max: 0x00100000, ABSOLUTE, COMPRESSED[0x0000c43c])

    Execution Region ER_IROM1 (Exec base: 0x08000000, Load base: 0x08000000, Size: 0x0000c38c, Max: 0x00100000, ABSOLUTE)

    Exec Addr    Load Addr    Size         Type   Attr      Idx    E Section Name        Object

    0x08000000   0x08000000   0x00000188   Data   RO            3    RESET               startup_stm32f407xx.o
    0x08000188   0x08000188   0x00000008   Code   RO         7424  * !!!main             c_w.l(__main.o)
    0x08000190   0x08000190   0x00000034   Code   RO         7905    !!!scatter          c_w.l(__scatter.o)
    0x080001c4   0x080001c4   0x0000005a   Code   RO         7903    !!dczerorl2         c_w.l(__dczerorl2.o)
    0x0800021e   0x0800021e   0x00000002   PAD
    0x08000220   0x08000220   0x0000001c   Code   RO         7907    !!handler_zi        c_w.l(__scatter_zi.o)
    0x0800023c   0x0800023c   0x00000002   Code   RO         7842    .ARM.Collect$$libinit$$00000000  c_w.l(libinit.o)
    0x0800023e   0x0800023e   0x00000004   Code   RO         7604    .ARM.Collect$$libinit$$00000001  c_w.l(libinit2.o)
    0x08000242   0x08000242   0x00000000   Code   RO         7607    .ARM.Collect$$libinit$$00000004  c_w.l(libinit2.o)
    0x08000242   0x08000242   0x00000000   Code   RO         7610    .ARM.Collect$$libinit$$0000000A  c_w.l(libinit2.o)
    0x08000242   0x08000242   0x00000000   Code   RO         7612    .ARM.Collect$$libinit$$0000000C  c_w.l(libinit2.o)
    0x08000242   0x08000242   0x00000000   Code   RO         7614    .ARM.Collect$$libinit$$0000000E  c_w.l(libinit2.o)
    0x08000242   0x08000242   0x00000000   Code   RO         7617    .ARM.Collect$$libinit$$00000011  c_w.l(libinit2.o)
    0x08000242   0x08000242   0x00000000   Code   RO         7619    .ARM.Collect$$libinit$$00000013  c_w.l(libinit2.o)
    0x08000242   0x08000242   0x00000000   Code   RO         7621    .ARM.Collect$$libinit$$00000015  c_w.l(libinit2.o)
    0x08000242   0x08000242   0x00000000   Code   RO         7623    .ARM.Collect$$libinit$$00000017  c_w.l(libinit2.o)
    0x08000242   0x08000242   0x00000000   Code   RO         7625    .ARM.Collect$$libinit$$00000019  c_w.l(libinit2.o)
    0x08000242   0x08000242   0x00000000   Code   RO         7627    .ARM.Collect$$libinit$$0000001B  c_w.l(libinit2.o)
    0x08000242   0x08000242   0x00000000   Code   RO         7629    .ARM.Collect$$libinit$$0000001D  c_w.l(libinit2.o)
    0x08000242   0x08000242   0x00000000   Code   RO         7631    .ARM.Collect$$libinit$$0000001F  c_w.l(libinit2.o)
    0x08000242   0x08000242   0x00000000   Code   RO         7633    .ARM.Collect$$libinit$$00000021  c_w.l(libinit2.o)
    0x08000242   0x08000242   0x00000000   Code   RO         7635    .ARM.Collect$$libinit$$00000023  c_w.l(libinit2.o)
    0x08000242   0x08000242   0x00000000   Code   RO         7637    .ARM.Collect$$libinit$$00000025  c_w.l(libinit2.o)
    0x08000242   0x08000242   0x00000000   Code   RO         7641    .ARM.Collect$$libinit$$0000002C  c_w.l(libinit2.o)
    0x08000242   0x08000242   0x00000000   Code   RO         7643    .ARM.Collect$$libinit$$0000002E  c_w.l(libinit2.o)
    0x08000242   0x08000242   0x00000000   Code   RO         7645    .ARM.Collect$$libinit$$00000030  c_w.l(libinit2.o)
    0x08000242   0x08000242   0x00000000   Code   RO         7647    .ARM.Collect$$libinit$$00000032  c_w.l(libinit2.o)
    0x08000242   0x08000242   0x00000002   Code   RO         7648    .ARM.Collect$$libinit$$00000033  c_w.l(libinit2.o)
    0x08000244   0x08000244   0x00000002   Code   RO         7900    .ARM.Collect$$libshutdown$$00000000  c_w.l(libshutdown.o)
    0x08000246   0x08000246   0x00000000   Code   RO         7858    .ARM.Collect$$libshutdown$$00000002  c_w.l(libshutdown2.o)
    0x08000246   0x08000246   0x00000000   Code   RO         7860    .ARM.Collect$$libshutdown$$00000004  c_w.l(libshutdown2.o)
    0x08000246   0x08000246   0x00000000   Code   RO         7863    .ARM.Collect$$libshutdown$$00000007  c_w.l(libshutdown2.o)
    0x08000246   0x08000246   0x00000000   Code   RO         7866    .ARM.Collect$$libshutdown$$0000000A  c_w.l(libshutdown2.o)
    0x08000246   0x08000246   0x00000000   Code   RO         7868    .ARM.Collect$$libshutdown$$0000000C  c_w.l(libshutdown2.o)
    0x08000246   0x08000246   0x00000000   Code   RO         7871    .ARM.Collect$$libshutdown$$0000000F  c_w.l(libshutdown2.o)
    0x08000246   0x08000246   0x00000002   Code   RO         7872    .ARM.Collect$$libshutdown$$00000010  c_w.l(libshutdown2.o)
    0x08000248   0x08000248   0x00000000   Code   RO         7566    .ARM.Collect$$rtentry$$00000000  c_w.l(__rtentry.o)
    0x08000248   0x08000248   0x00000000   Code   RO         7762    .ARM.Collect$$rtentry$$00000002  c_w.l(__rtentry2.o)
    0x08000248   0x08000248   0x00000006   Code   RO         7774    .ARM.Collect$$rtentry$$00000004  c_w.l(__rtentry4.o)
    0x0800024e   0x0800024e   0x00000000   Code   RO         7764    .ARM.Collect$$rtentry$$00000009  c_w.l(__rtentry2.o)
    0x0800024e   0x0800024e   0x00000004   Code   RO         7765    .ARM.Collect$$rtentry$$0000000A  c_w.l(__rtentry2.o)
    0x08000252   0x08000252   0x00000000   Code   RO         7767    .ARM.Collect$$rtentry$$0000000C  c_w.l(__rtentry2.o)
    0x08000252   0x08000252   0x00000008   Code   RO         7768    .ARM.Collect$$rtentry$$0000000D  c_w.l(__rtentry2.o)
    0x0800025a   0x0800025a   0x00000002   Code   RO         7845    .ARM.Collect$$rtexit$$00000000  c_w.l(rtexit.o)
    0x0800025c   0x0800025c   0x00000000   Code   RO         7876    .ARM.Collect$$rtexit$$00000002  c_w.l(rtexit2.o)
    0x0800025c   0x0800025c   0x00000004   Code   RO         7877    .ARM.Collect$$rtexit$$00000003  c_w.l(rtexit2.o)
    0x08000260   0x08000260   0x00000006   Code   RO         7878    .ARM.Collect$$rtexit$$00000004  c_w.l(rtexit2.o)
    0x08000266   0x08000266   0x00000002   PAD
    0x08000268   0x08000268   0x000000be   Code   RO         5225    .emb_text           port.o
    0x08000326   0x08000326   0x00000002   PAD
    0x08000328   0x08000328   0x00000040   Code   RO            4    .text               startup_stm32f407xx.o
    0x08000368   0x08000368   0x000000ee   Code   RO         7410    .text               c_w.l(lludivv7m.o)
    0x08000456   0x08000456   0x0000008a   Code   RO         7412    .text               c_w.l(rt_memcpy_v6.o)
    0x080004e0   0x080004e0   0x00000084   Code   RO         7414    .text               c_w.l(rt_memmove_v6.o)
    0x08000564   0x08000564   0x00000064   Code   RO         7416    .text               c_w.l(rt_memcpy_w.o)
    0x080005c8   0x080005c8   0x0000004e   Code   RO         7420    .text               c_w.l(rt_memclr_w.o)
    0x08000616   0x08000616   0x00000006   Code   RO         7422    .text               c_w.l(heapauxi.o)
    0x0800061c   0x0800061c   0x00000016   Code   RO         7596    .text               c_w.l(_rserrno.o)
    0x08000632   0x08000632   0x0000007a   Code   RO         7598    .text               c_w.l(rt_memmove_w.o)
    0x080006ac   0x080006ac   0x00000008   Code   RO         7758    .text               c_w.l(libspace.o)
    0x080006b4   0x080006b4   0x00000008   Code   RO         7781    .text               c_w.l(rt_errno_addr_intlibspace.o)
    0x080006bc   0x080006bc   0x00000030   Code   RO         7791    .text               c_w.l(_fptrap.o)
    0x080006ec   0x080006ec   0x00000002   Code   RO         7814    .text               c_w.l(use_no_semi.o)
    0x080006ee   0x080006ee   0x00000000   Code   RO         7816    .text               c_w.l(indicate_semi.o)
    0x080006ee   0x080006ee   0x0000004a   Code   RO         7817    .text               c_w.l(sys_stackheap_outer.o)
    0x08000738   0x08000738   0x00000012   Code   RO         7823    .text               c_w.l(exit.o)
    0x0800074a   0x0800074a   0x0000000a   Code   RO         7825    .text               c_w.l(defsig_exit.o)
    0x08000754   0x08000754   0x0000000e   Code   RO         7827    .text               c_w.l(defsig_fpe_outer.o)
    0x08000762   0x08000762   0x00000002   PAD
    0x08000764   0x08000764   0x0000000c   Code   RO         7843    .text               c_w.l(sys_exit.o)
    0x08000770   0x08000770   0x00000032   Code   RO         7853    .text               c_w.l(defsig_general.o)
    0x080007a2   0x080007a2   0x00000002   PAD
    0x080007a4   0x080007a4   0x000000ac   Code   RO         7855    .text               c_w.l(defsig_fpe_inner.o)
    0x08000850   0x08000850   0x0000000e   Code   RO         7873    .text               c_w.l(sys_wrch.o)
    0x0800085e   0x0800085e   0x00000002   PAD
    0x08000860   0x08000860   0x00000020   Code   RO         5665    i.AHRS_init         ins_task.o
    0x08000880   0x08000880   0x0000001e   Code   RO         7082    i.Angle_Limit       user_lib.o
    0x0800089e   0x0800089e   0x00000002   PAD
    0x080008a0   0x080008a0   0x00000010   Code   RO         6523    i.BMI088_ACCEL_NS_H  bmi088middleware.o
    0x080008b0   0x080008b0   0x00000010   Code   RO         6524    i.BMI088_ACCEL_NS_L  bmi088middleware.o
    0x080008c0   0x080008c0   0x00000002   Code   RO         6525    i.BMI088_GPIO_init  bmi088middleware.o
    0x080008c2   0x080008c2   0x00000002   PAD
    0x080008c4   0x080008c4   0x00000010   Code   RO         6526    i.BMI088_GYRO_NS_H  bmi088middleware.o
    0x080008d4   0x080008d4   0x00000010   Code   RO         6527    i.BMI088_GYRO_NS_L  bmi088middleware.o
    0x080008e4   0x080008e4   0x00000002   Code   RO         6528    i.BMI088_com_init   bmi088middleware.o
    0x080008e6   0x080008e6   0x00000018   Code   RO         6529    i.BMI088_delay_ms   bmi088middleware.o
    0x080008fe   0x080008fe   0x0000002e   Code   RO         6530    i.BMI088_delay_us   bmi088middleware.o
    0x0800092c   0x0800092c   0x00000018   Code   RO         6454    i.BMI088_init       bmi088driver.o
    0x08000944   0x08000944   0x00000158   Code   RO         6455    i.BMI088_read       bmi088driver.o
    0x08000a9c   0x08000a9c   0x00000024   Code   RO         6456    i.BMI088_read_muli_reg  bmi088driver.o
    0x08000ac0   0x08000ac0   0x00000016   Code   RO         6457    i.BMI088_read_single_reg  bmi088driver.o
    0x08000ad6   0x08000ad6   0x00000002   PAD
    0x08000ad8   0x08000ad8   0x00000020   Code   RO         6531    i.BMI088_read_write_byte  bmi088middleware.o
    0x08000af8   0x08000af8   0x00000012   Code   RO         6458    i.BMI088_write_single_reg  bmi088driver.o
    0x08000b0a   0x08000b0a   0x00000002   Code   RO          623    i.BusFault_Handler  stm32f4xx_it.o
    0x08000b0c   0x08000b0c   0x00000018   Code   RO         6265    i.Buzzer_Init       bsp_buzzer.o
    0x08000b24   0x08000b24   0x0000000c   Code   RO          624    i.CAN1_RX0_IRQHandler  stm32f4xx_it.o
    0x08000b30   0x08000b30   0x0000000c   Code   RO          625    i.CAN1_RX1_IRQHandler  stm32f4xx_it.o
    0x08000b3c   0x08000b3c   0x0000000c   Code   RO          626    i.CAN1_TX_IRQHandler  stm32f4xx_it.o
    0x08000b48   0x08000b48   0x0000000c   Code   RO          627    i.CAN2_RX0_IRQHandler  stm32f4xx_it.o
    0x08000b54   0x08000b54   0x0000000c   Code   RO          628    i.CAN2_RX1_IRQHandler  stm32f4xx_it.o
    0x08000b60   0x08000b60   0x00000048   Code   RO         6178    i.CAN_cmd_course    can_receive.o
    0x08000ba8   0x08000ba8   0x00000048   Code   RO         6179    i.CAN_cmd_drive     can_receive.o
    0x08000bf0   0x08000bf0   0x00000034   Code   RO         6180    i.CAN_cmd_trig      can_receive.o
    0x08000c24   0x08000c24   0x0000000c   Code   RO          629    i.DMA1_Stream1_IRQHandler  stm32f4xx_it.o
    0x08000c30   0x08000c30   0x0000000c   Code   RO          630    i.DMA2_Stream1_IRQHandler  stm32f4xx_it.o
    0x08000c3c   0x08000c3c   0x0000000c   Code   RO          631    i.DMA2_Stream2_IRQHandler  stm32f4xx_it.o
    0x08000c48   0x08000c48   0x0000000c   Code   RO          632    i.DMA2_Stream3_IRQHandler  stm32f4xx_it.o
    0x08000c54   0x08000c54   0x0000000c   Code   RO          633    i.DMA2_Stream6_IRQHandler  stm32f4xx_it.o
    0x08000c60   0x08000c60   0x00000028   Code   RO         1509    i.DMA_CalcBaseAndBitshift  stm32f4xx_hal_dma.o
    0x08000c88   0x08000c88   0x00000054   Code   RO         1510    i.DMA_CheckFifoParam  stm32f4xx_hal_dma.o
    0x08000cdc   0x08000cdc   0x00000002   Code   RO          634    i.DebugMon_Handler  stm32f4xx_it.o
    0x08000cde   0x08000cde   0x00000004   Code   RO           13    i.Error_Handler     main.o
    0x08000ce2   0x08000ce2   0x00000002   PAD
    0x08000ce4   0x08000ce4   0x0000002c   Code   RO         5427    i.Find_min_Angle    chassis_task.o
    0x08000d10   0x08000d10   0x0000001c   Code   RO         6599    i.Get_CRC8_Check_Sum  crc8_crc16.o
    0x08000d2c   0x08000d2c   0x00000024   Code   RO          817    i.HAL_CAN_ActivateNotification  stm32f4xx_hal_can.o
    0x08000d50   0x08000d50   0x000000c8   Code   RO          818    i.HAL_CAN_AddTxMessage  stm32f4xx_hal_can.o
    0x08000e18   0x08000e18   0x0000010c   Code   RO          819    i.HAL_CAN_ConfigFilter  stm32f4xx_hal_can.o
    0x08000f24   0x08000f24   0x00000002   Code   RO          822    i.HAL_CAN_ErrorCallback  stm32f4xx_hal_can.o
    0x08000f26   0x08000f26   0x000000e8   Code   RO          825    i.HAL_CAN_GetRxMessage  stm32f4xx_hal_can.o
    0x0800100e   0x0800100e   0x000001fc   Code   RO          829    i.HAL_CAN_IRQHandler  stm32f4xx_hal_can.o
    0x0800120a   0x0800120a   0x0000011a   Code   RO          830    i.HAL_CAN_Init      stm32f4xx_hal_can.o
    0x08001324   0x08001324   0x0000012c   Code   RO          401    i.HAL_CAN_MspInit   can.o
    0x08001450   0x08001450   0x00000002   Code   RO          837    i.HAL_CAN_RxFifo0FullCallback  stm32f4xx_hal_can.o
    0x08001452   0x08001452   0x00000002   PAD
    0x08001454   0x08001454   0x000001dc   Code   RO         6181    i.HAL_CAN_RxFifo0MsgPendingCallback  can_receive.o
    0x08001630   0x08001630   0x00000002   Code   RO          839    i.HAL_CAN_RxFifo1FullCallback  stm32f4xx_hal_can.o
    0x08001632   0x08001632   0x00000002   Code   RO          840    i.HAL_CAN_RxFifo1MsgPendingCallback  stm32f4xx_hal_can.o
    0x08001634   0x08001634   0x00000002   Code   RO          841    i.HAL_CAN_SleepCallback  stm32f4xx_hal_can.o
    0x08001636   0x08001636   0x00000002   PAD
    0x08001638   0x08001638   0x00000058   Code   RO          842    i.HAL_CAN_Start     stm32f4xx_hal_can.o
    0x08001690   0x08001690   0x00000002   Code   RO          844    i.HAL_CAN_TxMailbox0AbortCallback  stm32f4xx_hal_can.o
    0x08001692   0x08001692   0x00000002   Code   RO          845    i.HAL_CAN_TxMailbox0CompleteCallback  stm32f4xx_hal_can.o
    0x08001694   0x08001694   0x00000002   Code   RO          846    i.HAL_CAN_TxMailbox1AbortCallback  stm32f4xx_hal_can.o
    0x08001696   0x08001696   0x00000002   Code   RO          847    i.HAL_CAN_TxMailbox1CompleteCallback  stm32f4xx_hal_can.o
    0x08001698   0x08001698   0x00000002   Code   RO          848    i.HAL_CAN_TxMailbox2AbortCallback  stm32f4xx_hal_can.o
    0x0800169a   0x0800169a   0x00000002   Code   RO          849    i.HAL_CAN_TxMailbox2CompleteCallback  stm32f4xx_hal_can.o
    0x0800169c   0x0800169c   0x00000002   Code   RO          851    i.HAL_CAN_WakeUpFromRxMsgCallback  stm32f4xx_hal_can.o
    0x0800169e   0x0800169e   0x00000092   Code   RO         1512    i.HAL_DMA_Abort     stm32f4xx_hal_dma.o
    0x08001730   0x08001730   0x00000024   Code   RO         1513    i.HAL_DMA_Abort_IT  stm32f4xx_hal_dma.o
    0x08001754   0x08001754   0x000001a0   Code   RO         1517    i.HAL_DMA_IRQHandler  stm32f4xx_hal_dma.o
    0x080018f4   0x080018f4   0x000000d4   Code   RO         1518    i.HAL_DMA_Init      stm32f4xx_hal_dma.o
    0x080019c8   0x080019c8   0x000001f0   Code   RO         1405    i.HAL_GPIO_Init     stm32f4xx_hal_gpio.o
    0x08001bb8   0x08001bb8   0x0000000a   Code   RO         1409    i.HAL_GPIO_WritePin  stm32f4xx_hal_gpio.o
    0x08001bc2   0x08001bc2   0x00000002   PAD
    0x08001bc4   0x08001bc4   0x0000000c   Code   RO         1937    i.HAL_GetTick       stm32f4xx_hal.o
    0x08001bd0   0x08001bd0   0x00000010   Code   RO         1943    i.HAL_IncTick       stm32f4xx_hal.o
    0x08001be0   0x08001be0   0x00000034   Code   RO         1944    i.HAL_Init          stm32f4xx_hal.o
    0x08001c14   0x08001c14   0x00000098   Code   RO          777    i.HAL_InitTick      stm32f4xx_hal_timebase_tim.o
    0x08001cac   0x08001cac   0x00000038   Code   RO          753    i.HAL_MspInit       stm32f4xx_hal_msp.o
    0x08001ce4   0x08001ce4   0x0000001a   Code   RO         1794    i.HAL_NVIC_EnableIRQ  stm32f4xx_hal_cortex.o
    0x08001cfe   0x08001cfe   0x00000002   PAD
    0x08001d00   0x08001d00   0x00000040   Code   RO         1800    i.HAL_NVIC_SetPriority  stm32f4xx_hal_cortex.o
    0x08001d40   0x08001d40   0x00000024   Code   RO         1801    i.HAL_NVIC_SetPriorityGrouping  stm32f4xx_hal_cortex.o
    0x08001d64   0x08001d64   0x00000134   Code   RO         1051    i.HAL_RCC_ClockConfig  stm32f4xx_hal_rcc.o
    0x08001e98   0x08001e98   0x00000040   Code   RO         1055    i.HAL_RCC_GetClockConfig  stm32f4xx_hal_rcc.o
    0x08001ed8   0x08001ed8   0x00000020   Code   RO         1058    i.HAL_RCC_GetPCLK1Freq  stm32f4xx_hal_rcc.o
    0x08001ef8   0x08001ef8   0x00000020   Code   RO         1059    i.HAL_RCC_GetPCLK2Freq  stm32f4xx_hal_rcc.o
    0x08001f18   0x08001f18   0x00000064   Code   RO         1060    i.HAL_RCC_GetSysClockFreq  stm32f4xx_hal_rcc.o
    0x08001f7c   0x08001f7c   0x0000036c   Code   RO         1063    i.HAL_RCC_OscConfig  stm32f4xx_hal_rcc.o
    0x080022e8   0x080022e8   0x000000bc   Code   RO         2193    i.HAL_SPI_Init      stm32f4xx_hal_spi.o
    0x080023a4   0x080023a4   0x000000fc   Code   RO          474    i.HAL_SPI_MspInit   spi.o
    0x080024a0   0x080024a0   0x000001e2   Code   RO         2202    i.HAL_SPI_TransmitReceive  stm32f4xx_hal_spi.o
    0x08002682   0x08002682   0x00000002   Code   RO         3210    i.HAL_TIMEx_BreakCallback  stm32f4xx_hal_tim_ex.o
    0x08002684   0x08002684   0x00000002   Code   RO         3211    i.HAL_TIMEx_CommutCallback  stm32f4xx_hal_tim_ex.o
    0x08002686   0x08002686   0x00000002   PAD
    0x08002688   0x08002688   0x00000090   Code   RO         3229    i.HAL_TIMEx_MasterConfigSynchronization  stm32f4xx_hal_tim_ex.o
    0x08002718   0x08002718   0x0000005a   Code   RO         2506    i.HAL_TIM_Base_Init  stm32f4xx_hal_tim.o
    0x08002772   0x08002772   0x00000002   PAD
    0x08002774   0x08002774   0x00000040   Code   RO          516    i.HAL_TIM_Base_MspInit  tim.o
    0x080027b4   0x080027b4   0x00000078   Code   RO         2509    i.HAL_TIM_Base_Start  stm32f4xx_hal_tim.o
    0x0800282c   0x0800282c   0x00000080   Code   RO         2511    i.HAL_TIM_Base_Start_IT  stm32f4xx_hal_tim.o
    0x080028ac   0x080028ac   0x000000dc   Code   RO         2515    i.HAL_TIM_ConfigClockSource  stm32f4xx_hal_tim.o
    0x08002988   0x08002988   0x00000002   Code   RO         2540    i.HAL_TIM_IC_CaptureCallback  stm32f4xx_hal_tim.o
    0x0800298a   0x0800298a   0x00000166   Code   RO         2554    i.HAL_TIM_IRQHandler  stm32f4xx_hal_tim.o
    0x08002af0   0x08002af0   0x00000054   Code   RO          517    i.HAL_TIM_MspPostInit  tim.o
    0x08002b44   0x08002b44   0x00000002   Code   RO         2557    i.HAL_TIM_OC_DelayElapsedCallback  stm32f4xx_hal_tim.o
    0x08002b46   0x08002b46   0x000000cc   Code   RO         2578    i.HAL_TIM_PWM_ConfigChannel  stm32f4xx_hal_tim.o
    0x08002c12   0x08002c12   0x0000005a   Code   RO         2581    i.HAL_TIM_PWM_Init  stm32f4xx_hal_tim.o
    0x08002c6c   0x08002c6c   0x00000002   Code   RO         2583    i.HAL_TIM_PWM_MspInit  stm32f4xx_hal_tim.o
    0x08002c6e   0x08002c6e   0x00000002   Code   RO         2584    i.HAL_TIM_PWM_PulseFinishedCallback  stm32f4xx_hal_tim.o
    0x08002c70   0x08002c70   0x000000c8   Code   RO         2586    i.HAL_TIM_PWM_Start  stm32f4xx_hal_tim.o
    0x08002d38   0x08002d38   0x00000014   Code   RO           14    i.HAL_TIM_PeriodElapsedCallback  main.o
    0x08002d4c   0x08002d4c   0x00000002   Code   RO         2597    i.HAL_TIM_TriggerCallback  stm32f4xx_hal_tim.o
    0x08002d4e   0x08002d4e   0x00000002   Code   RO         3488    i.HAL_UARTEx_RxEventCallback  stm32f4xx_hal_uart.o
    0x08002d50   0x08002d50   0x00000002   Code   RO         3502    i.HAL_UART_ErrorCallback  stm32f4xx_hal_uart.o
    0x08002d52   0x08002d52   0x00000002   PAD
    0x08002d54   0x08002d54   0x00000268   Code   RO         3505    i.HAL_UART_IRQHandler  stm32f4xx_hal_uart.o
    0x08002fbc   0x08002fbc   0x00000062   Code   RO         3506    i.HAL_UART_Init     stm32f4xx_hal_uart.o
    0x0800301e   0x0800301e   0x00000002   PAD
    0x08003020   0x08003020   0x000001e8   Code   RO          570    i.HAL_UART_MspInit  usart.o
    0x08003208   0x08003208   0x00000002   Code   RO         3512    i.HAL_UART_RxCpltCallback  stm32f4xx_hal_uart.o
    0x0800320a   0x0800320a   0x00000002   PAD
    0x0800320c   0x0800320c   0x000000b2   Code   RO         3514    i.HAL_UART_Transmit  stm32f4xx_hal_uart.o
    0x080032be   0x080032be   0x00000002   Code   RO         3517    i.HAL_UART_TxCpltCallback  stm32f4xx_hal_uart.o
    0x080032c0   0x080032c0   0x00000002   Code   RO          635    i.HardFault_Handler  stm32f4xx_it.o
    0x080032c2   0x080032c2   0x00000002   PAD
    0x080032c4   0x080032c4   0x000000d4   Code   RO         5666    i.INS_task          ins_task.o
    0x08003398   0x08003398   0x00000044   Code   RO          402    i.MX_CAN1_Init      can.o
    0x080033dc   0x080033dc   0x00000040   Code   RO          403    i.MX_CAN2_Init      can.o
    0x0800341c   0x0800341c   0x0000007c   Code   RO          449    i.MX_DMA_Init       dma.o
    0x08003498   0x08003498   0x000000cc   Code   RO          291    i.MX_FREERTOS_Init  freertos.o
    0x08003564   0x08003564   0x000000c0   Code   RO          260    i.MX_GPIO_Init      gpio.o
    0x08003624   0x08003624   0x00000048   Code   RO          475    i.MX_SPI1_Init      spi.o
    0x0800366c   0x0800366c   0x00000098   Code   RO          518    i.MX_TIM4_Init      tim.o
    0x08003704   0x08003704   0x00000068   Code   RO          519    i.MX_TIM5_Init      tim.o
    0x0800376c   0x0800376c   0x00000038   Code   RO          571    i.MX_USART1_UART_Init  usart.o
    0x080037a4   0x080037a4   0x0000003c   Code   RO          572    i.MX_USART3_UART_Init  usart.o
    0x080037e0   0x080037e0   0x00000038   Code   RO          573    i.MX_USART6_UART_Init  usart.o
    0x08003818   0x08003818   0x000001e4   Code   RO         7049    i.MahonyAHRSupdateIMU  mahonyahrs.o
    0x080039fc   0x080039fc   0x00000010   Code   RO         7083    i.Math_Abs          user_lib.o
    0x08003a0c   0x08003a0c   0x00000002   Code   RO          636    i.MemManage_Handler  stm32f4xx_it.o
    0x08003a0e   0x08003a0e   0x00000002   Code   RO          637    i.NMI_Handler       stm32f4xx_it.o
    0x08003a10   0x08003a10   0x000000f4   Code   RO         6122    i.PID_Calc_Ecd      pid.o
    0x08003b04   0x08003b04   0x000001ac   Code   RO         6123    i.PID_calc          pid.o
    0x08003cb0   0x08003cb0   0x00000060   Code   RO         6125    i.PID_init          pid.o
    0x08003d10   0x08003d10   0x00000060   Code   RO         6346    i.RC_init           bsp_rc.o
    0x08003d70   0x08003d70   0x00000054   Code   RO         5739    i.Referee_Data_Process  referee.o
    0x08003dc4   0x08003dc4   0x000000a4   Code   RO         5740    i.Referee_Data_Receive  referee.o
    0x08003e68   0x08003e68   0x0000001c   Code   RO         5741    i.Referee_Sys_Init  referee.o
    0x08003e84   0x08003e84   0x00000058   Code   RO         2231    i.SPI_EndRxTxTransaction  stm32f4xx_hal_spi.o
    0x08003edc   0x08003edc   0x000000b8   Code   RO         2236    i.SPI_WaitFlagStateUntilTimeout  stm32f4xx_hal_spi.o
    0x08003f94   0x08003f94   0x00000014   Code   RO          292    i.ShootTimer_Callback  freertos.o
    0x08003fa8   0x08003fa8   0x0000002c   Code   RO         5226    i.SysTick_Handler   port.o
    0x08003fd4   0x08003fd4   0x00000094   Code   RO           15    i.SystemClock_Config  main.o
    0x08004068   0x08004068   0x00000054   Code   RO         3835    i.SystemInit        system_stm32f4xx.o
    0x080040bc   0x080040bc   0x0000000c   Code   RO          638    i.TIM6_DAC_IRQHandler  stm32f4xx_it.o
    0x080040c8   0x080040c8   0x000000c8   Code   RO         2599    i.TIM_Base_SetConfig  stm32f4xx_hal_tim.o
    0x08004190   0x08004190   0x0000001a   Code   RO         2600    i.TIM_CCxChannelCmd  stm32f4xx_hal_tim.o
    0x080041aa   0x080041aa   0x00000014   Code   RO         2610    i.TIM_ETR_SetConfig  stm32f4xx_hal_tim.o
    0x080041be   0x080041be   0x00000010   Code   RO         2611    i.TIM_ITRx_SetConfig  stm32f4xx_hal_tim.o
    0x080041ce   0x080041ce   0x00000002   PAD
    0x080041d0   0x080041d0   0x00000060   Code   RO         2612    i.TIM_OC1_SetConfig  stm32f4xx_hal_tim.o
    0x08004230   0x08004230   0x0000006c   Code   RO         2613    i.TIM_OC2_SetConfig  stm32f4xx_hal_tim.o
    0x0800429c   0x0800429c   0x00000068   Code   RO         2614    i.TIM_OC3_SetConfig  stm32f4xx_hal_tim.o
    0x08004304   0x08004304   0x00000050   Code   RO         2615    i.TIM_OC4_SetConfig  stm32f4xx_hal_tim.o
    0x08004354   0x08004354   0x00000022   Code   RO         2617    i.TIM_TI1_ConfigInputStage  stm32f4xx_hal_tim.o
    0x08004376   0x08004376   0x00000024   Code   RO         2619    i.TIM_TI2_ConfigInputStage  stm32f4xx_hal_tim.o
    0x0800439a   0x0800439a   0x00000010   Code   RO         3519    i.UART_DMAAbortOnError  stm32f4xx_hal_uart.o
    0x080043aa   0x080043aa   0x0000004e   Code   RO         3529    i.UART_EndRxTransfer  stm32f4xx_hal_uart.o
    0x080043f8   0x080043f8   0x000000c0   Code   RO         3531    i.UART_Receive_IT   stm32f4xx_hal_uart.o
    0x080044b8   0x080044b8   0x0000010c   Code   RO         3532    i.UART_SetConfig    stm32f4xx_hal_uart.o
    0x080045c4   0x080045c4   0x00000078   Code   RO         3535    i.UART_WaitOnFlagUntilTimeout  stm32f4xx_hal_uart.o
    0x0800463c   0x0800463c   0x0000000c   Code   RO          639    i.USART1_IRQHandler  stm32f4xx_it.o
    0x08004648   0x08004648   0x000000bc   Code   RO         6041    i.USART3_IRQHandler  remote_control.o
    0x08004704   0x08004704   0x00000090   Code   RO         5743    i.USART6_IRQHandler  referee.o
    0x08004794   0x08004794   0x00000002   Code   RO          640    i.UsageFault_Handler  stm32f4xx_it.o
    0x08004796   0x08004796   0x00000026   Code   RO         6601    i.Verify_CRC8_Check_Sum  crc8_crc16.o
    0x080047bc   0x080047bc   0x00000018   Code   RO         5991    i.VofaInit          vofa_task.o
    0x080047d4   0x080047d4   0x00000018   Code   RO         5992    i.Vofa_Send         vofa_task.o
    0x080047ec   0x080047ec   0x00000030   Code   RO         7721    i.__ARM_fpclassify  m_wm.l(fpclassify.o)
    0x0800481c   0x0800481c   0x00000026   Code   RO         7723    i.__ARM_fpclassifyf  m_wm.l(fpclassifyf.o)
    0x08004842   0x08004842   0x00000020   Code   RO         1807    i.__NVIC_SetPriority  stm32f4xx_hal_cortex.o
    0x08004862   0x08004862   0x00000002   PAD
    0x08004864   0x08004864   0x0000012c   Code   RO         7454    i.__hardfp_asinf    m_wm.l(asinf.o)
    0x08004990   0x08004990   0x000002d8   Code   RO         7684    i.__hardfp_atan     m_wm.l(atan.o)
    0x08004c68   0x08004c68   0x000001f0   Code   RO         7466    i.__hardfp_atan2    m_wm.l(atan2.o)
    0x08004e58   0x08004e58   0x00000250   Code   RO         7478    i.__hardfp_atan2f   m_wm.l(atan2f.o)
    0x080050a8   0x080050a8   0x000000c8   Code   RO         7490    i.__hardfp_cos      m_wm.l(cos.o)
    0x08005170   0x08005170   0x00000c50   Code   RO         7502    i.__hardfp_pow      m_wm.l(pow.o)
    0x08005dc0   0x08005dc0   0x000000c8   Code   RO         7516    i.__hardfp_sin      m_wm.l(sin.o)
    0x08005e88   0x08005e88   0x0000007a   Code   RO         7540    i.__hardfp_sqrt     m_wm.l(sqrt_full.o)
    0x08005f02   0x08005f02   0x00000006   PAD
    0x08005f08   0x08005f08   0x00000438   Code   RO         7742    i.__ieee754_rem_pio2  m_wm.l(rred.o)
    0x08006340   0x08006340   0x00000170   Code   RO         7698    i.__kernel_cos      m_wm.l(cos_i.o)
    0x080064b0   0x080064b0   0x000000f8   Code   RO         7739    i.__kernel_poly     m_wm.l(poly.o)
    0x080065a8   0x080065a8   0x00000130   Code   RO         7750    i.__kernel_sin      m_wm.l(sin_i.o)
    0x080066d8   0x080066d8   0x00000030   Code   RO         7701    i.__mathlib_dbl_divzero  m_wm.l(dunder.o)
    0x08006708   0x08006708   0x00000014   Code   RO         7702    i.__mathlib_dbl_infnan  m_wm.l(dunder.o)
    0x0800671c   0x0800671c   0x00000014   Code   RO         7703    i.__mathlib_dbl_infnan2  m_wm.l(dunder.o)
    0x08006730   0x08006730   0x00000020   Code   RO         7704    i.__mathlib_dbl_invalid  m_wm.l(dunder.o)
    0x08006750   0x08006750   0x00000020   Code   RO         7705    i.__mathlib_dbl_overflow  m_wm.l(dunder.o)
    0x08006770   0x08006770   0x00000020   Code   RO         7707    i.__mathlib_dbl_underflow  m_wm.l(dunder.o)
    0x08006790   0x08006790   0x00000006   Code   RO         7726    i.__mathlib_flt_infnan  m_wm.l(funder.o)
    0x08006796   0x08006796   0x00000006   Code   RO         7727    i.__mathlib_flt_infnan2  m_wm.l(funder.o)
    0x0800679c   0x0800679c   0x00000010   Code   RO         7728    i.__mathlib_flt_invalid  m_wm.l(funder.o)
    0x080067ac   0x080067ac   0x00000010   Code   RO         7731    i.__mathlib_flt_underflow  m_wm.l(funder.o)
    0x080067bc   0x080067bc   0x00000010   Code   RO         7686    i.atan              m_wm.l(atan.o)
    0x080067cc   0x080067cc   0x00000110   Code   RO         6459    i.bmi088_accel_init  bmi088driver.o
    0x080068dc   0x080068dc   0x000000dc   Code   RO         6460    i.bmi088_gyro_init  bmi088driver.o
    0x080069b8   0x080069b8   0x00000010   Code   RO         6266    i.buzzer_off        bsp_buzzer.o
    0x080069c8   0x080069c8   0x00000010   Code   RO         6267    i.buzzer_on         bsp_buzzer.o
    0x080069d8   0x080069d8   0x00000058   Code   RO         6182    i.canfilter_init_start  can_receive.o
    0x08006a30   0x08006a30   0x0000006c   Code   RO         5305    i.chassis_behaviour_control_set  chassis_behaviour.o
    0x08006a9c   0x08006a9c   0x00000074   Code   RO         5306    i.chassis_behaviour_mode_set  chassis_behaviour.o
    0x08006b10   0x08006b10   0x0000009e   Code   RO         5428    i.chassis_control_loop  chassis_task.o
    0x08006bae   0x08006bae   0x00000002   PAD
    0x08006bb0   0x08006bb0   0x00000110   Code   RO         5429    i.chassis_feedback_update  chassis_task.o
    0x08006cc0   0x08006cc0   0x000001a8   Code   RO         5430    i.chassis_init      chassis_task.o
    0x08006e68   0x08006e68   0x00000044   Code   RO         5373    i.chassis_power_feedback  chassis_power_control.o
    0x08006eac   0x08006eac   0x00000010   Code   RO         5374    i.chassis_power_init  chassis_power_control.o
    0x08006ebc   0x08006ebc   0x00000154   Code   RO         5431    i.chassis_rc_to_control_vector  chassis_task.o
    0x08007010   0x08007010   0x00000496   Code   RO         5432    i.chassis_set_contorl  chassis_task.o
    0x080074a6   0x080074a6   0x00000002   PAD
    0x080074a8   0x080074a8   0x000000d0   Code   RO         5433    i.chassis_task      chassis_task.o
    0x08007578   0x08007578   0x000007e8   Code   RO         5434    i.chassis_vector_to_agv_calculate  chassis_task.o
    0x08007d60   0x08007d60   0x00000014   Code   RO         5508    i.communicate_task  communicate_task.o
    0x08007d74   0x08007d74   0x00000050   Code   RO         5585    i.detect_hook       detect_task.o
    0x08007dc4   0x08007dc4   0x00000078   Code   RO         5586    i.detect_init       detect_task.o
    0x08007e3c   0x08007e3c   0x000000f0   Code   RO         5587    i.detect_task       detect_task.o
    0x08007f2c   0x08007f2c   0x00000010   Code   RO         5509    i.dispose_gimbal_mode  communicate_task.o
    0x08007f3c   0x08007f3c   0x00000018   Code   RO         7717    i.fabs              m_wm.l(fabs.o)
    0x08007f54   0x08007f54   0x0000004e   Code   RO         7085    i.first_order_filter_cali  user_lib.o
    0x08007fa2   0x08007fa2   0x00000012   Code   RO         7086    i.first_order_filter_init  user_lib.o
    0x08007fb4   0x08007fb4   0x00000020   Code   RO         7087    i.fp32_constrain    user_lib.o
    0x08007fd4   0x08007fd4   0x00000008   Code   RO         5668    i.get_INS_data_point  ins_task.o
    0x08007fdc   0x08007fdc   0x000000b0   Code   RO         5669    i.get_angle         ins_task.o
    0x0800808c   0x0800808c   0x00000008   Code   RO         5435    i.get_chassis_Debug  chassis_task.o
    0x08008094   0x08008094   0x00000014   Code   RO         6183    i.get_chassis_course_motor_measure_point  can_receive.o
    0x080080a8   0x080080a8   0x00000014   Code   RO         6184    i.get_chassis_drive_motor_measure_point  can_receive.o
    0x080080bc   0x080080bc   0x00000008   Code   RO         5375    i.get_chassis_power  chassis_power_control.o
    0x080080c4   0x080080c4   0x00000020   Code   RO         5744    i.get_chassis_power_and_buffer  referee.o
    0x080080e4   0x080080e4   0x00000078   Code   RO         5510    i.get_gimbal_data   communicate_task.o
    0x0800815c   0x0800815c   0x00000008   Code   RO         5511    i.get_gimbal_data_point  communicate_task.o
    0x08008164   0x08008164   0x00000008   Code   RO         5512    i.get_gimbal_rc_data_point  communicate_task.o
    0x0800816c   0x0800816c   0x00000008   Code   RO         6185    i.get_gimbal_trigger_motor_measure_point  can_receive.o
    0x08008174   0x08008174   0x00000008   Code   RO         5745    i.get_referee_data_point  referee.o
    0x0800817c   0x0800817c   0x00000008   Code   RO         6042    i.get_remote_control_point  remote_control.o
    0x08008184   0x08008184   0x000000b0   Code   RO         5670    i.imu_offset_accquier  ins_task.o
    0x08008234   0x08008234   0x00000032   Code   RO         5671    i.imu_offset_remove  ins_task.o
    0x08008266   0x08008266   0x00000002   PAD
    0x08008268   0x08008268   0x0000002c   Code   RO         7050    i.invSqrt           mahonyahrs.o
    0x08008294   0x08008294   0x00000048   Code   RO         7091    i.loop_fp32_constrain  user_lib.o
    0x080082dc   0x080082dc   0x0000004a   Code   RO           16    i.main              main.o
    0x08008326   0x08008326   0x0000000c   Code   RO         4803    i.makeFreeRtosPriority  cmsis_os.o
    0x08008332   0x08008332   0x0000000e   Code   RO         4805    i.osDelay           cmsis_os.o
    0x08008340   0x08008340   0x0000000a   Code   RO         4808    i.osKernelStart     cmsis_os.o
    0x0800834a   0x0800834a   0x00000054   Code   RO         4842    i.osThreadCreate    cmsis_os.o
    0x0800839e   0x0800839e   0x00000002   PAD
    0x080083a0   0x080083a0   0x00000040   Code   RO         4853    i.osTimerCreate     cmsis_os.o
    0x080083e0   0x080083e0   0x00000070   Code   RO         4343    i.prvAddCurrentTaskToDelayedList  tasks.o
    0x08008450   0x08008450   0x000000d0   Code   RO         4344    i.prvAddNewTaskToReadyList  tasks.o
    0x08008520   0x08008520   0x00000058   Code   RO         4657    i.prvCheckForValidListAndQueue  timers.o
    0x08008578   0x08008578   0x00000026   Code   RO         4013    i.prvCopyDataFromQueue  queue.o
    0x0800859e   0x0800859e   0x0000006c   Code   RO         4014    i.prvCopyDataToQueue  queue.o
    0x0800860a   0x0800860a   0x00000034   Code   RO         4345    i.prvDeleteTCB      tasks.o
    0x0800863e   0x0800863e   0x00000002   PAD
    0x08008640   0x08008640   0x0000004c   Code   RO         5170    i.prvHeapInit       heap_4.o
    0x0800868c   0x0800868c   0x00000060   Code   RO         4346    i.prvIdleTask       tasks.o
    0x080086ec   0x080086ec   0x00000016   Code   RO         4016    i.prvInitialiseNewQueue  queue.o
    0x08008702   0x08008702   0x00000098   Code   RO         4347    i.prvInitialiseNewTask  tasks.o
    0x0800879a   0x0800879a   0x0000004e   Code   RO         4658    i.prvInitialiseNewTimer  timers.o
    0x080087e8   0x080087e8   0x0000004c   Code   RO         5171    i.prvInsertBlockIntoFreeList  heap_4.o
    0x08008834   0x08008834   0x00000038   Code   RO         4659    i.prvInsertTimerInActiveList  timers.o
    0x0800886c   0x0800886c   0x0000001c   Code   RO         4017    i.prvIsQueueEmpty   queue.o
    0x08008888   0x08008888   0x000000f0   Code   RO         4660    i.prvProcessReceivedCommands  timers.o
    0x08008978   0x08008978   0x000000c0   Code   RO         4661    i.prvProcessTimerOrBlockTask  timers.o
    0x08008a38   0x08008a38   0x00000020   Code   RO         4348    i.prvResetNextTaskUnblockTime  tasks.o
    0x08008a58   0x08008a58   0x00000028   Code   RO         4662    i.prvSampleTimeNow  timers.o
    0x08008a80   0x08008a80   0x0000006c   Code   RO         4663    i.prvSwitchTimerLists  timers.o
    0x08008aec   0x08008aec   0x00000028   Code   RO         5227    i.prvTaskExitError  port.o
    0x08008b14   0x08008b14   0x00000024   Code   RO         4664    i.prvTimerTask      timers.o
    0x08008b38   0x08008b38   0x0000006a   Code   RO         4018    i.prvUnlockQueue    queue.o
    0x08008ba2   0x08008ba2   0x00000002   PAD
    0x08008ba4   0x08008ba4   0x000000dc   Code   RO         5172    i.pvPortMalloc      heap_4.o
    0x08008c80   0x08008c80   0x0000002c   Code   RO         5228    i.pxPortInitialiseStack  port.o
    0x08008cac   0x08008cac   0x0000000c   Code   RO         5513    i.rc_is_error       communicate_task.o
    0x08008cb8   0x08008cb8   0x000000e8   Code   RO         6421    i.referee_init      bsp_usart.o
    0x08008da0   0x08008da0   0x00000010   Code   RO         6043    i.remote_control_init  remote_control.o
    0x08008db0   0x08008db0   0x000000b4   Code   RO         6044    i.sbus_to_rc        remote_control.o
    0x08008e64   0x08008e64   0x00000034   Code   RO         5930    i.shoot_trig_motor_mode_set  trig_task.o
    0x08008e98   0x08008e98   0x0000006e   Code   RO         7542    i.sqrt              m_wm.l(sqrt_full.o)
    0x08008f06   0x08008f06   0x0000003e   Code   RO         7548    i.sqrtf             m_wm.l(sqrtf_full.o)
    0x08008f44   0x08008f44   0x00000034   Code   RO         5816    i.test_task         test_task.o
    0x08008f78   0x08008f78   0x00000018   Code   RO         5589    i.toe_is_error      detect_task.o
    0x08008f90   0x08008f90   0x00000084   Code   RO         5932    i.trig_block_detect_single  trig_task.o
    0x08009014   0x08009014   0x00000006   Code   RO         5933    i.trig_detect       trig_task.o
    0x0800901a   0x0800901a   0x00000002   PAD
    0x0800901c   0x0800901c   0x00000020   Code   RO         5934    i.trig_feedback_update  trig_task.o
    0x0800903c   0x0800903c   0x000000f4   Code   RO         5935    i.trig_task         trig_task.o
    0x08009130   0x08009130   0x00000026   Code   RO         3973    i.uxListRemove      list.o
    0x08009156   0x08009156   0x00000002   PAD
    0x08009158   0x08009158   0x00000014   Code   RO          298    i.vApplicationGetIdleTaskMemory  freertos.o
    0x0800916c   0x0800916c   0x00000018   Code   RO          299    i.vApplicationGetTimerTaskMemory  freertos.o
    0x08009184   0x08009184   0x00000016   Code   RO         3974    i.vListInitialise   list.o
    0x0800919a   0x0800919a   0x00000006   Code   RO         3975    i.vListInitialiseItem  list.o
    0x080091a0   0x080091a0   0x00000030   Code   RO         3976    i.vListInsert       list.o
    0x080091d0   0x080091d0   0x00000018   Code   RO         3977    i.vListInsertEnd    list.o
    0x080091e8   0x080091e8   0x00000040   Code   RO         5230    i.vPortEnterCritical  port.o
    0x08009228   0x08009228   0x00000028   Code   RO         5231    i.vPortExitCritical  port.o
    0x08009250   0x08009250   0x00000064   Code   RO         5173    i.vPortFree         heap_4.o
    0x080092b4   0x080092b4   0x00000024   Code   RO         5232    i.vPortSetupTimerInterrupt  port.o
    0x080092d8   0x080092d8   0x00000054   Code   RO         5233    i.vPortValidateInterruptPriority  port.o
    0x0800932c   0x0800932c   0x00000028   Code   RO         4022    i.vQueueAddToRegistry  queue.o
    0x08009354   0x08009354   0x00000044   Code   RO         4025    i.vQueueWaitForMessageRestricted  queue.o
    0x08009398   0x08009398   0x0000004c   Code   RO         4357    i.vTaskDelay        tasks.o
    0x080093e4   0x080093e4   0x000000ac   Code   RO         4358    i.vTaskDelete       tasks.o
    0x08009490   0x08009490   0x00000010   Code   RO         4360    i.vTaskInternalSetTimeOutState  tasks.o
    0x080094a0   0x080094a0   0x0000000c   Code   RO         4361    i.vTaskMissedYield  tasks.o
    0x080094ac   0x080094ac   0x00000030   Code   RO         4363    i.vTaskPlaceOnEventList  tasks.o
    0x080094dc   0x080094dc   0x00000038   Code   RO         4364    i.vTaskPlaceOnEventListRestricted  tasks.o
    0x08009514   0x08009514   0x00000088   Code   RO         4371    i.vTaskStartScheduler  tasks.o
    0x0800959c   0x0800959c   0x00000010   Code   RO         4373    i.vTaskSuspendAll   tasks.o
    0x080095ac   0x080095ac   0x0000005c   Code   RO         4374    i.vTaskSwitchContext  tasks.o
    0x08009608   0x08009608   0x00000040   Code   RO         5993    i.vofa_justfloat    vofa_task.o
    0x08009648   0x08009648   0x00000040   Code   RO         5994    i.vofa_task         vofa_task.o
    0x08009688   0x08009688   0x000000f4   Code   RO         5234    i.xPortStartScheduler  port.o
    0x0800977c   0x0800977c   0x00000066   Code   RO         4029    i.xQueueGenericCreateStatic  queue.o
    0x080097e2   0x080097e2   0x00000002   PAD
    0x080097e4   0x080097e4   0x00000088   Code   RO         4030    i.xQueueGenericReset  queue.o
    0x0800986c   0x0800986c   0x00000160   Code   RO         4031    i.xQueueGenericSend  queue.o
    0x080099cc   0x080099cc   0x000000be   Code   RO         4032    i.xQueueGenericSendFromISR  queue.o
    0x08009a8a   0x08009a8a   0x00000002   PAD
    0x08009a8c   0x08009a8c   0x00000138   Code   RO         4038    i.xQueueReceive     queue.o
    0x08009bc4   0x08009bc4   0x00000074   Code   RO         4376    i.xTaskCheckForTimeOut  tasks.o
    0x08009c38   0x08009c38   0x0000005a   Code   RO         4377    i.xTaskCreate       tasks.o
    0x08009c92   0x08009c92   0x00000056   Code   RO         4378    i.xTaskCreateStatic  tasks.o
    0x08009ce8   0x08009ce8   0x0000001c   Code   RO         4382    i.xTaskGetSchedulerState  tasks.o
    0x08009d04   0x08009d04   0x0000000c   Code   RO         4383    i.xTaskGetTickCount  tasks.o
    0x08009d10   0x08009d10   0x000000cc   Code   RO         4385    i.xTaskIncrementTick  tasks.o
    0x08009ddc   0x08009ddc   0x00000098   Code   RO         4388    i.xTaskPriorityDisinherit  tasks.o
    0x08009e74   0x08009e74   0x00000074   Code   RO         4390    i.xTaskRemoveFromEventList  tasks.o
    0x08009ee8   0x08009ee8   0x000000c4   Code   RO         4391    i.xTaskResumeAll    tasks.o
    0x08009fac   0x08009fac   0x00000034   Code   RO         4669    i.xTimerCreate      timers.o
    0x08009fe0   0x08009fe0   0x0000002e   Code   RO         4670    i.xTimerCreateStatic  timers.o
    0x0800a00e   0x0800a00e   0x00000002   PAD
    0x0800a010   0x0800a010   0x00000060   Code   RO         4671    i.xTimerCreateTimerTask  timers.o
    0x0800a070   0x0800a070   0x00000060   Code   RO         4672    i.xTimerGenericCommand  timers.o
    0x0800a0d0   0x0800a0d0   0x00000018   Code   RO         7649    x$fpl$basic         g_wm.l(basic.o)
    0x0800a0e8   0x0800a0e8   0x000002c4   Code   RO         7426    x$fpl$d2f           g_wm.l(d2f_clz.o)
    0x0800a3ac   0x0800a3ac   0x0000024c   Code   RO         7428    x$fpl$dadd          g_wm.l(daddsub_clz.o)
    0x0800a5f8   0x0800a5f8   0x0000001c   Code   RO         7802    x$fpl$dcheck1       g_wm.l(dcheck1.o)
    0x0800a614   0x0800a614   0x00000018   Code   RO         7804    x$fpl$dcmpinf       g_wm.l(dcmpi.o)
    0x0800a62c   0x0800a62c   0x0000037c   Code   RO         7435    x$fpl$ddiv          g_wm.l(ddiv_clz.o)
    0x0800a9a8   0x0800a9a8   0x000000c8   Code   RO         7806    x$fpl$dfix          g_wm.l(dfix.o)
    0x0800aa70   0x0800aa70   0x0000002e   Code   RO         7652    x$fpl$dflt          g_wm.l(dflt_clz.o)
    0x0800aa9e   0x0800aa9e   0x0000001a   Code   RO         7653    x$fpl$dfltn         g_wm.l(dflt_clz.o)
    0x0800aab8   0x0800aab8   0x00000026   Code   RO         7651    x$fpl$dfltu         g_wm.l(dflt_clz.o)
    0x0800aade   0x0800aade   0x00000002   PAD
    0x0800aae0   0x0800aae0   0x00000078   Code   RO         7657    x$fpl$dleqf         g_wm.l(dleqf.o)
    0x0800ab58   0x0800ab58   0x000001c0   Code   RO         7438    x$fpl$dmul          g_wm.l(dmul_clz.o)
    0x0800ad18   0x0800ad18   0x00000102   Code   RO         7659    x$fpl$dnaninf       g_wm.l(dnaninf.o)
    0x0800ae1a   0x0800ae1a   0x00000070   Code   RO         7661    x$fpl$drenorm       g_wm.l(drenorm_clz.o)
    0x0800ae8a   0x0800ae8a   0x0000000c   Code   RO         7663    x$fpl$dretinf       g_wm.l(dretinf.o)
    0x0800ae96   0x0800ae96   0x00000062   Code   RO         7665    x$fpl$drleqf        g_wm.l(drleqf.o)
    0x0800aef8   0x0800aef8   0x00000050   Code   RO         7429    x$fpl$drsb          g_wm.l(daddsub_clz.o)
    0x0800af48   0x0800af48   0x00000208   Code   RO         7667    x$fpl$dsqrt         g_wm.l(dsqrt_umaalclz.o)
    0x0800b150   0x0800b150   0x0000029c   Code   RO         7430    x$fpl$dsub          g_wm.l(daddsub_clz.o)
    0x0800b3ec   0x0800b3ec   0x0000017a   Code   RO         7669    x$fpl$dunder        g_wm.l(dunder_clz.o)
    0x0800b566   0x0800b566   0x00000002   PAD
    0x0800b568   0x0800b568   0x000001ec   Code   RO         7671    x$fpl$exception     g_wm.l(except.o)
    0x0800b754   0x0800b754   0x0000007a   Code   RO         7440    x$fpl$f2d           g_wm.l(f2d.o)
    0x0800b7ce   0x0800b7ce   0x000000f2   Code   RO         7673    x$fpl$fnaninf       g_wm.l(fnaninf.o)
    0x0800b8c0   0x0800b8c0   0x0000000a   Code   RO         7810    x$fpl$fpinit        g_wm.l(fpinit.o)
    0x0800b8ca   0x0800b8ca   0x0000000a   Code   RO         7675    x$fpl$fretinf       g_wm.l(fretinf.o)
    0x0800b8d4   0x0800b8d4   0x0000013c   Code   RO         7677    x$fpl$funder        g_wm.l(funder_clz.o)
    0x0800ba10   0x0800ba10   0x000000b2   Code   RO         7812    x$fpl$retnan        g_wm.l(retnan.o)
    0x0800bac2   0x0800bac2   0x00000002   PAD
    0x0800bac4   0x0800bac4   0x00000114   Code   RO         7679    x$fpl$scalbn        g_wm.l(scalbn_clz.o)
    0x0800bbd8   0x0800bbd8   0x0000007e   Code   RO         7681    x$fpl$trapveneer    g_wm.l(trapv.o)
    0x0800bc56   0x0800bc56   0x00000000   Code   RO         7683    x$fpl$usenofp       g_wm.l(usenofp.o)
    0x0800bc56   0x0800bc56   0x00000002   PAD
    0x0800bc58   0x0800bc58   0x000000cc   Data   RO          302    .constdata          freertos.o
    0x0800bd24   0x0800bd24   0x00000008   Data   RO         1524    .constdata          stm32f4xx_hal_dma.o
    0x0800bd2c   0x0800bd2c   0x00000010   Data   RO         3836    .constdata          system_stm32f4xx.o
    0x0800bd3c   0x0800bd3c   0x00000008   Data   RO         3837    .constdata          system_stm32f4xx.o
    0x0800bd44   0x0800bd44   0x0000000c   Data   RO         5437    .constdata          chassis_task.o
    0x0800bd50   0x0800bd50   0x00000042   Data   RO         5591    .constdata          detect_task.o
    0x0800bd92   0x0800bd92   0x00000002   PAD
    0x0800bd94   0x0800bd94   0x0000000c   Data   RO         5674    .constdata          ins_task.o
    0x0800bda0   0x0800bda0   0x00000024   Data   RO         5937    .constdata          trig_task.o
    0x0800bdc4   0x0800bdc4   0x00000300   Data   RO         6603    .constdata          crc8_crc16.o
    0x0800c0c4   0x0800c0c4   0x00000004   PAD
    0x0800c0c8   0x0800c0c8   0x00000088   Data   RO         7505    .constdata          m_wm.l(pow.o)
    0x0800c150   0x0800c150   0x00000098   Data   RO         7687    .constdata          m_wm.l(atan.o)
    0x0800c1e8   0x0800c1e8   0x00000030   Data   RO         7699    .constdata          m_wm.l(cos_i.o)
    0x0800c218   0x0800c218   0x00000008   Data   RO         7741    .constdata          m_wm.l(qnan.o)
    0x0800c220   0x0800c220   0x000000c8   Data   RO         7744    .constdata          m_wm.l(rred.o)
    0x0800c2e8   0x0800c2e8   0x00000028   Data   RO         7751    .constdata          m_wm.l(sin_i.o)
    0x0800c310   0x0800c310   0x0000005c   Data   RO          303    .conststring        freertos.o
    0x0800c36c   0x0800c36c   0x00000020   Data   RO         7901    Region$$Table       anon$$obj.o


    Execution Region RW_IRAM1 (Exec base: 0x20000000, Load base: 0x0800c38c, Size: 0x00006460, Max: 0x0001c000, ABSOLUTE, COMPRESSED[0x000000b0])

    Exec Addr    Load Addr    Size         Type   Attr      Idx    E Section Name        Object

    0x20000000   COMPRESSED   0x00000020   Data   RW          305    .data               freertos.o
    0x20000020   COMPRESSED   0x00000004   Data   RW          405    .data               can.o
    0x20000024   COMPRESSED   0x0000000c   Data   RW         1951    .data               stm32f4xx_hal.o
    0x20000030   COMPRESSED   0x00000004   Data   RW         3838    .data               system_stm32f4xx.o
    0x20000034   COMPRESSED   0x0000003c   Data   RW         4394    .data               tasks.o
    0x20000070   COMPRESSED   0x00000014   Data   RW         4678    .data               timers.o
    0x20000084   COMPRESSED   0x00000020   Data   RW         5179    .data               heap_4.o
    0x200000a4   COMPRESSED   0x0000000c   Data   RW         5235    .data               port.o
    0x200000b0   COMPRESSED   0x00000001   Data   RW         5307    .data               chassis_behaviour.o
    0x200000b1   COMPRESSED   0x00000003   PAD
    0x200000b4   COMPRESSED   0x00000124   Data   RW         5438    .data               chassis_task.o
    0x200001d8   COMPRESSED   0x00000008   Data   RW         5592    .data               detect_task.o
    0x200001e0   COMPRESSED   0x00000006   Data   RW         5817    .data               test_task.o
    0x200001e6   COMPRESSED   0x00000002   PAD
    0x200001e8   COMPRESSED   0x00000008   Data   RW         5938    .data               trig_task.o
    0x200001f0   COMPRESSED   0x00000008   Data   RW         5997    .data               vofa_task.o
    0x200001f8   COMPRESSED   0x00000002   Data   RW         6048    .data               remote_control.o
    0x200001fa   COMPRESSED   0x00000020   Data   RW         6187    .data               can_receive.o
    0x2000021a   COMPRESSED   0x00000002   PAD
    0x2000021c   COMPRESSED   0x0000002c   Data   RW         6461    .data               bmi088driver.o
    0x20000248   COMPRESSED   0x00000014   Data   RW         7051    .data               mahonyahrs.o
    0x2000025c        -       0x000006a8   Zero   RW          301    .bss                freertos.o
    0x20000904        -       0x00000050   Zero   RW          404    .bss                can.o
    0x20000954        -       0x00000118   Zero   RW          476    .bss                spi.o
    0x20000a6c        -       0x00000090   Zero   RW          520    .bss                tim.o
    0x20000afc        -       0x000001ec   Zero   RW          574    .bss                usart.o
    0x20000ce8        -       0x00000048   Zero   RW          780    .bss                stm32f4xx_hal_timebase_tim.o
    0x20000d30        -       0x00000040   Zero   RW         4041    .bss                queue.o
    0x20000d70        -       0x000000f0   Zero   RW         4393    .bss                tasks.o
    0x20000e60        -       0x000000e8   Zero   RW         4677    .bss                timers.o
    0x20000f48        -       0x00003c00   Zero   RW         5178    .bss                heap_4.o
    0x20004b48        -       0x00000094   Zero   RW         5376    .bss                chassis_power_control.o
    0x20004bdc   COMPRESSED   0x00000004   PAD
    0x20004be0        -       0x00000820   Zero   RW         5436    .bss                chassis_task.o
    0x20005400        -       0x0000001c   Zero   RW         5514    .bss                communicate_task.o
    0x2000541c        -       0x000001b0   Zero   RW         5590    .bss                detect_task.o
    0x200055cc   COMPRESSED   0x00000004   PAD
    0x200055d0        -       0x000000c4   Zero   RW         5672    .bss                ins_task.o
    0x20005694        -       0x000004fb   Zero   RW         5747    .bss                referee.o
    0x20005b8f   COMPRESSED   0x00000001   PAD
    0x20005b90        -       0x00000190   Zero   RW         5936    .bss                trig_task.o
    0x20005d20        -       0x00000018   Zero   RW         5995    .bss                vofa_task.o
    0x20005d38        -       0x0000005e   Zero   RW         6047    .bss                remote_control.o
    0x20005d96        -       0x00000064   Zero   RW         6186    .bss                can_receive.o
    0x20005dfa   COMPRESSED   0x00000002   PAD
    0x20005dfc        -       0x00000060   Zero   RW         7759    .bss                c_w.l(libspace.o)
    0x20005e5c   COMPRESSED   0x00000004   PAD
    0x20005e60        -       0x00000200   Zero   RW            2    HEAP                startup_stm32f407xx.o
    0x20006060        -       0x00000400   Zero   RW            1    STACK               startup_stm32f407xx.o


    Execution Region RW_IRAM2 (Exec base: 0x2001c000, Load base: 0x0800c43c, Size: 0x00000000, Max: 0x00004000, ABSOLUTE)

    **** No section assigned to this execution region ****


==============================================================================

Image component sizes


      Code (inc. data)   RO Data    RW Data    ZI Data      Debug   Object Name

       936         16          0         44          0       6470   bmi088driver.o
       170         28          0          0          0       4804   bmi088middleware.o
        56         14          0          0          0       1471   bsp_buzzer.o
        96         12          0          0          0       1006   bsp_rc.o
       232         24          0          0          0       1242   bsp_usart.o
       432         42          0          4         80       2474   can.o
       808         82          0         32        100       7382   can_receive.o
       224         22          0          1          0      15573   chassis_behaviour.o
        92         18          0          0        148      11591   chassis_power_control.o
      4652        206         12        292       2080      15179   chassis_task.o
       184          4          0          0          0      24033   cmsis_os.o
       184         28          0          0         28       4614   communicate_task.o
        66          4        768          0          0       2330   crc8_crc16.o
       464         34         66          8        432       4756   detect_task.o
       124          4          0          0          0        830   dma.o
         0          0          0          0          0      19936   event_groups.o
       268         26        296         32       1704       4008   freertos.o
       192         12          0          0          0       5511   gpio.o
       472         24          0         32      15360       4827   heap_4.o
       654         38         12          0        196       4742   ins_task.o
       138          0          0          0          0       3510   list.o
       528         22          0         20          0       2026   mahonyahrs.o
       246         14          0          0          0     746436   main.o
       768         34          0          0          0       4945   pid.o
       786         82          0         12          0      11777   port.o
      1502         20          0          0         64      17208   queue.o
       460         48          0          0       1275      11856   referee.o
       392         34          0          2         94       6740   remote_control.o
       324         32          0          0        280       1891   spi.o
        64         26        392          0       1536        836   startup_stm32f407xx.o
        80         14          0         12          0       8042   stm32f4xx_hal.o
      1638          6          0          0          0      14143   stm32f4xx_hal_can.o
       158         14          0          0          0      33130   stm32f4xx_hal_cortex.o
       934         16          8          0          0       5575   stm32f4xx_hal_dma.o
       506         46          0          0          0       2176   stm32f4xx_hal_gpio.o
        56          4          0          0          0        854   stm32f4xx_hal_msp.o
      1412         86          0          0          0       5857   stm32f4xx_hal_rcc.o
       942         12          0          0          0       4881   stm32f4xx_hal_spi.o
      2140        166          0          0          0      17463   stm32f4xx_hal_tim.o
       148         28          0          0          0       2433   stm32f4xx_hal_tim_ex.o
       152         20          0          0         72       1463   stm32f4xx_hal_timebase_tim.o
      1574         16          0          0          0      10408   stm32f4xx_hal_uart.o
       156         72          0          0          0       8378   stm32f4xx_it.o
         0          0          0          0          0        392   stream_buffer.o
        84         18         24          4          0       1163   system_stm32f4xx.o
      2276        174          0         60        240      27434   tasks.o
        52          4          0          6          0     582719   test_task.o
       404         44          0          0        144       3045   tim.o
      1128         80          0         20        232      32891   timers.o
       466         34         36          8        400       5964   trig_task.o
       660         76          0          0        492       3421   usart.o
       246          0          0          0          0       4932   user_lib.o
       176         22          0          8         24       3370   vofa_task.o

    ----------------------------------------------------------------------
     30958       1902       1652        604      24992    1730138   Object Totals
         0          0         32          0          0          0   (incl. Generated)
        56          0          6          7         11          0   (incl. Padding)

    ----------------------------------------------------------------------

      Code (inc. data)   RO Data    RW Data    ZI Data      Debug   Library Member Name

        90          0          0          0          0          0   __dczerorl2.o
         8          0          0          0          0         68   __main.o
         0          0          0          0          0          0   __rtentry.o
        12          0          0          0          0          0   __rtentry2.o
         6          0          0          0          0          0   __rtentry4.o
        52          8          0          0          0          0   __scatter.o
        28          0          0          0          0          0   __scatter_zi.o
        48          4          0          0          0         84   _fptrap.o
        22          0          0          0          0        100   _rserrno.o
        10          0          0          0          0         68   defsig_exit.o
       172        110          0          0          0         76   defsig_fpe_inner.o
        14          0          0          0          0         80   defsig_fpe_outer.o
        50          0          0          0          0         88   defsig_general.o
        18          0          0          0          0         80   exit.o
         6          0          0          0          0        152   heapauxi.o
         0          0          0          0          0          0   indicate_semi.o
         2          0          0          0          0          0   libinit.o
         6          0          0          0          0          0   libinit2.o
         2          0          0          0          0          0   libshutdown.o
         2          0          0          0          0          0   libshutdown2.o
         8          4          0          0         96         68   libspace.o
       238          0          0          0          0        100   lludivv7m.o
         8          4          0          0          0         68   rt_errno_addr_intlibspace.o
        78          0          0          0          0         80   rt_memclr_w.o
       138          0          0          0          0         68   rt_memcpy_v6.o
       100          0          0          0          0         80   rt_memcpy_w.o
       132          0          0          0          0         68   rt_memmove_v6.o
       122          0          0          0          0         80   rt_memmove_w.o
         2          0          0          0          0          0   rtexit.o
        10          0          0          0          0          0   rtexit2.o
        12          4          0          0          0         68   sys_exit.o
        74          0          0          0          0         80   sys_stackheap_outer.o
        14          0          0          0          0         76   sys_wrch.o
         2          0          0          0          0         68   use_no_semi.o
        24          0          0          0          0        164   basic.o
       708         16          0          0          0        140   d2f_clz.o
      1336         32          0          0          0        532   daddsub_clz.o
        28          0          0          0          0        116   dcheck1.o
        24          0          0          0          0        116   dcmpi.o
       892        152          0          0          0        292   ddiv_clz.o
       200         16          0          0          0        184   dfix.o
       110          0          0          0          0        348   dflt_clz.o
       120          8          0          0          0        140   dleqf.o
       448         16          0          0          0        164   dmul_clz.o
       258          4          0          0          0        156   dnaninf.o
       112          0          0          0          0        160   drenorm_clz.o
        12          0          0          0          0        116   dretinf.o
        98          0          0          0          0        128   drleqf.o
       520         56          0          0          0        180   dsqrt_umaalclz.o
       378          0          0          0          0        168   dunder_clz.o
       492         36          0          0          0        148   except.o
       122          8          0          0          0        132   f2d.o
       242          4          0          0          0        144   fnaninf.o
        10          0          0          0          0        116   fpinit.o
        10          0          0          0          0        116   fretinf.o
       316          0          0          0          0        132   funder_clz.o
       178          0          0          0          0        116   retnan.o
       276          4          0          0          0        124   scalbn_clz.o
       126          0          0          0          0        148   trapv.o
         0          0          0          0          0          0   usenofp.o
       300         42          0          0          0        176   asinf.o
       744        106        152          0          0        352   atan.o
       496         64          0          0          0        192   atan2.o
       592         90          0          0          0        184   atan2f.o
       200         20          0          0          0        164   cos.o
       368         46         48          0          0        200   cos_i.o
       184         44          0          0          0        744   dunder.o
        24          0          0          0          0        124   fabs.o
        48          0          0          0          0        124   fpclassify.o
        38          0          0          0          0        116   fpclassifyf.o
        44         12          0          0          0        464   funder.o
       248          0          0          0          0        152   poly.o
      3152        296        136          0          0        352   pow.o
         0          0          8          0          0          0   qnan.o
      1080        142        200          0          0        188   rred.o
       200         20          0          0          0        164   sin.o
       304         24         40          0          0        208   sin_i.o
       232          0          0          0          0        296   sqrt_full.o
        62          0          0          0          0        136   sqrtf_full.o

    ----------------------------------------------------------------------
     16866       1392        584          0        100      10316   Library Totals
        24          0          0          0          4          0   (incl. Padding)

    ----------------------------------------------------------------------

      Code (inc. data)   RO Data    RW Data    ZI Data      Debug   Library Name

      1486        134          0          0         96       1700   c_w.l
      7040        352          0          0          0       4280   g_wm.l
      8316        906        584          0          0       4336   m_wm.l

    ----------------------------------------------------------------------
     16866       1392        584          0        100      10316   Library Totals

    ----------------------------------------------------------------------

==============================================================================


      Code (inc. data)   RO Data    RW Data    ZI Data      Debug   

     47824       3294       2236        604      25092    1706770   Grand Totals
     47824       3294       2236        176      25092    1706770   ELF Image Totals (compressed)
     47824       3294       2236        176          0          0   ROM Totals

==============================================================================

    Total RO  Size (Code + RO Data)                50060 (  48.89kB)
    Total RW  Size (RW Data + ZI Data)             25696 (  25.09kB)
    Total ROM Size (Code + RO Data + RW Data)      50236 (  49.06kB)

==============================================================================

